 ConEmu.x64

 Timestamp is 5ffcd15a (Mon Jan 11 23:29:46 2021)

 Preferred load address is 0000000180000000

 Start         Length     Name                   Class
 0001:00000000 00000010H .text$di                CODE
 0001:00000010 00030930H .text$mn                CODE
 0001:00030940 00000040H .text$mn$00             CODE
 0001:00030980 000006a0H .text$x                 CODE
 0001:00031020 0000003dH .text$yd                CODE
 0002:00000000 00000660H .idata$5                DATA
 0002:00000660 00000028H .00cfg                  DATA
 0002:00000688 00000008H .CRT$XCA                DATA
 0002:00000690 00000008H .CRT$XCU                DATA
 0002:00000698 00000008H .CRT$XCZ                DATA
 0002:000006a0 00000008H .CRT$XIA                DATA
 0002:000006a8 00000020H .CRT$XIC                DATA
 0002:000006c8 00000008H .CRT$XIZ                DATA
 0002:000006d0 00000008H .CRT$XLA                DATA
 0002:000006d8 00000008H .CRT$XLZ                DATA
 0002:000006e0 00000008H .CRT$XPA                DATA
 0002:000006e8 00000010H .CRT$XPX                DATA
 0002:000006f8 00000008H .CRT$XPXA               DATA
 0002:00000700 00000008H .CRT$XPZ                DATA
 0002:00000708 00000008H .CRT$XTA                DATA
 0002:00000710 00000010H .CRT$XTZ                DATA
 0002:00000718 00000000H .gehcont$y              DATA
 0002:00000718 00000000H .gfids$y                DATA
 0002:00000720 0000c5e0H .rdata                  DATA
 0002:0000cd00 00000000H .rdata$CastGuardVftablesA DATA
 0002:0000cd00 00000000H .rdata$CastGuardVftablesC DATA
 0002:0000cd00 00000028H .rdata$T                DATA
 0002:0000cd28 0000097cH .rdata$r                DATA
 0002:0000d6a4 0000040cH .rdata$zzzdbg           DATA
 0002:0000dab0 00000008H .rtc$IAA                DATA
 0002:0000dab8 00000008H .rtc$IZZ                DATA
 0002:0000dac0 00000008H .rtc$TAA                DATA
 0002:0000dac8 00000008H .rtc$TZZ                DATA
 0002:0000dad0 00000004H .tls                    DATA
 0002:0000dad4 00000004H .tls$                   DATA
 0002:0000dad8 00000008H .tls$ZZZ                DATA
 0002:0000dae0 000025a0H .xdata                  DATA
 0002:00010080 00000260H .xdata$x                DATA
 0002:000102e0 000002e4H .edata                  DATA
 0002:000105c4 00000064H .idata$2                DATA
 0002:00010628 00000018H .idata$3                DATA
 0002:00010640 00000660H .idata$4                DATA
 0002:00010ca0 00000e82H .idata$6                DATA
 0003:00000000 00000ca0H .data                   DATA
 0003:00000ca0 000001d0H .data$r                 DATA
 0003:00000e70 000002c0H .data$rs                DATA
 0003:00001130 0000bc00H .bss                    DATA
 0004:00000000 0000285cH .pdata                  DATA
 0005:00000000 00000100H _RDATA                  DATA
 0006:00000000 000000a0H .rsrc$01                DATA
 0006:000000a0 00000490H .rsrc$02                DATA

  Address         Publics by Value              Rva+Base               Lib:Object

 0000:00000000       ___safe_se_handler_table   0000000000000000     <absolute>
 0000:00000000       __arm64x_redirection_metadata 0000000000000000     <absolute>
 0000:00000000       __guard_iat_table          0000000000000000     <absolute>
 0000:00000000       __guard_longjmp_table      0000000000000000     <absolute>
 0000:00000000       __x64_code_ranges_to_entry_points 0000000000000000     <absolute>
 0000:00000000       __guard_iat_count          0000000000000000     <absolute>
 0000:00000000       __guard_longjmp_count      0000000000000000     <absolute>
 0000:00000000       __guard_fids_count         0000000000000000     <absolute>
 0000:00000000       __dynamic_value_reloc_table 0000000000000000     <absolute>
 0000:00000000       __x64_code_ranges_to_entry_points_count 0000000000000000     <absolute>
 0000:00000000       __arm64x_extra_rfe_table   0000000000000000     <absolute>
 0000:00000000       __hybrid_auxiliary_iat     0000000000000000     <absolute>
 0000:00000000       __hybrid_code_map          0000000000000000     <absolute>
 0000:00000000       __volatile_metadata        0000000000000000     <absolute>
 0000:00000000       __arm64x_extra_rfe_table_size 0000000000000000     <absolute>
 0000:00000000       ___safe_se_handler_count   0000000000000000     <absolute>
 0000:00000000       __AbsoluteZero             0000000000000000     <absolute>
 0000:00000000       __guard_fids_table         0000000000000000     <absolute>
 0000:00000000       __guard_eh_cont_count      0000000000000000     <absolute>
 0000:00000000       __arm64x_redirection_metadata_count 0000000000000000     <absolute>
 0000:00000000       __enclave_config           0000000000000000     <absolute>
 0000:00000000       __guard_eh_cont_table      0000000000000000     <absolute>
 0000:00000000       __arm64x_native_entrypoint 0000000000000000     <absolute>
 0000:00000000       __hybrid_code_map_count    0000000000000000     <absolute>
 0000:00000100       __guard_flags              0000000000000100     <absolute>
 0000:00000000       __ImageBase                0000000180000000     <linker-defined>
 0001:00000010       ??$swprintf_c@$0EA@@@YAHAEAY0EA@_WPEB_WZZ 0000000180001010 f i ConEmuInjects.obj
 0001:0000003c       ??$swprintf_c@$0IA@@@YAHAEAY0IA@_WPEB_WZZ 000000018000103c f i ConEmuInjects.obj
 0001:00000068       ??$swprintf_c@$0PP@@@YAHAEAY0PP@_WPEB_WZZ 0000000180001068 f i ConEmuInjects.obj
 0001:00000094       ?ShutdownHooks@@YAXXZ      0000000180001094 f   ConEmuInjects.obj
 0001:00000284       ?StartupConsoleHooks@@YAXXZ 0000000180001284 f   ConEmuInjects.obj
 0001:00000310       ?StartupHooks@@YA_NPEAUHINSTANCE__@@@Z 0000000180001310 f   ConEmuInjects.obj
 0001:000006f8       ?StringCchVPrintfW@@YAJPEA_W_KPEB_WPEAD@Z 00000001800016f8 f i ConEmuInjects.obj
 0001:0000079c       __local_stdio_printf_options 000000018000179c f i ConEmuInjects.obj
 0001:000007a4       ?ProcessViewerEventW3@@YA_JPEAX@Z 00000001800017a4 f   ConEmuPlugin.obj
 0001:000007cc       ?ExitFARW3@@YAXPEAX@Z      00000001800017cc f   ConEmuPlugin.obj
 0001:00000824       ExitFARW                   0000000180001824 f   ConEmuPlugin.obj
 0001:0000087c       ?ProcessEditorEvent@@YAHHPEAX@Z 000000018000187c f   ConEmuPlugin.obj
 0001:0000087c       ProcessEditorEventW        000000018000187c f   ConEmuPlugin.obj
 0001:0000089c       ProcessSynchroEventW       000000018000189c f   ConEmuPlugin.obj
 0001:000008c8       ?ProcessViewerEvent@@YAHHPEAX@Z 00000001800018c8 f   ConEmuPlugin.obj
 0001:000008c8       ProcessViewerEventW        00000001800018c8 f   ConEmuPlugin.obj
 0001:000008e8       ?ProcessSynchroEventW3@@YA_JPEAX@Z 00000001800018e8 f   ConEmuPlugin.obj
 0001:00000910       ?ProcessEditorEventW3@@YA_JPEAX@Z 0000000180001910 f   ConEmuPlugin.obj
 0001:00000938       ?ActivateConsole@@YAHXZ    0000000180001938 f   ConEmuPlugin.obj
 0001:000009c8       ?ExitFAR@@YAXXZ            00000001800019c8 f   ConEmuPlugin.obj
 0001:00000a20       ?GetFarHWND2@@YAPEAUHWND__@@H@Z 0000000180001a20 f   ConEmuPlugin.obj
 0001:00000a8c       ?GetFarHWND@@YAPEAUHWND__@@XZ 0000000180001a8c f   ConEmuPlugin.obj
 0001:00000a94       ?GetFarVersion@@YAXPEAUFarVersion@@@Z 0000000180001a94 f   ConEmuPlugin.obj
 0001:00000ab0       ?GetMinFarVersion@@YAHXZ   0000000180001ab0 f   ConEmuPlugin.obj
 0001:00000ae0       ?GetPluginInfo@@YAXPEAX@Z  0000000180001ae0 f   ConEmuPlugin.obj
 0001:00000b34       ?GetPluginInfoW@@YAXPEAX@Z 0000000180001b34 f   ConEmuPlugin.obj
 0001:00000b54       ?IsConsoleActive@@YAHXZ    0000000180001b54 f   ConEmuPlugin.obj
 0001:00000bac       ?IsTerminalMode@@YAHXZ     0000000180001bac f   ConEmuPlugin.obj
 0001:00000bb4       ?OpenPlugin@@YAPEAXH_J@Z   0000000180001bb4 f   ConEmuPlugin.obj
 0001:00000be4       ?OpenW@@YAPEAXPEBX@Z       0000000180001be4 f   ConEmuPlugin.obj
 0001:00000c08       ?ProcessEditorInput@@YAHPEBU_INPUT_RECORD@@@Z 0000000180001c08 f   ConEmuPlugin.obj
 0001:00000c2c       ?RegisterBackground@@YAHPEAURegisterBackgroundArg@@@Z 0000000180001c2c f   ConEmuPlugin.obj
 0001:00000ca8       ?RegisterPanelView@@YAHPEAUPanelViewInit@@@Z 0000000180001ca8 f   ConEmuPlugin.obj
 0001:00000e10       ?SetStartupInfo@@YAXPEAX@Z 0000000180001e10 f   ConEmuPlugin.obj
 0001:00000e74       ?SetupExportsFar3@@YAXXZ   0000000180001e74 f   ConEmuPlugin.obj
 0001:00000fe4       ?SyncExecute@@YAHPEAUHINSTANCE__@@P6AX_J@Z1@Z 0000000180001fe4 f   ConEmuPlugin.obj
 0001:00001030       DllMain                    0000000180002030 f   ConEmuPlugin.obj
 0001:00001054       GetMinFarVersionW          0000000180002054 f   ConEmuPlugin.obj
 0001:0000105c       OpenPluginW                000000018000205c f   ConEmuPlugin.obj
 0001:0000109c       ProcessEditorInputW        000000018000209c f   ConEmuPlugin.obj
 0001:000010c0       SetStartupInfoW            00000001800020c0 f   ConEmuPlugin.obj
 0001:000010f0       ??0CPluginW1900@@QEAA@XZ   00000001800020f0 f   ConEmuPlugin1900.obj
 0001:00001294       ??_GCPluginW1900@@UEAAPEAXI@Z 0000000180002294 f i ConEmuPlugin1900.obj
 0001:00001294       ??_ECPluginW1900@@UEAAPEAXI@Z 0000000180002294 f i ConEmuPlugin1900.obj
 0001:0000179c       ?CheckPanelExist@CPluginW1900@@UEAA_NXZ 000000018000279c f   ConEmuPlugin1900.obj
 0001:000017d8       ?Color2BgIndex@Far3Color@@SAXKHAEAGPEBK@Z 00000001800027d8 f i ConEmuPlugin1900.obj
 0001:000018ec       ?Color2FgIndex@Far3Color@@SAXKAEAGPEBK@Z 00000001800028ec f i ConEmuPlugin1900.obj
 0001:000019dc       ?ExecuteSynchroApi@CPluginW1900@@UEAA_NXZ 00000001800029dc f   ConEmuPlugin1900.obj
 0001:00001a10       ?ExitFar@CPluginW1900@@UEAAXXZ 0000000180002a10 f   ConEmuPlugin1900.obj
 0001:00001a98       ?FarColor_3_2@@YAEAEBUFarColor@@_N@Z 0000000180002a98 f i ConEmuPlugin1900.obj
 0001:00001b58       ?GetActiveWindowType@CPluginW1900@@UEAAHXZ 0000000180002b58 f   ConEmuPlugin1900.obj
 0001:00001c04       ?GetEditorModifiedState@CPluginW1900@@UEAAKXZ 0000000180002c04 f   ConEmuPlugin1900.obj
 0001:00001c60       ?GetFarRect@CPluginW1900@@UEAA_NAEAU_SMALL_RECT@@@Z 0000000180002c60 f   ConEmuPlugin1900.obj
 0001:00001d0c       ?GetMacroArea@CPluginW1900@@UEAAHXZ 0000000180002d0c f   ConEmuPlugin1900.obj
 0001:00001d2c       ?GetMsg@CPluginW1900@@UEAAPEB_WHPEA_W_K@Z 0000000180002d2c f   ConEmuPlugin1900.obj
 0001:00001da0       ?GetPanelDir@CPluginW1900@@UEAAPEA_WKPEA_WH@Z 0000000180002da0 f   ConEmuPlugin1900.obj
 0001:00001f00       ?GetPanelInfo@CPluginW1900@@UEAA_NKPEAUCEPanelInfo@@@Z 0000000180002f00 f   ConEmuPlugin1900.obj
 0001:000021a0       ?GetPanelItemInfo@CPluginW1900@@UEAA_NAEBUCEPanelInfo@@_N_JAEAU_WIN32_FIND_DATAW@@PEAPEA_W@Z 00000001800031a0 f   ConEmuPlugin1900.obj
 0001:0000235c       ?GetPluginInfoPtr@CPluginW1900@@UEAAXPEAX@Z 000000018000335c f   ConEmuPlugin1900.obj
 0001:000023b8       ?GetWindowCount@CPluginW1900@@UEAAHXZ 00000001800033b8 f   ConEmuPlugin1900.obj
 0001:000023e8       ?GetWindowTypeName@CPluginW995@@UEAAPEB_WH@Z 00000001800033e8 f   ConEmuPlugin995.obj
 0001:000023e8       ?GetWindowTypeName@CPluginW2800@@UEAAPEB_WH@Z 00000001800033e8 f   ConEmuPlugin2800.obj
 0001:000023e8       ?GetWindowTypeName@CPluginAnsi@@UEAAPEB_WH@Z 00000001800033e8 f   ConEmuPluginA.obj
 0001:000023e8       ?GetWindowTypeName@CPluginW1900@@UEAAPEB_WH@Z 00000001800033e8 f   ConEmuPlugin1900.obj
 0001:00002440       ?GuiMacroDlg@CPluginW1900@@UEAAXXZ 0000000180003440 f   ConEmuPlugin1900.obj
 0001:00002448       ?InputBox@CPluginW1900@@UEAA_NPEB_W000AEAPEA_W@Z 0000000180003448 f   ConEmuPlugin1900.obj
 0001:000024f8       ?IsMacroActive@CPluginW1900@@UEAA_NXZ 00000001800034f8 f   ConEmuPlugin1900.obj
 0001:0000253c       ?LoadFarColors@CPluginW1900@@UEAAXAEAY0BAA@E@Z 000000018000353c f   ConEmuPlugin1900.obj
 0001:000026d0       ?LoadFarSettings@CPluginW1900@@UEAAXPEAUCEFarInterfaceSettings@@PEAUCEFarPanelSettings@@@Z 00000001800036d0 f   ConEmuPlugin1900.obj
 0001:00002810       ?Open@CPluginW1900@@UEAAPEAXPEBX@Z 0000000180003810 f   ConEmuPlugin1900.obj
 0001:000028ec       ?OpenEditor@CPluginW1900@@UEAA_NPEB_W_N11HH@Z 00000001800038ec f   ConEmuPlugin1900.obj
 0001:00002a00       ?PanelControlApi@CPluginW1900@@UEAA_JPEAXH_J0@Z 0000000180003a00 f   ConEmuPlugin1900.obj
 0001:00002a38       ?PostMacroApi@CPluginW1900@@UEAAXPEB_WPEAU_INPUT_RECORD@@_N@Z 0000000180003a38 f   ConEmuPlugin1900.obj
 0001:00002ff0       ?ProcessEditorEventPtr@CPluginW2800@@UEAAHPEAX@Z 0000000180003ff0 f   ConEmuPlugin2800.obj
 0001:00002ff0       ?ProcessEditorEventPtr@CPluginW1900@@UEAAHPEAX@Z 0000000180003ff0 f   ConEmuPlugin1900.obj
 0001:00002ffc       ?ProcessEditorInputPtr@CPluginW1900@@UEAAHPEBX@Z 0000000180003ffc f   ConEmuPlugin1900.obj
 0001:0000301c       ?ProcessSynchroEventPtr@CPluginW1900@@UEAAHPEAX@Z 000000018000401c f   ConEmuPlugin1900.obj
 0001:0000301c       ?ProcessSynchroEventPtr@CPluginW2800@@UEAAHPEAX@Z 000000018000401c f   ConEmuPlugin2800.obj
 0001:00003040       ?ProcessViewerEventPtr@CPluginW2800@@UEAAHPEAX@Z 0000000180004040 f   ConEmuPlugin2800.obj
 0001:00003040       ?ProcessViewerEventPtr@CPluginW1900@@UEAAHPEAX@Z 0000000180004040 f   ConEmuPlugin1900.obj
 0001:0000304c       ?RedrawAll@CPluginW1900@@UEAAXXZ 000000018000404c f   ConEmuPlugin1900.obj
 0001:00003084       ?SetStartupInfoPtr@CPluginW1900@@UEAAXPEAX@Z 0000000180004084 f   ConEmuPlugin1900.obj
 0001:000031d4       ?SetWindow@CPluginW1900@@UEAAXH@Z 00000001800041d4 f   ConEmuPlugin1900.obj
 0001:0000322c       ?ShowMessage@CPluginW1900@@UEAAHPEB_WH_N@Z 000000018000422c f   ConEmuPlugin1900.obj
 0001:00003294       ?ShowPluginMenu@CPluginW1900@@UEAAHPEAUConEmuPluginMenuItem@@HH@Z 0000000180004294 f   ConEmuPlugin1900.obj
 0001:000033e4       ?ShowUserScreen@CPluginW1900@@UEAAX_N@Z 00000001800043e4 f   ConEmuPlugin1900.obj
 0001:00003410       ?WaitEndSynchro@CPluginAnsi@@UEAAXXZ 0000000180004410 f   ConEmuPluginA.obj
 0001:00003410       ?ShutdownPluginStep@CPluginBase@@SAXPEB_WHHHH@Z 0000000180004410 f   ConEmuPluginBase.obj
 0001:00003410       ?StopWaitEndSynchro@CPluginW2800@@UEAAXXZ 0000000180004410 f   ConEmuPlugin2800.obj
 0001:00003410       ?StopWaitEndSynchro@CPluginAnsi@@UEAAXXZ 0000000180004410 f   ConEmuPluginA.obj
 0001:00003410       ?StopWaitEndSynchro@CPluginW1900@@UEAAXXZ 0000000180004410 f   ConEmuPlugin1900.obj
 0001:00003410       ?WaitEndSynchro@CPluginW2800@@UEAAXXZ 0000000180004410 f   ConEmuPlugin2800.obj
 0001:00003410       ?_Doraise@exception@stdext@@MEBAXXZ 0000000180004410 f   common-kernel64:CEStr.obj
 0001:00003410       ?WaitEndSynchro@CPluginW1900@@UEAAXXZ 0000000180004410 f   ConEmuPlugin1900.obj
 0001:00003410       _guard_check_icall_nop     0000000180004410 f   LIBCMT:guard_support.obj
 0001:00003410       ?PlugServerInit@@YAXXZ     0000000180004410 f   PluginSrv.obj
 0001:00003414       ?UpdateConEmuTabsApi@CPluginW1900@@UEAA_NH@Z 0000000180004414 f   ConEmuPlugin1900.obj
 0001:000038e4       ??$_Emplace_reallocate@AEBUWindowInfo@@@?$vector@UWindowInfo@@V?$MArrayAllocator@UWindowInfo@@@@@std@@QEAAPEAUWindowInfo@@QEAU2@AEBU2@@Z 00000001800048e4 f i ConEmuPlugin2800.obj
 0001:00003a88       ??$_Uninitialized_fill_n@V?$MArrayAllocator@UWindowInfo@@@@@std@@YAPEAUWindowInfo@@PEAU1@_KAEBU1@AEAV?$MArrayAllocator@UWindowInfo@@@@@Z 0000000180004a88 f i ConEmuPlugin2800.obj
 0001:00003ac8       ??0CPluginW2800@@QEAA@XZ   0000000180004ac8 f   ConEmuPlugin2800.obj
 0001:00003c6c       ??0bad_alloc@std@@QEAA@AEBV01@@Z 0000000180004c6c f i ConEmuPlugin2800.obj
 0001:00003ca8       ??0bad_alloc@std@@QEAA@XZ  0000000180004ca8 f i ConEmuPlugin2800.obj
 0001:00003cc8       ??0exception@std@@QEAA@AEBV01@@Z 0000000180004cc8 f i ConEmuPlugin2800.obj
 0001:00003cfc       ??1?$MArray@UWindowInfo@@@@QEAA@XZ 0000000180004cfc f i ConEmuPlugin2800.obj
 0001:00003d28       ??1bad_function_call@std@@UEAA@XZ 0000000180004d28 f i libcpmt:xthrow.obj
 0001:00003d28       ??1length_error@std@@UEAA@XZ 0000000180004d28 f i libcpmt:xthrow.obj
 0001:00003d28       ??1bad_alloc@std@@UEAA@XZ  0000000180004d28 f i ConEmuPlugin2800.obj
 0001:00003d28       ??1bad_exception@std@@UEAA@XZ 0000000180004d28 f i libvcruntime:frame.obj
 0001:00003d3c       ??_ECPluginW2800@@UEAAPEAXI@Z 0000000180004d3c f i ConEmuPlugin2800.obj
 0001:00003d3c       ??_GCPluginW2800@@UEAAPEAXI@Z 0000000180004d3c f i ConEmuPlugin2800.obj
 0001:00003d7c       ??_Eexception@std@@UEAAPEAXI@Z 0000000180004d7c f i ConEmuPlugin2800.obj
 0001:00003d7c       ??_Glogic_error@std@@UEAAPEAXI@Z 0000000180004d7c f i libcpmt:xthrow.obj
 0001:00003d7c       ??_Ebad_alloc@std@@UEAAPEAXI@Z 0000000180004d7c f i ConEmuPlugin2800.obj
 0001:00003d7c       ??_Glength_error@std@@UEAAPEAXI@Z 0000000180004d7c f i libcpmt:xthrow.obj
 0001:00003d7c       ??_Gbad_function_call@std@@UEAAPEAXI@Z 0000000180004d7c f i libcpmt:xthrow.obj
 0001:00003d7c       ??_Gexception@std@@UEAAPEAXI@Z 0000000180004d7c f i ConEmuPlugin2800.obj
 0001:00003d7c       ??_Ebad_exception@std@@UEAAPEAXI@Z 0000000180004d7c f i libvcruntime:frame.obj
 0001:00003d7c       ??_Ebad_function_call@std@@UEAAPEAXI@Z 0000000180004d7c f i libcpmt:xthrow.obj
 0001:00003d7c       ??_Elength_error@std@@UEAAPEAXI@Z 0000000180004d7c f i libcpmt:xthrow.obj
 0001:00003d7c       ??_Gbad_alloc@std@@UEAAPEAXI@Z 0000000180004d7c f i ConEmuPlugin2800.obj
 0001:00003d7c       ??_Gbad_exception@std@@UEAAPEAXI@Z 0000000180004d7c f i libvcruntime:frame.obj
 0001:00003d7c       ??_Elogic_error@std@@UEAAPEAXI@Z 0000000180004d7c f i libcpmt:xthrow.obj
 0001:0000430c       ?CheckPanelExist@CPluginW2800@@UEAA_NXZ 000000018000530c f   ConEmuPlugin2800.obj
 0001:00004348       ?ExecuteSynchroApi@CPluginW2800@@UEAA_NXZ 0000000180005348 f   ConEmuPlugin2800.obj
 0001:0000437c       ?ExitFar@CPluginW2800@@UEAAXXZ 000000018000537c f   ConEmuPlugin2800.obj
 0001:00004410       ?GetActiveWindowType@CPluginW2800@@UEAAHXZ 0000000180005410 f   ConEmuPlugin2800.obj
 0001:000044c8       ?GetEditorModifiedState@CPluginW2800@@UEAAKXZ 00000001800054c8 f   ConEmuPlugin2800.obj
 0001:00004528       ?GetFarRect@CPluginW2800@@UEAA_NAEAU_SMALL_RECT@@@Z 0000000180005528 f   ConEmuPlugin2800.obj
 0001:000045dc       ?GetMacroArea@CPluginW2800@@UEAAHXZ 00000001800055dc f   ConEmuPlugin2800.obj
 0001:000045fc       ?GetMsg@CPluginW2800@@UEAAPEB_WHPEA_W_K@Z 00000001800055fc f   ConEmuPlugin2800.obj
 0001:00004674       ?GetPanelDir@CPluginW2800@@UEAAPEA_WKPEA_WH@Z 0000000180005674 f   ConEmuPlugin2800.obj
 0001:000047d4       ?GetPanelInfo@CPluginW2800@@UEAA_NKPEAUCEPanelInfo@@@Z 00000001800057d4 f   ConEmuPlugin2800.obj
 0001:00004a74       ?GetPanelItemInfo@CPluginW2800@@UEAA_NAEBUCEPanelInfo@@_N_JAEAU_WIN32_FIND_DATAW@@PEAPEA_W@Z 0000000180005a74 f   ConEmuPlugin2800.obj
 0001:00004c50       ?GetPluginInfoPtr@CPluginW2800@@UEAAXPEAX@Z 0000000180005c50 f   ConEmuPlugin2800.obj
 0001:00004cac       ?GetWindowCount@CPluginW2800@@UEAAHXZ 0000000180005cac f   ConEmuPlugin2800.obj
 0001:00004cdc       ?GuiMacroDlg@CPluginW2800@@UEAAXXZ 0000000180005cdc f   ConEmuPlugin2800.obj
 0001:00004ce4       ?InputBox@CPluginW2800@@UEAA_NPEB_W000AEAPEA_W@Z 0000000180005ce4 f   ConEmuPlugin2800.obj
 0001:00004d94       ?IsMacroActive@CPluginW2800@@UEAA_NXZ 0000000180005d94 f   ConEmuPlugin2800.obj
 0001:00004dd8       ?LoadFarColors@CPluginW2800@@UEAAXAEAY0BAA@E@Z 0000000180005dd8 f   ConEmuPlugin2800.obj
 0001:00004f6c       ?LoadFarSettings@CPluginW2800@@UEAAXPEAUCEFarInterfaceSettings@@PEAUCEFarPanelSettings@@@Z 0000000180005f6c f   ConEmuPlugin2800.obj
 0001:000050ac       ?Open@CPluginW2800@@UEAAPEAXPEBX@Z 00000001800060ac f   ConEmuPlugin2800.obj
 0001:000051fc       ?OpenEditor@CPluginW2800@@UEAA_NPEB_W_N11HH@Z 00000001800061fc f   ConEmuPlugin2800.obj
 0001:00005320       ?PanelControlApi@CPluginW2800@@UEAA_JPEAXH_J0@Z 0000000180006320 f   ConEmuPlugin2800.obj
 0001:00005358       ?PostMacroApi@CPluginW2800@@UEAAXPEB_WPEAU_INPUT_RECORD@@_N@Z 0000000180006358 f   ConEmuPlugin2800.obj
 0001:000056cc       ?ProcessEditorInputPtr@CPluginW2800@@UEAAHPEBX@Z 00000001800066cc f   ConEmuPlugin2800.obj
 0001:000056ec       ?RedrawAll@CPluginW2800@@UEAAXXZ 00000001800066ec f   ConEmuPlugin2800.obj
 0001:00005724       ?SetStartupInfoPtr@CPluginW2800@@UEAAXPEAX@Z 0000000180006724 f   ConEmuPlugin2800.obj
 0001:00005874       ?SetWindow@CPluginW2800@@UEAAXH@Z 0000000180006874 f   ConEmuPlugin2800.obj
 0001:000059b0       ?ShowMessage@CPluginW2800@@UEAAHPEB_WH_N@Z 00000001800069b0 f   ConEmuPlugin2800.obj
 0001:00005a18       ?ShowPluginMenu@CPluginW2800@@UEAAHPEAUConEmuPluginMenuItem@@HH@Z 0000000180006a18 f   ConEmuPlugin2800.obj
 0001:00005b6c       ?ShowUserScreen@CPluginW2800@@UEAAX_N@Z 0000000180006b6c f   ConEmuPlugin2800.obj
 0001:00005b98       ?UpdateConEmuTabsApi@CPluginW2800@@UEAA_NH@Z 0000000180006b98 f   ConEmuPlugin2800.obj
 0001:00006514       ?_Getal@?$vector@UWindowInfo@@V?$MArrayAllocator@UWindowInfo@@@@@std@@AEAAAEAV?$MArrayAllocator@UWindowInfo@@@@XZ 0000000180007514 f i ConEmuPlugin2800.obj
 0001:00006518       ?_Xlength@?$vector@UtagPROCESSENTRY32W@@V?$MArrayAllocator@UtagPROCESSENTRY32W@@@@@std@@CAXXZ 0000000180007518 f i common-kernel64:MProcess.obj
 0001:00006518       ?_Xlength@?$vector@UWindowInfo@@V?$MArrayAllocator@UWindowInfo@@@@@std@@CAXXZ 0000000180007518 f i ConEmuPlugin2800.obj
 0001:0000652c       ?deallocate@?$MArrayAllocator@UWindowInfo@@@@QEAAXPEAUWindowInfo@@_K@Z 000000018000752c f i ConEmuPlugin2800.obj
 0001:00006544       ?erase@?$MArray@UWindowInfo@@@@QEAAX_J0@Z 0000000180007544 f i ConEmuPlugin2800.obj
 0001:000065d8       ?insert@?$MArray@UWindowInfo@@@@QEAA_J_JAEBUWindowInfo@@0@Z 00000001800075d8 f i ConEmuPlugin2800.obj
 0001:00006680       ?insert@?$vector@UWindowInfo@@V?$MArrayAllocator@UWindowInfo@@@@@std@@QEAA?AV?$_Vector_iterator@V?$_Vector_val@U?$_Simple_types@UWindowInfo@@@std@@@std@@@2@V?$_Vector_const_iterator@V?$_Vector_val@U?$_Simple_types@UWindowInfo@@@std@@@std@@@2@_KAEBUWindowInfo@@@Z 0000000180007680 f i ConEmuPlugin2800.obj
 0001:00006a88       ?push_back@?$MArray@UWindowInfo@@@@QEAA_JAEBUWindowInfo@@@Z 0000000180007a88 f i ConEmuPlugin2800.obj
 0001:00006b0c       ?what@exception@std@@UEBAPEBDXZ 0000000180007b0c f i ConEmuPlugin2800.obj
 0001:00006b20       GetGlobalInfoW             0000000180007b20 f   ConEmuPlugin2800.obj
 0001:00006bb8       ??0CPluginW995@@QEAA@XZ    0000000180007bb8 f   ConEmuPlugin995.obj
 0001:00006d50       ??_ECPluginW995@@UEAAPEAXI@Z 0000000180007d50 f i ConEmuPlugin995.obj
 0001:00006d50       ??_GCPluginW995@@UEAAPEAXI@Z 0000000180007d50 f i ConEmuPlugin995.obj
 0001:000071d0       ?CheckPanelExist@CPluginW995@@UEAA_NXZ 00000001800081d0 f   ConEmuPlugin995.obj
 0001:00007208       ?ExecuteSynchroApi@CPluginW995@@UEAA_NXZ 0000000180008208 f   ConEmuPlugin995.obj
 0001:00007238       ?ExitFar@CPluginW995@@UEAAXXZ 0000000180008238 f   ConEmuPlugin995.obj
 0001:000072c0       ?GetActiveWindowType@CPluginW995@@UEAAHXZ 00000001800082c0 f   ConEmuPlugin995.obj
 0001:000073a0       ?GetEditorModifiedState@CPluginW995@@UEAAKXZ 00000001800083a0 f   ConEmuPlugin995.obj
 0001:000073f8       ?GetFarRect@CPluginW995@@UEAA_NAEAU_SMALL_RECT@@@Z 00000001800083f8 f   ConEmuPlugin995.obj
 0001:00007450       ?GetMacroArea@CPluginW995@@UEAAHXZ 0000000180008450 f   ConEmuPlugin995.obj
 0001:000074a8       ?GetMsg@CPluginW995@@UEAAPEB_WHPEA_W_K@Z 00000001800084a8 f   ConEmuPlugin995.obj
 0001:00007518       ?GetPanelDir@CPluginW995@@UEAAPEA_WKPEA_WH@Z 0000000180008518 f   ConEmuPlugin995.obj
 0001:0000763c       ?GetPanelInfo@CPluginW995@@UEAA_NKPEAUCEPanelInfo@@@Z 000000018000863c f   ConEmuPlugin995.obj
 0001:0000787c       ?GetPanelItemInfo@CPluginW995@@UEAA_NAEBUCEPanelInfo@@_N_JAEAU_WIN32_FIND_DATAW@@PEAPEA_W@Z 000000018000887c f   ConEmuPlugin995.obj
 0001:00007a24       ?GetPluginInfoPtr@CPluginW995@@UEAAXPEAX@Z 0000000180008a24 f   ConEmuPlugin995.obj
 0001:00007a90       ?GetWindowCount@CPluginW995@@UEAAHXZ 0000000180008a90 f   ConEmuPlugin995.obj
 0001:00007abc       ?GuiMacroDlg@CPluginW995@@UEAAXXZ 0000000180008abc f   ConEmuPlugin995.obj
 0001:00007ac4       ?InputBox@CPluginW995@@UEAA_NPEB_W000AEAPEA_W@Z 0000000180008ac4 f   ConEmuPlugin995.obj
 0001:00007b74       ?IsMacroActive@CPluginW995@@UEAA_NXZ 0000000180008b74 f   ConEmuPlugin995.obj
 0001:00007be4       ?LoadFarColors@CPluginW995@@UEAAXAEAY0BAA@E@Z 0000000180008be4 f   ConEmuPlugin995.obj
 0001:00007ca0       ?LoadFarSettings@CPluginW995@@UEAAXPEAUCEFarInterfaceSettings@@PEAUCEFarPanelSettings@@@Z 0000000180008ca0 f   ConEmuPlugin995.obj
 0001:00007cfc       ?Open@CPluginAnsi@@UEAAPEAXPEBX@Z 0000000180008cfc f i ConEmuPluginA.obj
 0001:00007cfc       ?Open@CPluginW995@@UEAAPEAXPEBX@Z 0000000180008cfc f i ConEmuPlugin995.obj
 0001:00007d04       ?OpenEditor@CPluginW995@@UEAA_NPEB_W_N11HH@Z 0000000180008d04 f   ConEmuPlugin995.obj
 0001:00007e0c       ?PanelControlApi@CPluginW995@@UEAA_JPEAXH_J0@Z 0000000180008e0c f   ConEmuPlugin995.obj
 0001:00007e50       ?PostMacroApi@CPluginW995@@UEAAXPEB_WPEAU_INPUT_RECORD@@_N@Z 0000000180008e50 f   ConEmuPlugin995.obj
 0001:00007ef8       ?ProcessSynchroEventPtr@CPluginW995@@UEAAHPEAX@Z 0000000180008ef8 f i ConEmuPlugin995.obj
 0001:00007ef8       ?ProcessEditorEventPtr@CPluginW995@@UEAAHPEAX@Z 0000000180008ef8 f i ConEmuPlugin995.obj
 0001:00007ef8       ?ProcessViewerEventPtr@CPluginAnsi@@UEAAHPEAX@Z 0000000180008ef8 f i ConEmuPluginA.obj
 0001:00007ef8       ?ProcessEditorInputPtr@CPluginAnsi@@UEAAHPEBX@Z 0000000180008ef8 f i ConEmuPluginA.obj
 0001:00007ef8       ?ProcessEditorEventPtr@CPluginAnsi@@UEAAHPEAX@Z 0000000180008ef8 f i ConEmuPluginA.obj
 0001:00007ef8       ?ProcessViewerEventPtr@CPluginW995@@UEAAHPEAX@Z 0000000180008ef8 f i ConEmuPlugin995.obj
 0001:00007ef8       ?ProcessSynchroEventPtr@CPluginAnsi@@UEAAHPEAX@Z 0000000180008ef8 f i ConEmuPluginA.obj
 0001:00007efc       ?ProcessEditorInputPtr@CPluginW995@@UEAAHPEBX@Z 0000000180008efc f   ConEmuPlugin995.obj
 0001:00007f18       ?RedrawAll@CPluginW995@@UEAAXXZ 0000000180008f18 f   ConEmuPlugin995.obj
 0001:00007f48       ?SetStartupInfoPtr@CPluginW995@@UEAAXPEAX@Z 0000000180008f48 f   ConEmuPlugin995.obj
 0001:00008088       ?SetWindow@CPluginW995@@UEAAXH@Z 0000000180009088 f   ConEmuPlugin995.obj
 0001:000080d4       ?ShowMessage@CPluginW995@@UEAAHPEB_WH_N@Z 00000001800090d4 f   ConEmuPlugin995.obj
 0001:00008134       ?ShowPluginMenu@CPluginW995@@UEAAHPEAUConEmuPluginMenuItem@@HH@Z 0000000180009134 f   ConEmuPlugin995.obj
 0001:00008270       ?ShowUserScreen@CPluginW995@@UEAAX_N@Z 0000000180009270 f   ConEmuPlugin995.obj
 0001:0000829c       ?StopWaitEndSynchro@CPluginW995@@UEAAXXZ 000000018000929c f   ConEmuPlugin995.obj
 0001:000082cc       ?UpdateConEmuTabsApi@CPluginW995@@UEAA_NH@Z 00000001800092cc f   ConEmuPlugin995.obj
 0001:00008544       ?WaitEndSynchro@CPluginW995@@UEAAXXZ 0000000180009544 f   ConEmuPlugin995.obj
 0001:000086d8       ??0CPluginAnsi@@QEAA@XZ    00000001800096d8 f   ConEmuPluginA.obj
 0001:0000883c       ??_ECPluginAnsi@@UEAAPEAXI@Z 000000018000983c f i ConEmuPluginA.obj
 0001:0000883c       ??_GCPluginAnsi@@UEAAPEAXI@Z 000000018000983c f i ConEmuPluginA.obj
 0001:00008df4       ?CheckPanelExist@CPluginAnsi@@UEAA_NXZ 0000000180009df4 f   ConEmuPluginA.obj
 0001:00008e2c       ?ExecuteSynchroApi@CPluginAnsi@@UEAA_NXZ 0000000180009e2c f i ConEmuPluginA.obj
 0001:00008e2c       ?GetFarRect@CPluginAnsi@@UEAA_NAEAU_SMALL_RECT@@@Z 0000000180009e2c f i ConEmuPluginA.obj
 0001:00008e30       ?ExitFar@CPluginAnsi@@UEAAXXZ 0000000180009e30 f   ConEmuPluginA.obj
 0001:00008e74       ?GetActiveWindowType@CPluginAnsi@@UEAAHXZ 0000000180009e74 f   ConEmuPluginA.obj
 0001:00008ef8       ?GetEditorModifiedState@CPluginAnsi@@UEAAKXZ 0000000180009ef8 f   ConEmuPluginA.obj
 0001:00008f50       _get_startup_argv_mode     0000000180009f50 f   LIBCMT:argv_mode.obj
 0001:00008f50       ?GetMacroArea@CPluginAnsi@@UEAAHXZ 0000000180009f50 f   ConEmuPluginA.obj
 0001:00008f58       ?GetMsg@CPluginAnsi@@UEAAPEB_WHPEA_W_K@Z 0000000180009f58 f   ConEmuPluginA.obj
 0001:00008ff8       ?GetPanelDir@CPluginAnsi@@UEAAPEA_WKPEA_WH@Z 0000000180009ff8 f   ConEmuPluginA.obj
 0001:000090f0       ?GetPanelInfo@CPluginAnsi@@UEAA_NKPEAUCEPanelInfo@@@Z 000000018000a0f0 f   ConEmuPluginA.obj
 0001:00009348       ?GetPanelItemInfo@CPluginAnsi@@UEAA_NAEBUCEPanelInfo@@_N_JAEAU_WIN32_FIND_DATAW@@PEAPEA_W@Z 000000018000a348 f   ConEmuPluginA.obj
 0001:0000946c       ?GetPluginInfoPtr@CPluginAnsi@@UEAAXPEAX@Z 000000018000a46c f   ConEmuPluginA.obj
 0001:000094f8       ?GetWindowCount@CPluginAnsi@@UEAAHXZ 000000018000a4f8 f   ConEmuPluginA.obj
 0001:00009524       ?GuiMacroDlg@CPluginAnsi@@UEAAXXZ 000000018000a524 f   ConEmuPluginA.obj
 0001:0000952c       ?InputBox@CPluginAnsi@@UEAA_NPEB_W000AEAPEA_W@Z 000000018000a52c f   ConEmuPluginA.obj
 0001:0000968c       ?IsMacroActive@CPluginAnsi@@UEAA_NXZ 000000018000a68c f   ConEmuPluginA.obj
 0001:00009700       ?LoadFarColors@CPluginAnsi@@UEAAXAEAY0BAA@E@Z 000000018000a700 f   ConEmuPluginA.obj
 0001:000097c0       ?LoadFarSettings@CPluginAnsi@@UEAAXPEAUCEFarInterfaceSettings@@PEAUCEFarPanelSettings@@@Z 000000018000a7c0 f   ConEmuPluginA.obj
 0001:00009820       ?OpenEditor@CPluginAnsi@@UEAA_NPEB_W_N11HH@Z 000000018000a820 f   ConEmuPluginA.obj
 0001:0000995c       ?PanelControlApi@CPluginAnsi@@UEAA_JPEAXH_J0@Z 000000018000a95c f   ConEmuPluginA.obj
 0001:00009998       ?PostMacroApi@CPluginAnsi@@UEAAXPEB_WPEAU_INPUT_RECORD@@_N@Z 000000018000a998 f   ConEmuPluginA.obj
 0001:00009a5c       ?RedrawAll@CPluginAnsi@@UEAAXXZ 000000018000aa5c f   ConEmuPluginA.obj
 0001:00009a90       ?SetStartupInfoPtr@CPluginAnsi@@UEAAXPEAX@Z 000000018000aa90 f   ConEmuPluginA.obj
 0001:00009bd4       ?SetWindow@CPluginAnsi@@UEAAXH@Z 000000018000abd4 f   ConEmuPluginA.obj
 0001:00009c28       ?ShowMessage@CPluginAnsi@@UEAAHPEB_WH_N@Z 000000018000ac28 f   ConEmuPluginA.obj
 0001:00009d04       ?ShowPluginMenu@CPluginAnsi@@UEAAHPEAUConEmuPluginMenuItem@@HH@Z 000000018000ad04 f   ConEmuPluginA.obj
 0001:00009ea4       ?ShowUserScreen@CPluginAnsi@@UEAAX_N@Z 000000018000aea4 f   ConEmuPluginA.obj
 0001:00009ed0       ?UpdateConEmuTabsApi@CPluginAnsi@@UEAA_NH@Z 000000018000aed0 f   ConEmuPluginA.obj
 0001:0000a18c       ??$swprintf_c@$0BAE@@@YAHAEAY0BAE@_WPEB_WZZ 000000018000b18c f i ConEmuPluginBase.obj
 0001:0000a1b8       ??$swprintf_c@$0DAM@@@YAHAEAY0DAM@_WPEB_WZZ 000000018000b1b8 f i ConEmuPluginBase.obj
 0001:0000a1e4       ??$swprintf_c@$0EAA@@@YAHAEAY0EAA@_WPEB_WZZ 000000018000b1e4 f i ConEmuPluginBase.obj
 0001:0000a210       ??$swprintf_c@$0MI@@@YAHAEAY0MI@_WPEB_WZZ 000000018000b210 f i ConEmuPluginBase.obj
 0001:0000a23c       ??$wcscpy_c@$0BBE@@@YAHAEAY0BBE@_WPEB_W@Z 000000018000b23c f i ConEmuPluginBase.obj
 0001:0000a288       ??$wcscpy_c@$0CAI@@@YAHAEAY0CAI@_WPEB_W@Z 000000018000b288 f i ConEmuPluginBase.obj
 0001:0000a2d4       ??0CPluginBase@@QEAA@XZ    000000018000b2d4 f   ConEmuPluginBase.obj
 0001:0000a3fc       ??0MWow64Disable@@QEAA@XZ  000000018000b3fc f i ConEmuPluginBase.obj
 0001:0000a470       ??1?$MFileMapping@UPanelViewSetMapping@@@@QEAA@XZ 000000018000b470 f i PluginBackground.obj
 0001:0000a470       ??1?$MFileMapping@UConEmuGuiMapping@@@@QEAA@XZ 000000018000b470 f i common-user64:ConEmuCheckEx.obj
 0001:0000a470       ??1?$MFileMapping@UCESERVER_CONSOLE_MAPPING_HDR@@@@QEAA@XZ 000000018000b470 f i ConEmuPluginBase.obj
 0001:0000a484       ??1CPluginBase@@UEAA@XZ    000000018000b484 f   ConEmuPluginBase.obj
 0001:0000a490       ??1MWow64Disable@@QEAA@XZ  000000018000b490 f i ConEmuPluginBase.obj
 0001:0000a4b4       ??_ECPluginBase@@UEAAPEAXI@Z 000000018000b4b4 f i ConEmuPluginBase.obj
 0001:0000a4b4       ??_GCPluginBase@@UEAAPEAXI@Z 000000018000b4b4 f i ConEmuPluginBase.obj
 0001:0000a4e0       ?ActivatePlugin@CPluginBase@@QEAA_NKPEAXK@Z 000000018000b4e0 f   ConEmuPluginBase.obj
 0001:0000a694       ?AddTab@CPluginBase@@QEAA_NAEAHH_N1HPEB_W2HHHH@Z 000000018000b694 f   ConEmuPluginBase.obj
 0001:0000a9f8       ?AddTabFinish@CPluginBase@@QEAAXH@Z 000000018000b9f8 f   ConEmuPluginBase.obj
 0001:0000aa04       ?Attach2Gui@CPluginBase@@QEAA_N_N@Z 000000018000ba04 f   ConEmuPluginBase.obj
 0001:0000ae2c       ?BackgroundMacroError@CPluginBase@@SAKPEAX@Z 000000018000be2c f   ConEmuPluginBase.obj
 0001:0000ae54       ?CheckBufferEnabled@CPluginBase@@QEAA_NXZ 000000018000be54 f   ConEmuPluginBase.obj
 0001:0000aeb8       ?CheckConEmuDetached@CPluginBase@@SAXXZ 000000018000beb8 f   ConEmuPluginBase.obj
 0001:0000b0a8       ?CheckResources@CPluginBase@@QEAAX_N@Z 000000018000c0a8 f   ConEmuPluginBase.obj
 0001:0000b288       ?CloseMap@?$MFileMapping@UPanelViewSetMapping@@@@QEAAXXZ 000000018000c288 f i PluginBackground.obj
 0001:0000b288       ?CloseMap@?$MFileMapping@UCESERVER_CONSOLE_MAPPING_HDR@@@@QEAAXXZ 000000018000c288 f i ConEmuPluginBase.obj
 0001:0000b288       ?CloseMap@?$MFileMapping@UConEmuGuiMapping@@@@QEAAXXZ 000000018000c288 f i common-kernel64:ConEmuCheck.obj
 0001:0000b2ec       ?CloseMapHeader@CPluginBase@@SAXXZ 000000018000c2ec f   ConEmuPluginBase.obj
 0001:0000b310       ?CloseTabs@CPluginBase@@SAXXZ 000000018000c310 f   ConEmuPluginBase.obj
 0001:0000b3b0       ?CommonPluginStartup@CPluginBase@@QEAAXXZ 000000018000c3b0 f   ConEmuPluginBase.obj
 0001:0000b4bc       ?CreateTabs@CPluginBase@@SA_NH@Z 000000018000c4bc f   ConEmuPluginBase.obj
 0001:0000b57c       ?DllCheckUnique@CPluginBase@@KA_N_N@Z 000000018000c57c f   ConEmuPluginBase.obj
 0001:0000b7b8       ?DllMain_ProcessAttach@CPluginBase@@KAXPEAUHINSTANCE__@@@Z 000000018000c7b8 f   ConEmuPluginBase.obj
 0001:0000b8a0       ?DllMain_ProcessDetach@CPluginBase@@KAXXZ 000000018000c8a0 f   ConEmuPluginBase.obj
 0001:0000b988       ?EditViewConsoleOutput@CPluginBase@@QEAAX_N@Z 000000018000c988 f   ConEmuPluginBase.obj
 0001:0000ba60       ?EmergencyShow@CPluginBase@@KAXXZ 000000018000ca60 f   ConEmuPluginBase.obj
 0001:0000babc       ?ExecuteSynchro@CPluginBase@@QEAAXXZ 000000018000cabc f   ConEmuPluginBase.obj
 0001:0000bb40       ?ExitFarCommon@CPluginBase@@QEAAX_N@Z 000000018000cb40 f   ConEmuPluginBase.obj
 0001:0000bb6c       ?FarSetConsoleSize@CPluginBase@@SA_NFF@Z 000000018000cb6c f   ConEmuPluginBase.obj
 0001:0000bc78       ?FillLoadedParm@CPluginBase@@SAXPEAUConEmuLoadedArg@@PEAUHINSTANCE__@@H@Z 000000018000cc78 f   ConEmuPluginBase.obj
 0001:0000bd50       ?FillUpdateBackground@CPluginBase@@QEAAXPEAUPaintBackgroundArg@@@Z 000000018000cd50 f   ConEmuPluginBase.obj
 0001:0000becc       ?FindServerCmd@CPluginBase@@QEAA_NKAEAK_N@Z 000000018000cecc f   ConEmuPluginBase.obj
 0001:0000bfc8       ?GetMainThreadId@CPluginBase@@SAKXZ 000000018000cfc8 f   ConEmuPluginBase.obj
 0001:0000c078       ?GetPanelInfo@CPluginBase@@QEAA_NKPEAUBkPanelInfo@@@Z 000000018000d078 f   ConEmuPluginBase.obj
 0001:0000c11c       ?InitHWND@CPluginBase@@SAXXZ 000000018000d11c f   ConEmuPluginBase.obj
 0001:0000c3bc       ?InitResources@CPluginBase@@QEAAXXZ 000000018000d3bc f   ConEmuPluginBase.obj
 0001:0000c5e0       ?InitRootRegKey@CPluginBase@@IEAAXXZ 000000018000d5e0 f   ConEmuPluginBase.obj
 0001:0000c6dc       ?InternalOpenCreate@?$MFileMapping@UCESERVER_CONSOLE_MAPPING_HDR@@@@IEAAPEAUCESERVER_CONSOLE_MAPPING_HDR@@_N0H@Z 000000018000d6dc f i ConEmuPluginBase.obj
 0001:0000c6dc       ?InternalOpenCreate@?$MFileMapping@UPanelViewSetMapping@@@@IEAAPEAUPanelViewSetMapping@@_N0H@Z 000000018000d6dc f i PluginBackground.obj
 0001:0000c6dc       ?InternalOpenCreate@?$MFileMapping@UConEmuGuiMapping@@@@IEAAPEAUConEmuGuiMapping@@_N0H@Z 000000018000d6dc f i common-kernel64:ConEmuCheck.obj
 0001:0000c990       ?IsCurrentTabModal@CPluginBase@@QEAA_NXZ 000000018000d990 f   ConEmuPluginBase.obj
 0001:0000cb4c       ?LoadFarVersion@CPluginBase@@SA_NXZ 000000018000db4c f   ConEmuPluginBase.obj
 0001:0000ce00       ?LoadPanelTabsFromRegistry@CPluginBase@@IEAAXXZ 000000018000de00 f   ConEmuPluginBase.obj
 0001:0000cf2c       ?MonitorThreadProcW@CPluginBase@@SAKPEAX@Z 000000018000df2c f   ConEmuPluginBase.obj
 0001:0000d330       ?NotifyConEmuUnloaded@CPluginBase@@SAXXZ 000000018000e330 f   ConEmuPluginBase.obj
 0001:0000d454       ?OnConsoleDetaching@CPluginBase@@SAHPEAUHookCallbackArg@@@Z 000000018000e454 f   ConEmuPluginBase.obj
 0001:0000d580       ?OnConsolePeekInput@CPluginBase@@SAHPEAUHookCallbackArg@@@Z 000000018000e580 f   ConEmuPluginBase.obj
 0001:0000d5e8       ?OnConsolePeekInputPost@CPluginBase@@SAHPEAUHookCallbackArg@@@Z 000000018000e5e8 f   ConEmuPluginBase.obj
 0001:0000d618       ?OnConsolePeekReadInput@CPluginBase@@SAX_N@Z 000000018000e618 f   ConEmuPluginBase.obj
 0001:0000d810       ?OnConsoleReadInput@CPluginBase@@SAHPEAUHookCallbackArg@@@Z 000000018000e810 f   ConEmuPluginBase.obj
 0001:0000d818       ?OnConsoleReadInputPost@CPluginBase@@SAHPEAUHookCallbackArg@@@Z 000000018000e818 f   ConEmuPluginBase.obj
 0001:0000d9c8       ?OnConsoleReadInputWork@CPluginBase@@SAHPEAUHookCallbackArg@@@Z 000000018000e9c8 f   ConEmuPluginBase.obj
 0001:0000da3c       ?OnConsoleWasAttached@CPluginBase@@SAHPEAUHookCallbackArg@@@Z 000000018000ea3c f   ConEmuPluginBase.obj
 0001:0000daa4       ?OnCurDirChanged@CPluginBase@@SAXXZ 000000018000eaa4 f   ConEmuPluginBase.obj
 0001:0000db08       ?OnGetNumberOfConsoleInputEventsPost@CPluginBase@@SAHPEAUHookCallbackArg@@@Z 000000018000eb08 f   ConEmuPluginBase.obj
 0001:0000db3c       ?OnLibraryLoaded@CPluginBase@@SAXPEAUHINSTANCE__@@@Z 000000018000eb3c f   ConEmuPluginBase.obj
 0001:0000dbdc       ?OnMainThreadActivated@CPluginBase@@QEAAXXZ 000000018000ebdc f   ConEmuPluginBase.obj
 0001:0000dd80       ?OnPanelViewCallbacks@CPluginBase@@SA_NPEAUHookCallbackArg@@P6AHPEAXPEAU_INPUT_RECORD@@KPEAKPEAH@Z5@Z 000000018000ed80 f   ConEmuPluginBase.obj
 0001:0000de58       ?OnPostWriteConsoleOutput@CPluginBase@@SAHPEAUHookCallbackArg@@@Z 000000018000ee58 f   ConEmuPluginBase.obj
 0001:0000de64       ?OnShellExecuteExW_Except@CPluginBase@@SAHPEAUHookCallbackArg@@@Z 000000018000ee64 f   ConEmuPluginBase.obj
 0001:0000dea4       ?OnWriteConsoleOutput@CPluginBase@@SAHPEAUHookCallbackArg@@@Z 000000018000eea4 f   ConEmuPluginBase.obj
 0001:0000df78       ?OpenMapHeader@CPluginBase@@SAHXZ 000000018000ef78 f   ConEmuPluginBase.obj
 0001:0000e134       ?OpenPluginCommon@CPluginBase@@QEAAPEAXH_J_N@Z 000000018000f134 f   ConEmuPluginBase.obj
 0001:0000e414       ?OutDataAlloc@CPluginBase@@SA_NK@Z 000000018000f414 f   ConEmuPluginBase.obj
 0001:0000e474       ?OutDataRealloc@CPluginBase@@SA_NK@Z 000000018000f474 f   ConEmuPluginBase.obj
 0001:0000e540       ?OutDataWrite@CPluginBase@@SA_NPEAXK@Z 000000018000f540 f   ConEmuPluginBase.obj
 0001:0000e5e0       ?PanelControl@CPluginBase@@QEAA_JPEAXH_J0@Z 000000018000f5e0 f   ConEmuPluginBase.obj
 0001:0000e678       ?Plugin@@YAPEAVCPluginBase@@XZ 000000018000f678 f   ConEmuPluginBase.obj
 0001:0000e740       ?PrintText@CPluginBase@@QEAA_NPEB_W@Z 000000018000f740 f   ConEmuPluginBase.obj
 0001:0000e86c       ?ProcessCommand@CPluginBase@@QEAA_NKHPEAXPEAPEAUCESERVER_REQ@@_N@Z 000000018000f86c f   ConEmuPluginBase.obj
 0001:0000ecf4       ?ProcessCommandLine@CPluginBase@@QEAA_NPEA_W@Z 000000018000fcf4 f   ConEmuPluginBase.obj
 0001:0000ed40       ?ProcessDragFrom@CPluginBase@@QEAAXXZ 000000018000fd40 f   ConEmuPluginBase.obj
 0001:0000f1c4       ?ProcessDragTo@CPluginBase@@QEAAXXZ 00000001800101c4 f   ConEmuPluginBase.obj
 0001:0000f4d4       ?ProcessEditorInputInternal@CPluginBase@@QEAAXAEBU_INPUT_RECORD@@@Z 00000001800104d4 f   ConEmuPluginBase.obj
 0001:0000f500       ?ProcessEditorViewerEvent@CPluginBase@@QEAAHHH@Z 0000000180010500 f   ConEmuPluginBase.obj
 0001:0000f5b4       ?ProcessSetWindowCommand@CPluginBase@@QEAAXXZ 00000001800105b4 f   ConEmuPluginBase.obj
 0001:0000f6d8       ?ProcessSynchroEvent@CPluginBase@@QEAAHHPEAX@Z 00000001800106d8 f   ConEmuPluginBase.obj
 0001:0000f75c       ?ReloadFarInfo@CPluginBase@@QEAA_N_N@Z 000000018001075c f   ConEmuPluginBase.obj
 0001:0000f9dc       ?ReloadFarInfoApi@CPluginBase@@IEAA_NXZ 00000001800109dc f   ConEmuPluginBase.obj
 0001:0000fbb0       ?RunExternalProgram@CPluginBase@@QEAA_NPEA_W@Z 0000000180010bb0 f   ConEmuPluginBase.obj
 0001:0000fd2c       ?RunExternalProgramW@CPluginBase@@SA_NPEA_W0_N@Z 0000000180010d2c f   ConEmuPluginBase.obj
 0001:0000ff90       ?SendTabs@CPluginBase@@SAXH_N@Z 0000000180010f90 f   ConEmuPluginBase.obj
 0001:0001014c       ?SetRootRegKey@CPluginBase@@IEAAXPEA_W@Z 000000018001114c f   ConEmuPluginBase.obj
 0001:000101e8       ?ShowConsoleInfo@CPluginBase@@QEAAXXZ 00000001800111e8 f   ConEmuPluginBase.obj
 0001:000103ec       ?ShowMessage@CPluginBase@@QEAAHHH@Z 00000001800113ec f   ConEmuPluginBase.obj
 0001:00010468       ?ShowMessageBox@CPluginBase@@KAHPEB_WI@Z 0000000180011468 f   ConEmuPluginBase.obj
 0001:0001054c       ?ShowMessageGui@CPluginBase@@QEAAHHH@Z 000000018001154c f   ConEmuPluginBase.obj
 0001:000105d4       ?ShowPanelsList@CPluginBase@@QEAAXXZ 00000001800115d4 f   ConEmuPluginBase.obj
 0001:00010728       ?ShowPluginMenu@CPluginBase@@QEAAXW4PluginCallCommands@@@Z 0000000180011728 f   ConEmuPluginBase.obj
 0001:0001093c       ?ShowProtocolWarning@CPluginBase@@KAXXZ 000000018001193c f   ConEmuPluginBase.obj
 0001:00010ab4       ?ShowTabsList@CPluginBase@@QEAAXXZ 0000000180011ab4 f   ConEmuPluginBase.obj
 0001:00010d40       ?StartDebugger@CPluginBase@@QEAA_NXZ 0000000180011d40 f   ConEmuPluginBase.obj
 0001:00010ff4       ?StopThread@CPluginBase@@QEAAX_N@Z 0000000180011ff4 f   ConEmuPluginBase.obj
 0001:00011258       ?StorePanelDirs@CPluginBase@@QEAA_NPEB_W0@Z 0000000180012258 f   ConEmuPluginBase.obj
 0001:000113c8       ?StringCchCatW@@YAJPEA_W_KPEB_W@Z 00000001800123c8 f i ConEmuPluginBase.obj
 0001:00011484       ?StringCchCopyW@@YAJPEA_W_KPEB_W@Z 0000000180012484 f i ConEmuPluginBase.obj
 0001:000114f0       ?SwitchTabCommand@CPluginBase@@QEAAXW4PluginMenuCommands@@@Z 00000001800124f0 f   ConEmuPluginBase.obj
 0001:00011574       ?ToOem@CPluginBase@@SAPEADPEB_W@Z 0000000180012574 f   ConEmuPluginBase.obj
 0001:000115d0       ?ToOem@CPluginBase@@SAXPEB_WPEAD_J@Z 00000001800125d0 f   ConEmuPluginBase.obj
 0001:00011610       ?ToUnicode@CPluginBase@@SAPEA_WPEBD@Z 0000000180012610 f   ConEmuPluginBase.obj
 0001:00011690       ?TouchReadPeekConsoleInputs@CPluginBase@@SAXH@Z 0000000180012690 f   ConEmuPluginBase.obj
 0001:000116dc       ?UngetDummyMouseEvent@CPluginBase@@SA_N_NPEAUHookCallbackArg@@@Z 00000001800126dc f   ConEmuPluginBase.obj
 0001:00011888       ?UpdateConEmuTabs@CPluginBase@@QEAA_N_N@Z 0000000180012888 f   ConEmuPluginBase.obj
 0001:00011b08       ?UpdatePanelDirs@CPluginBase@@QEAAXXZ 0000000180012b08 f   ConEmuPluginBase.obj
 0001:00011ccc       ?WaitPluginActivation@CPluginBase@@SAKKPEAPEAXHK@Z 0000000180012ccc f   ConEmuPluginBase.obj
 0001:00011ddc       ?cmd_CloseQSearch@CPluginBase@@QEAAXXZ 0000000180012ddc f   ConEmuPluginBase.obj
 0001:00011e18       ?cmd_ConSetFont@CPluginBase@@QEAAXPEAX@Z 0000000180012e18 f   ConEmuPluginBase.obj
 0001:00011e6c       ?cmd_EMenu@CPluginBase@@QEAAXPEAX@Z 0000000180012e6c f   ConEmuPluginBase.obj
 0001:00011f88       ?cmd_ExternalCallback@CPluginBase@@QEAA_NPEAX@Z 0000000180012f88 f   ConEmuPluginBase.obj
 0001:00011fec       ?cmd_GuiChanged@CPluginBase@@QEAAXPEAX@Z 0000000180012fec f   ConEmuPluginBase.obj
 0001:00012078       ?cmd_LeftClickSync@CPluginBase@@QEAAXPEAX@Z 0000000180013078 f   ConEmuPluginBase.obj
 0001:00012164       ?cmd_OpenEditorLine@CPluginBase@@QEAA_NPEAUCESERVER_REQ_FAREDITOR@@@Z 0000000180013164 f   ConEmuPluginBase.obj
 0001:00012230       ?cmd_RedrawFarCall@CPluginBase@@QEAA_NAEAPEAUCESERVER_REQ@@PEAPEAU2@@Z 0000000180013230 f   ConEmuPluginBase.obj
 0001:00012304       ?cmd_SetWindow@CPluginBase@@QEAA_NPEAX_N@Z 0000000180013304 f   ConEmuPluginBase.obj
 0001:00012390       ?isMacroActive@CPluginBase@@QEAA_NAEAH@Z 0000000180013390 f   ConEmuPluginBase.obj
 0001:000123cc       ?isModalEditorViewer@CPluginBase@@QEAA_NXZ 00000001800133cc f   ConEmuPluginBase.obj
 0001:000123f8       ?pcc_Disabled@CPluginBase@@SA_NW4PluginMenuCommands@@@Z 00000001800133f8 f   ConEmuPluginBase.obj
 0001:0001246c       ?pcc_Selected@CPluginBase@@SA_NW4PluginMenuCommands@@@Z 000000018001346c f   ConEmuPluginBase.obj
 0001:000124c8       ??0CPluginBackground@@QEAA@XZ 00000001800134c8 f   PluginBackground.obj
 0001:00012680       ??1CPluginBackground@@QEAA@XZ 0000000180013680 f   PluginBackground.obj
 0001:000127e8       ?CheckPanelFolders@CPluginBackground@@IEAAXH@Z 00000001800137e8 f   PluginBackground.obj
 0001:000128b8       ?GetTo@?$MFileMapping@UPanelViewSetMapping@@@@QEAA_NPEAUPanelViewSetMapping@@H@Z 00000001800138b8 f i PluginBackground.obj
 0001:00012988       ?IsParmChanged@CPluginBackground@@IEAA_NPEAUPaintBackgroundArg@@0@Z 0000000180013988 f   PluginBackground.obj
 0001:00012c00       ?LoadThSet@CPluginBackground@@IEAAHH@Z 0000000180013c00 f   PluginBackground.obj
 0001:00012f74       ?MonitorBackground@CPluginBackground@@QEAAXXZ 0000000180013f74 f   PluginBackground.obj
 0001:00012fdc       ?OnMainThreadActivated@CPluginBackground@@QEAAXHH@Z 0000000180013fdc f   PluginBackground.obj
 0001:000130a0       ?ReallocItems@CPluginBackground@@IEAAXH@Z 00000001800140a0 f   PluginBackground.obj
 0001:00013108       ?RegisterSubplugin@CPluginBackground@@QEAAHPEAURegisterBackgroundArg@@@Z 0000000180014108 f   PluginBackground.obj
 0001:00013390       ?SetDcPanelRect@CPluginBackground@@IEAAXPEAUtagRECT@@PEAUBkPanelInfo@@PEAUPaintBackgroundArg@@@Z 0000000180014390 f   PluginBackground.obj
 0001:00013464       ?SetForceThLoad@CPluginBackground@@QEAAXXZ 0000000180014464 f   PluginBackground.obj
 0001:0001347c       ?SetForceUpdate@CPluginBackground@@QEAAX_N@Z 000000018001447c f   PluginBackground.obj
 0001:0001349c       ?UpdateBackground@CPluginBackground@@IEAAXXZ 000000018001449c f   PluginBackground.obj
 0001:00013d10       ?UpdateBackground_Exec@CPluginBackground@@KAXPEAURegisterBackgroundArg@@PEAUPaintBackgroundArg@@@Z 0000000180014d10 f   PluginBackground.obj
 0001:00013d54       ??$swprintf_c@$09@@YAHAEAY09_WPEB_WZZ 0000000180014d54 f i PluginSrv.obj
 0001:00013d80       ??$wcscpy_c@$0BAE@@@YAHAEAY0BAE@_WPEB_W@Z 0000000180014d80 f i PluginSrv.obj
 0001:00013dcc       ?DumpError@?$PipeServer@UCESERVER_REQ@@@@IEAAXPEAUPipeInst@1@PEB_WH@Z 0000000180014dcc f i PluginSrv.obj
 0001:00013ee0       ?PipeServerRead@?$PipeServer@UCESERVER_REQ@@@@IEAAHPEAUPipeInst@1@@Z 0000000180014ee0 f i PluginSrv.obj
 0001:0001417c       ?PipeServerThread@?$PipeServer@UCESERVER_REQ@@@@IEAAKPEAUPipeInst@1@@Z 000000018001517c f i PluginSrv.obj
 0001:0001444c       ?PipeServerWrite@?$PipeServer@UCESERVER_REQ@@@@IEAAHPEAUPipeInst@1@PEBXKPEAKH@Z 000000018001544c f i PluginSrv.obj
 0001:00014578       ?PlugServerCommand@@YAHPEAXPEAUCESERVER_REQ@@AEAPEAU1@AEAK3_J@Z 0000000180015578 f   PluginSrv.obj
 0001:00014ab8       ?PlugServerFree@@YAXPEAUCESERVER_REQ@@_J@Z 0000000180015ab8 f   PluginSrv.obj
 0001:00014ad0       ?PlugServerStart@@YA_NXZ   0000000180015ad0 f   PluginSrv.obj
 0001:00014be4       ?PlugServerStop@@YAX_N@Z   0000000180015be4 f   PluginSrv.obj
 0001:00014c2c       ?StartPipeInstance@?$PipeServer@UCESERVER_REQ@@@@IEAA_NPEAUPipeInst@1@@Z 0000000180015c2c f i PluginSrv.obj
 0001:00014dbc       ?StartPipeServer@?$PipeServer@UCESERVER_REQ@@@@QEAA_N_NPEB_W_JPEAU_SECURITY_ATTRIBUTES@@P6AHPEAXPEAUCESERVER_REQ@@AEAPEAU3@AEAK72@ZP6AX52@ZP6AH42@ZP6AH42@ZP6AH42@Z@Z 0000000180015dbc f i PluginSrv.obj
 0001:00014f40       ?StopPipeServer@?$PipeServer@UCESERVER_REQ@@@@QEAAX_NAEA_N@Z 0000000180015f40 f i PluginSrv.obj
 0001:000152c8       ?WaitForClient@?$PipeServer@UCESERVER_REQ@@@@IEAA_NPEAUPipeInst@1@AEAH1@Z 00000001800162c8 f i PluginSrv.obj
 0001:000155e0       ?WaitOverlapped@?$PipeServer@UCESERVER_REQ@@@@IEAAHPEAUPipeInst@1@PEAK@Z 00000001800165e0 f i PluginSrv.obj
 0001:000157b4       ?WriteDummyAnswer@?$PipeServer@UCESERVER_REQ@@@@IEAAHPEAUPipeInst@1@@Z 00000001800167b4 f i PluginSrv.obj
 0001:00015834       ?_PipeServerThread@?$PipeServer@UCESERVER_REQ@@@@KAKPEAX@Z 0000000180016834 f i PluginSrv.obj
 0001:00015890       ?cmd_FarSetChanged@@YAXPEAUFAR_REQ_FARSETCHANGED@@@Z 0000000180016890 f   PluginSrv.obj
 0001:000158ea       GetFileVersionInfoSizeW    00000001800168ea f   version:VERSION.dll
 0001:000158f0       GetFileVersionInfoW        00000001800168f0 f   version:VERSION.dll
 0001:000158f6       VerQueryValueW             00000001800168f6 f   version:VERSION.dll
 0001:000158fc       CreateToolhelp32Snapshot   00000001800168fc f   kernel32:KERNEL32.dll
 0001:00015902       Thread32First              0000000180016902 f   kernel32:KERNEL32.dll
 0001:00015908       Thread32Next               0000000180016908 f   kernel32:KERNEL32.dll
 0001:0001590e       Module32FirstW             000000018001690e f   kernel32:KERNEL32.dll
 0001:00015914       Module32NextW              0000000180016914 f   kernel32:KERNEL32.dll
 0001:0001591c       ??2@YAPEAX_K@Z             000000018001691c f   common-kernel64:Memory.obj
 0001:00015944       ??3@YAXPEAX@Z              0000000180016944 f   common-kernel64:Memory.obj
 0001:00015944       ??_V@YAXPEAX@Z             0000000180016944 f   common-kernel64:Memory.obj
 0001:0001594c       ??_U@YAPEAX_K@Z            000000018001694c f   common-kernel64:Memory.obj
 0001:00015954       ?HeapDeinitialize@@YAXXZ   0000000180016954 f   common-kernel64:Memory.obj
 0001:000159b4       ?HeapInitialize@@YA_NXZ    00000001800169b4 f   common-kernel64:Memory.obj
 0001:000159f0       ?xf_calloc@@YAPEAX_K0@Z    00000001800169f0 f   common-kernel64:Memory.obj
 0001:00015a20       ?xf_free@@YAXPEAX@Z        0000000180016a20 f   common-kernel64:Memory.obj
 0001:00015a94       ?xf_malloc@@YAPEAX_K@Z     0000000180016a94 f   common-kernel64:Memory.obj
 0001:00015abc       ?xf_realloc@@YAPEAXPEAX_K@Z 0000000180016abc f   common-kernel64:Memory.obj
 0001:00015ae4       ??$wcscpy_c@$0CA@@@YAHAEAY0CA@_WPEB_W@Z 0000000180016ae4 f i common-kernel64:ConEmuCheck.obj
 0001:00015b30       ?ExecuteCmd@@YAPEAUCESERVER_REQ@@PEB_WPEAU1@KPEAUHWND__@@HKH@Z 0000000180016b30 f   common-kernel64:ConEmuCheck.obj
 0001:00015d18       ?ExecuteFreeResult@@YAXAEAPEAUCESERVER_REQ@@@Z 0000000180016d18 f   common-kernel64:ConEmuCheck.obj
 0001:00015d38       ?ExecuteGuiCmd@@YAPEAUCESERVER_REQ@@PEAUHWND__@@PEAU1@0H@Z 0000000180016d38 f   common-kernel64:ConEmuCheck.obj
 0001:00015df8       ?ExecuteNewCmd@@YAPEAUCESERVER_REQ@@K_K@Z 0000000180016df8 f   common-kernel64:ConEmuCheck.obj
 0001:00015e5c       ?ExecuteNewCmd@@YA_NAEAPEAUCESERVER_REQ@@AEAKK_K@Z 0000000180016e5c f   common-kernel64:ConEmuCheck.obj
 0001:00015f50       ?ExecuteOpenPipe@@YAPEAXPEB_WAEAY0CAI@_W0KKHPEAXH@Z 0000000180016f50 f   common-kernel64:ConEmuCheck.obj
 0001:00016100       ?ExecutePrepareCmd@@YAXPEAUCESERVER_REQ@@K_K@Z 0000000180017100 f   common-kernel64:ConEmuCheck.obj
 0001:0001613c       ?ExecutePrepareCmd@@YAXPEAUCESERVER_REQ_HDR@@K_K@Z 000000018001713c f   common-kernel64:ConEmuCheck.obj
 0001:000161ac       ?ExecuteSrvCmd@@YAPEAUCESERVER_REQ@@KPEAU1@PEAUHWND__@@HKH@Z 00000001800171ac f   common-kernel64:ConEmuCheck.obj
 0001:00016280       ?GetConEmuHWND@@YAPEAUHWND__@@H@Z 0000000180017280 f   common-kernel64:ConEmuCheck.obj
 0001:000163c4       ?GuiMessageBox@@YAHPEAUHWND__@@PEB_W1H@Z 00000001800173c4 f   common-kernel64:ConEmuCheck.obj
 0001:0001652c       ?LoadSrvMapping@@YAHPEAUHWND__@@AEAUCESERVER_CONSOLE_MAPPING_HDR@@@Z 000000018001752c f   common-kernel64:ConEmuCheck.obj
 0001:00016730       ?ModuleName@@YAPEB_WPEB_W@Z 0000000180017730 f   common-kernel64:ConEmuCheck.obj
 0001:000167f0       ?isConsoleClass@@YA_NPEB_W@Z 00000001800177f0 f   common-kernel64:ConEmuCheck.obj
 0001:00016840       ?isConsoleWindow@@YA_NPEAUHWND__@@@Z 0000000180017840 f   common-kernel64:ConEmuCheck.obj
 0001:00016930       ?myGetConsoleWindow@@YAPEAUHWND__@@XZ 0000000180017930 f   common-kernel64:ConEmuCheck.obj
 0001:000169cc       ?StringCchVPrintfA@@YAJPEAD_KPEBD0@Z 00000001800179cc f i common-kernel64:MStrSafe.obj
 0001:00016a74       ?lstrcmpni@@YAHPEB_W0H@Z   0000000180017a74 f   common-kernel64:MStrSafe.obj
 0001:00016b88       ?msprintf@@YAPEB_WPEA_W_KPEB_WZZ 0000000180017b88 f   common-kernel64:MStrSafe.obj
 0001:00016f98       ?sprintf_c@@YAHPEAD_JPEBDZZ 0000000180017f98 f   common-kernel64:MStrSafe.obj
 0001:00016fd8       ?swprintf_c@@YAHPEA_W_JPEB_WZZ 0000000180017fd8 f   common-kernel64:MStrSafe.obj
 0001:00017018       ?IsFilePath@@YA_NPEB_W_N@Z 0000000180018018 f   common-kernel64:CmdLine.obj
 0001:000171b8       ?PointToExt@@YAPEB_WPEB_W@Z 00000001800181b8 f   common-kernel64:CmdLine.obj
 0001:000171dc       ?PointToName@@YAPEB_WPEB_W@Z 00000001800181dc f   common-kernel64:CmdLine.obj
 0001:00017238       ?Unquote@@YAPEB_WPEA_W_N@Z 0000000180018238 f   common-kernel64:CmdLine.obj
 0001:000172a0       ??$sprintf_c@$0CI@@@YAHAEAY0CI@DPEBDZZ 00000001800182a0 f i common-kernel64:WThreads.obj
 0001:000172cc       ?SetThreadName@@YAXKPEAD@Z 00000001800182cc f   common-kernel64:WThreads.obj
 0001:00017304       ?apiCreateThread@@YAPEAXP6AKPEAX@Z0PEAKPEBDH@Z 0000000180018304 f   common-kernel64:WThreads.obj
 0001:0001744c       ?apiTerminateThreadEx@@YAHPEAXKPEBDH@Z 000000018001844c f   common-kernel64:WThreads.obj
 0001:00017554       ?apiThreadHelper@@YAKPEAX@Z 0000000180018554 f   common-kernel64:WThreads.obj
 0001:00017760       ?lstrdup@@YAPEA_WPEB_W_K@Z 0000000180018760 f   common-kernel64:MStrDup.obj
 0001:000177d4       ?lstrmerge@@YAPEA_WPEB_W00000000@Z 00000001800187d4 f   common-kernel64:MStrDup.obj
 0001:00017918       ?lstrmerge@@YA_NPEAPEA_WPEB_W1111111@Z 0000000180018918 f   common-kernel64:MStrDup.obj
 0001:00017990       ??0CEnvStrings@@QEAA@PEA_W@Z 0000000180018990 f   common-kernel64:EnvVar.obj
 0001:00017a04       ??1CEnvStrings@@QEAA@XZ    0000000180018a04 f   common-kernel64:EnvVar.obj
 0001:00017a28       ?Clear@CEnvRestorer@@QEAAXXZ 0000000180018a28 f   common-kernel64:EnvVar.obj
 0001:00017a4c       ?ExpandEnvStr@@YAPEA_WPEB_W@Z 0000000180018a4c f   common-kernel64:EnvVar.obj
 0001:00017af8       ?GetEnvVar@@YAPEA_WPEB_W@Z 0000000180018af8 f   common-kernel64:EnvVar.obj
 0001:00017b9c       ?SavePathVar@CEnvRestorer@@QEAAXPEB_W@Z 0000000180018b9c f   common-kernel64:EnvVar.obj
 0001:00017bd0       ?CommonShutdown@@YAXXZ     0000000180018bd0 f   common-kernel64:Common.obj
 0001:00017be0       ?IsEnvBlockVariableValid@@YA_NPEB_W@Z 0000000180018be0 f   common-kernel64:Common.obj
 0001:00017c14       ?IsEnvBlockVariableValid@@YA_NPEB_WAEAPEB_W@Z 0000000180018c14 f   common-kernel64:Common.obj
 0001:00017c68       ?SetCommand@CESERVER_REQ_NEWCMD@@QEAAXPEB_W@Z 0000000180018c68 f   common-kernel64:Common.obj
 0001:00017cd0       ?SetEnvStrings@CESERVER_REQ_NEWCMD@@QEAAXPEB_WK@Z 0000000180018cd0 f   common-kernel64:Common.obj
 0001:00017de8       ??_GMNullDesc@@QEAAPEAXI@Z 0000000180018de8 f i common-kernel64:MSecurity.obj
 0001:00017e5c       ?LoadAdvApi@MNullDesc@@IEAAHXZ 0000000180018e5c f i common-kernel64:MSecurity.obj
 0001:00017f84       ?LocalSecurity@@YAPEAU_SECURITY_ATTRIBUTES@@XZ 0000000180018f84 f   common-kernel64:MSecurity.obj
 0001:00017fdc       ?LocalSecurity@MNullDesc@@QEAAPEAU_SECURITY_ATTRIBUTES@@XZ 0000000180018fdc f i common-kernel64:MSecurity.obj
 0001:00018158       ?ShutdownSecurity@@YAXXZ   0000000180019158 f   common-kernel64:MSecurity.obj
 0001:00018180       ??0CEStr@@QEAA@$$QEAPEA_W@Z 0000000180019180 f   common-kernel64:CEStr.obj
 0001:000181a0       ??0CEStr@@QEAA@PEB_W00000000@Z 00000001800191a0 f   common-kernel64:CEStr.obj
 0001:00018238       ??0CEStr@@QEAA@XZ          0000000180019238 f   common-kernel64:CEStr.obj
 0001:00018248       ??0bad_alloc@stdext@@QEAA@AEBV01@@Z 0000000180019248 f i common-kernel64:CEStr.obj
 0001:00018268       ??0bad_alloc@stdext@@QEAA@XZ 0000000180019268 f i common-kernel64:CEStr.obj
 0001:00018284       ??0exception@stdext@@QEAA@AEBV01@@Z 0000000180019284 f i common-kernel64:CEStr.obj
 0001:0001829c       ??1CEStr@@QEAA@XZ          000000018001929c f   common-kernel64:CEStr.obj
 0001:000182a4       ??1bad_alloc@stdext@@UEAA@XZ 00000001800192a4 f i common-kernel64:CEStr.obj
 0001:000182b0       ??4CEStr@@QEAAAEAU0@PEB_W@Z 00000001800192b0 f   common-kernel64:CEStr.obj
 0001:000182d0       ??BCEStr@@QEBAPEB_WXZ      00000001800192d0 f   common-kernel64:CEStr.obj
 0001:000182d4       ??_Eexception@stdext@@UEAAPEAXI@Z 00000001800192d4 f i common-kernel64:CEStr.obj
 0001:000182d4       ??_Ebad_alloc@stdext@@UEAAPEAXI@Z 00000001800192d4 f i common-kernel64:CEStr.obj
 0001:000182d4       ??_Gbad_alloc@stdext@@UEAAPEAXI@Z 00000001800192d4 f i common-kernel64:CEStr.obj
 0001:000182d4       ??_Gexception@stdext@@UEAAPEAXI@Z 00000001800192d4 f i common-kernel64:CEStr.obj
 0001:00018300       ?AttachInt@CEStr@@AEAAPEB_WAEAPEA_W@Z 0000000180019300 f   common-kernel64:CEStr.obj
 0001:00018378       ?GetBuffer@CEStr@@QEAAPEA_W_J@Z 0000000180019378 f   common-kernel64:CEStr.obj
 0001:00018438       ?GetLen@CEStr@@QEBA_JXZ    0000000180019438 f   common-kernel64:CEStr.obj
 0001:00018460       ?GetMaxCount@CEStr@@QEAA_JXZ 0000000180019460 f   common-kernel64:CEStr.obj
 0001:0001848c       ?Release@CEStr@@QEAAXXZ    000000018001948c f   common-kernel64:CEStr.obj
 0001:000184b0       ?Set@CEStr@@QEAAPEB_WPEB_W_J@Z 00000001800194b0 f   common-kernel64:CEStr.obj
 0001:00018598       ?StringCchCopyNW@@YAJPEA_W_KPEB_W1@Z 0000000180019598 f i common-kernel64:CEStr.obj
 0001:0001860c       ?_Doraise@bad_alloc@stdext@@MEBAXXZ 000000018001960c f i common-kernel64:CEStr.obj
 0001:00018628       ?what@exception@stdext@@UEBAPEBDXZ 0000000180019628 f i common-kernel64:CEStr.obj
 0001:0001863c       ??0MHandle@@QEAA@PEAXV?$function@$$A6AXPEAX@Z@std@@@Z 000000018001963c f i common-kernel64:WObjects.obj
 0001:000186b0       ??4?$function@$$A6AXPEAX@Z@std@@QEAAAEAV01@$$QEAV01@@Z 00000001800196b0 f i common-kernel64:WObjects.obj
 0001:00018728       ?Close@MHandle@@QEAAXXZ    0000000180019728 f i common-kernel64:WObjects.obj
 0001:0001878c       ?FileExists@@YA_NPEB_WPEA_K@Z 000000018001978c f   common-kernel64:WObjects.obj
 0001:00018a28       ?IsWin6@@YA_NXZ            0000000180019a28 f   common-kernel64:WObjects.obj
 0001:00018a5c       ?IsWin7@@YA_NXZ            0000000180019a5c f   common-kernel64:WObjects.obj
 0001:00018a90       ?IsWinVerOrHigher@@YA_NG@Z 0000000180019a90 f   common-kernel64:WObjects.obj
 0001:00018ba8       ?IsWindows64@@YA_NXZ       0000000180019ba8 f   common-kernel64:WObjects.obj
 0001:00018bcc       ?SetHandle@MHandle@@QEAA_NPEAXV?$function@$$A6AXPEAX@Z@std@@@Z 0000000180019bcc f i common-kernel64:WObjects.obj
 0001:00018c38       ?_Copy@?$_Func_impl_no_alloc@P6AHPEAX@ZXPEAX@std@@EEBAPEAV?$_Func_base@XPEAX@2@PEAX@Z 0000000180019c38 f i common-kernel64:WObjects.obj
 0001:00018c38       ?_Move@?$_Func_impl_no_alloc@P6AHPEAX@ZXPEAX@std@@EEAAPEAV?$_Func_base@XPEAX@2@PEAX@Z 0000000180019c38 f i common-kernel64:WObjects.obj
 0001:00018c50       ?_Delete_this@?$_Func_impl_no_alloc@P6AHPEAX@ZXPEAX@std@@EEAAX_N@Z 0000000180019c50 f i common-kernel64:WObjects.obj
 0001:00018c50       ?_Delete_this@?$_Func_impl_no_alloc@V<lambda_217d18733db987cb8fc0adfd68028951>@@_NAEBUtagPROCESSENTRY32W@@@std@@EEAAX_N@Z 0000000180019c50 f i common-kernel64:MProcess.obj
 0001:00018c68       ?_Do_call@?$_Func_impl_no_alloc@P6AHPEAX@ZXPEAX@std@@EEAAX$$QEAPEAX@Z 0000000180019c68 f i common-kernel64:WObjects.obj
 0001:00018c74       ?_Get@?$_Func_impl_no_alloc@V<lambda_217d18733db987cb8fc0adfd68028951>@@_NAEBUtagPROCESSENTRY32W@@@std@@EEBAPEBXXZ 0000000180019c74 f i common-kernel64:MProcess.obj
 0001:00018c74       ?_Get@?$_Func_impl_no_alloc@P6AHPEAX@ZXPEAX@std@@EEBAPEBXXZ 0000000180019c74 f i common-kernel64:WObjects.obj
 0001:00018c7c       ?_Target_type@?$_Func_impl_no_alloc@P6AHPEAX@ZXPEAX@std@@EEBAAEBVtype_info@@XZ 0000000180019c7c f i common-kernel64:WObjects.obj
 0001:00018c84       ?_VerifyVersionInfo@@YA_NPEAU_OSVERSIONINFOEXW@@K_K@Z 0000000180019c84 f   common-kernel64:WObjects.obj
 0001:00018d54       ?Init@HkFunc@@QEAA_NPEB_WPEAUHINSTANCE__@@@Z 0000000180019d54 f   common-kernel64:HkFunc.obj
 0001:00018de4       ?isConEmuHk@HkFunc@@QEAA_NXZ 0000000180019de4 f   common-kernel64:HkFunc.obj
 0001:00018dec       ??$_Emplace_reallocate@AEBUtagPROCESSENTRY32W@@@?$vector@UtagPROCESSENTRY32W@@V?$MArrayAllocator@UtagPROCESSENTRY32W@@@@@std@@QEAAPEAUtagPROCESSENTRY32W@@QEAU2@AEBU2@@Z 0000000180019dec f i common-kernel64:MProcess.obj
 0001:00018fdc       ??$emplace_back@AEBUtagPROCESSENTRY32W@@@?$vector@UtagPROCESSENTRY32W@@V?$MArrayAllocator@UtagPROCESSENTRY32W@@@@@std@@QEAAXAEBUtagPROCESSENTRY32W@@@Z 0000000180019fdc f i common-kernel64:MProcess.obj
 0001:00019078       ??0?$MToolHelp@UtagPROCESSENTRY32W@@$1?Process32FirstW@@YAHPEAXPEAU1@@Z$1?Process32NextW@@YAH01@Z@@QEAA@KK@Z 000000018001a078 f i common-kernel64:MProcess.obj
 0001:00019100       ??_GMToolHelpProcess@@UEAAPEAXI@Z 000000018001a100 f i common-kernel64:MProcess.obj
 0001:00019100       ??_E?$MToolHelp@UtagPROCESSENTRY32W@@$1?Process32FirstW@@YAHPEAXPEAU1@@Z$1?Process32NextW@@YAH01@Z@@UEAAPEAXI@Z 000000018001a100 f i common-kernel64:MProcess.obj
 0001:00019100       ??_G?$MToolHelp@UtagPROCESSENTRY32W@@$1?Process32FirstW@@YAHPEAXPEAU1@@Z$1?Process32NextW@@YAH01@Z@@UEAAPEAXI@Z 000000018001a100 f i common-kernel64:MProcess.obj
 0001:00019100       ??_EMToolHelpProcess@@UEAAPEAXI@Z 000000018001a100 f i common-kernel64:MProcess.obj
 0001:00019168       ?Close@?$MToolHelp@UtagPROCESSENTRY32W@@$1?Process32FirstW@@YAHPEAXPEAU1@@Z$1?Process32NextW@@YAH01@Z@@QEAAXXZ 000000018001a168 f i common-kernel64:MProcess.obj
 0001:000191e8       __acrt_uninitialize_command_line 000000018001a1e8 f i libucrt:argv_data.obj
 0001:000191e8       ?Filter@?$MToolHelp@UtagPROCESSENTRY32W@@$1?Process32FirstW@@YAHPEAXPEAU1@@Z$1?Process32NextW@@YAH01@Z@@MEAA_NAEBUtagPROCESSENTRY32W@@@Z 000000018001a1e8 f i common-kernel64:MProcess.obj
 0001:000191ec       ?Find@?$MToolHelp@UtagPROCESSENTRY32W@@$1?Process32FirstW@@YAHPEAXPEAU1@@Z$1?Process32NextW@@YAH01@Z@@QEAA_NAEBV?$function@$$A6A_NAEBUtagPROCESSENTRY32W@@@Z@std@@AEAUtagPROCESSENTRY32W@@@Z 000000018001a1ec f i common-kernel64:MProcess.obj
 0001:00019300       ?Find@MToolHelpProcess@@QEAA_NKAEAUtagPROCESSENTRY32W@@@Z 000000018001a300 f i common-kernel64:MProcess.obj
 0001:0001936c       ?Next@?$MToolHelp@UtagPROCESSENTRY32W@@$1?Process32FirstW@@YAHPEAXPEAU1@@Z$1?Process32NextW@@YAH01@Z@@QEAA_NAEAUtagPROCESSENTRY32W@@@Z 000000018001a36c f i common-kernel64:MProcess.obj
 0001:00019454       ?_Move@?$_Func_impl_no_alloc@V<lambda_217d18733db987cb8fc0adfd68028951>@@_NAEBUtagPROCESSENTRY32W@@@std@@EEAAPEAV?$_Func_base@_NAEBUtagPROCESSENTRY32W@@@2@PEAX@Z 000000018001a454 f i common-kernel64:MProcess.obj
 0001:00019454       ?_Copy@?$_Func_impl_no_alloc@V<lambda_217d18733db987cb8fc0adfd68028951>@@_NAEBUtagPROCESSENTRY32W@@@std@@EEBAPEAV?$_Func_base@_NAEBUtagPROCESSENTRY32W@@@2@PEAX@Z 000000018001a454 f i common-kernel64:MProcess.obj
 0001:00019468       ?_Do_call@?$_Func_impl_no_alloc@V<lambda_217d18733db987cb8fc0adfd68028951>@@_NAEBUtagPROCESSENTRY32W@@@std@@EEAA_NAEBUtagPROCESSENTRY32W@@@Z 000000018001a468 f i common-kernel64:MProcess.obj
 0001:00019474       ?_Target_type@?$_Func_impl_no_alloc@V<lambda_217d18733db987cb8fc0adfd68028951>@@_NAEBUtagPROCESSENTRY32W@@@std@@EEBAAEBVtype_info@@XZ 000000018001a474 f i common-kernel64:MProcess.obj
 0001:0001947c       ?getNext@?$MToolHelp@UtagPROCESSENTRY32W@@$1?Process32FirstW@@YAHPEAXPEAU1@@Z$1?Process32NextW@@YAH01@Z@@IEAA_NXZ 000000018001a47c f i common-kernel64:MProcess.obj
 0001:0001953c       ?isTerminalMode@@YA_NXZ    000000018001a53c f   common-kernel64:MProcess.obj
 0001:00019678       ??0MSection@@QEAA@XZ       000000018001a678 f   common-kernel64:MSection.obj
 0001:00019700       ??0MSectionLock@@QEAA@XZ   000000018001a700 f   common-kernel64:MSection.obj
 0001:00019710       ??0MSectionThread@@QEAA@PEAVMSection@@@Z 000000018001a710 f   common-kernel64:MSection.obj
 0001:00019730       ??1MSection@@QEAA@XZ       000000018001a730 f   common-kernel64:MSection.obj
 0001:00019798       ??1MSectionLock@@QEAA@XZ   000000018001a798 f   common-kernel64:MSection.obj
 0001:000197bc       ??1MSectionThread@@QEAA@XZ 000000018001a7bc f   common-kernel64:MSection.obj
 0001:000197f8       ?AddRef@MSection@@IEAAXK@Z 000000018001a7f8 f   common-kernel64:MSection.obj
 0001:0001988c       ?Lock@MSection@@IEAAHHK@Z  000000018001a88c f   common-kernel64:MSection.obj
 0001:00019988       ?Lock@MSectionLock@@QEAAHPEAVMSection@@HK@Z 000000018001a988 f   common-kernel64:MSection.obj
 0001:000199dc       ?MyEnterCriticalSection@MSection@@IEAA_NK@Z 000000018001a9dc f   common-kernel64:MSection.obj
 0001:00019b08       ?ReleaseRef@MSection@@IEAAHK@Z 000000018001ab08 f   common-kernel64:MSection.obj
 0001:00019ba8       ?Unlock@MSection@@IEAAXH@Z 000000018001aba8 f   common-kernel64:MSection.obj
 0001:00019c00       ?Unlock@MSectionLock@@QEAAXXZ 000000018001ac00 f   common-kernel64:MSection.obj
 0001:00019c2c       ?WaitUnlocked@MSection@@IEAAXKK@Z 000000018001ac2c f   common-kernel64:MSection.obj
 0001:00019cc0       ?CheckCallbackPtr@@YA_NPEAUHINSTANCE__@@_KPEAP6A_JXZHHH@Z 000000018001acc0 f   common-kernel64:WModuleCheck.obj
 0001:00019dc8       ?IsModuleValid@@YA_NPEAUHINSTANCE__@@H@Z 000000018001adc8 f   common-kernel64:WModuleCheck.obj
 0001:00019ed0       ??0MModule@@QEAA@PEAUHINSTANCE__@@@Z 000000018001aed0 f   common-kernel64:MModule.obj
 0001:00019ee0       ??1MModule@@QEAA@XZ        000000018001aee0 f   common-kernel64:MModule.obj
 0001:00019ee8       ?Free@MModule@@QEAAXXZ     000000018001aee8 f   common-kernel64:MModule.obj
 0001:00019f20       ??0MSectionSimple@@QEAA@_N@Z 000000018001af20 f   common-kernel64:MSectionSimple.obj
 0001:00019f58       ??1MSectionSimple@@QEAA@XZ 000000018001af58 f   common-kernel64:MSectionSimple.obj
 0001:00019f58       ?Close@MSectionSimple@@QEAAXXZ 000000018001af58 f   common-kernel64:MSectionSimple.obj
 0001:00019f78       ?Enter@MSectionSimple@@QEAAXXZ 000000018001af78 f   common-kernel64:MSectionSimple.obj
 0001:00019f80       ?Init@MSectionSimple@@QEAAXXZ 000000018001af80 f   common-kernel64:MSectionSimple.obj
 0001:00019fa0       ?Leave@MSectionSimple@@QEAAXXZ 000000018001afa0 f   common-kernel64:MSectionSimple.obj
 0001:00019fa8       ?RecreateAndLock@MSectionSimple@@QEAA_NXZ 000000018001afa8 f   common-kernel64:MSectionSimple.obj
 0001:0001a018       ?TryEnter@MSectionSimple@@QEAA_NXZ 000000018001b018 f   common-kernel64:MSectionSimple.obj
 0001:0001a040       ?SetConEmuEnvHWND@@YAXPEB_WPEAUHWND__@@@Z 000000018001b040 f   common-user64:SetEnvVar.obj
 0001:0001a098       ?SetConEmuEnvVar@@YAXPEAUHWND__@@@Z 000000018001b098 f   common-user64:SetEnvVar.obj
 0001:0001a11c       ?SetConEmuEnvVarChild@@YAXPEAUHWND__@@0@Z 000000018001b11c f   common-user64:SetEnvVar.obj
 0001:0001a148       ??$wcscpy_c@$0BAF@@@YAHAEAY0BAF@_WPEB_W@Z 000000018001b148 f i common-user64:ConEmuCheckEx.obj
 0001:0001a194       ?FindConEmuBaseDir@@YAHAEAY0BAF@_W0PEAUHINSTANCE__@@@Z 000000018001b194 f   common-user64:ConEmuCheckEx.obj
 0001:0001a8a8       ?IsConEmuExeExist@@YAHPEB_WAEAY0BAF@_W@Z 000000018001b8a8 f   common-user64:ConEmuCheckEx.obj
 0001:0001a954       ??$swprintf_c@$0FA@@@YAHAEAY0FA@_WPEB_WZZ 000000018001b954 f i common-user64:EmergencyShow.obj
 0001:0001a980       ?CorrectConsolePos@@YAXPEAUHWND__@@@Z 000000018001b980 f   common-user64:EmergencyShow.obj
 0001:0001aa9c       ?EmergencyShow@@YAXPEAUHWND__@@HH@Z 000000018001ba9c f   common-user64:EmergencyShow.obj
 0001:0001abdc       ?EvaluateDefaultFontWidth@@YAHHPEB_W@Z 000000018001bbdc f   common-user64:EmergencyShow.obj
 0001:0001ad00       ?SetUserFriendlyFont@@YAXPEAUHWND__@@HH@Z 000000018001bd00 f   common-user64:EmergencyShow.obj
 0001:0001b064       ??0MSetter@@QEAA@PEAJ@Z    000000018001c064 f   common-user64:MSetter.obj
 0001:0001b07c       ??1MSetter@@QEAA@XZ        000000018001c07c f   common-user64:MSetter.obj
 0001:0001b084       ?Unlock@MSetter@@QEAAXXZ   000000018001c084 f   common-user64:MSetter.obj
 0001:0001b0e4       ?IsDotsName@@YA_NPEB_W@Z   000000018001c0e4 f   common-user64:WFiles.obj
 0001:0001b108       ?SearchAppPaths@@YA_NPEB_WAEAUCEStr@@_NPEAVCEnvRestorer@@@Z 000000018001c108 f   common-user64:WFiles.obj
 0001:0001b508       ?GetConsoleSizeInfo@@YAXPEAUCONSOLE_INFO@@@Z 000000018001c508 f   common-user64:WConsoleEx.obj
 0001:0001b594       ?SetConsoleFontSizeTo@@YAXPEAUHWND__@@HHPEB_WGG@Z 000000018001c594 f   common-user64:WConsoleEx.obj
 0001:0001b97c       ?SetConsoleInfo@@YAHPEAUHWND__@@PEAUCONSOLE_INFO@@@Z 000000018001c97c f   common-user64:WConsoleEx.obj
 0001:0001bb84       ?SetEnvVarExpanded@@YAXPEB_W0@Z 000000018001cb84 f   common-user64:WUser.obj
 0001:0001bc6c       ?UpdateComspec@@YAXPEAUConEmuComspec@@_N@Z 000000018001cc6c f   common-user64:WUser.obj
 0001:0001bf10       ?apiShowWindow@@YA_NPEAUHWND__@@H@Z 000000018001cf10 f   common-user64:WUser.obj
 0001:0001bf24       ?apiShowWindowAsync@@YA_NPEAUHWND__@@H@Z 000000018001cf24 f   common-user64:WUser.obj
 0001:0001bf38       ?FindMonitorsWorkspace@@YAHPEAUHMONITOR__@@PEAUHDC__@@PEAUtagRECT@@_J@Z 000000018001cf38 f   common-user64:Monitors.obj
 0001:0001bf74       ?GetAllMonitorsWorkspace@@YA?AUtagRECT@@XZ 000000018001cf74 f   common-user64:Monitors.obj
 0001:0001bfd4       ??0bad_function_call@std@@QEAA@AEBV01@@Z 000000018001cfd4 f i libcpmt:xthrow.obj
 0001:0001c010       ??0bad_function_call@std@@QEAA@XZ 000000018001d010 f i libcpmt:xthrow.obj
 0001:0001c028       ??0length_error@std@@QEAA@AEBV01@@Z 000000018001d028 f i libcpmt:xthrow.obj
 0001:0001c064       ??0length_error@std@@QEAA@PEBD@Z 000000018001d064 f i libcpmt:xthrow.obj
 0001:0001c0ac       ??0logic_error@std@@QEAA@AEBV01@@Z 000000018001d0ac f i libcpmt:xthrow.obj
 0001:0001c0e8       ?_Xbad_function_call@std@@YAXXZ 000000018001d0e8 f   libcpmt:xthrow.obj
 0001:0001c108       ?_Xlength_error@std@@YAXPEBD@Z 000000018001d108 f   libcpmt:xthrow.obj
 0001:0001c12c       ?what@bad_function_call@std@@UEBAPEBDXZ 000000018001d12c f i libcpmt:xthrow.obj
 0001:0001c134       __GSHandlerCheck           000000018001d134 f   LIBCMT:gshandler.obj
 0001:0001c154       __GSHandlerCheckCommon     000000018001d154 f   LIBCMT:gshandler.obj
 0001:0001c1c0       __security_check_cookie    000000018001d1c0 f   LIBCMT:amdsecgs.obj
 0001:0001c1e4       ??3@YAXPEAX_K@Z            000000018001d1e4 f   LIBCMT:delete_scalar_size.obj
 0001:0001c200       _alloca_probe              000000018001d200 f   LIBCMT:chkstk.obj
 0001:0001c200       __chkstk                   000000018001d200 f   LIBCMT:chkstk.obj
 0001:0001c254       ??_Gtype_info@@UEAAPEAXI@Z 000000018001d254 f i LIBCMT:std_type_info_static.obj
 0001:0001c254       ??_Etype_info@@UEAAPEAXI@Z 000000018001d254 f i LIBCMT:std_type_info_static.obj
 0001:0001c280       __GSHandlerCheck_EH4       000000018001d280 f   LIBCMT:gshandlereh4.obj
 0001:0001c3f8       _Init_thread_footer        000000018001d3f8 f   LIBCMT:thread_safe_statics.obj
 0001:0001c458       _Init_thread_header        000000018001d458 f   LIBCMT:thread_safe_statics.obj
 0001:0001c4c0       _Init_thread_notify        000000018001d4c0 f   LIBCMT:thread_safe_statics.obj
 0001:0001c504       _Init_thread_wait          000000018001d504 f   LIBCMT:thread_safe_statics.obj
 0001:0001c888       _DllMainCRTStartup         000000018001d888 f   LIBCMT:dll_dllmain.obj
 0001:0001c8c8       __scrt_acquire_startup_lock 000000018001d8c8 f   LIBCMT:utility.obj
 0001:0001c904       __scrt_dllmain_after_initialize_c 000000018001d904 f   LIBCMT:utility.obj
 0001:0001c938       __scrt_dllmain_before_initialize_c 000000018001d938 f   LIBCMT:utility.obj
 0001:0001c950       __scrt_dllmain_crt_thread_attach 000000018001d950 f   LIBCMT:utility.obj
 0001:0001c978       __scrt_dllmain_crt_thread_detach 000000018001d978 f   LIBCMT:utility.obj
 0001:0001c990       __scrt_dllmain_exception_filter 000000018001d990 f   LIBCMT:utility.obj
 0001:0001c9f0       __scrt_dllmain_uninitialize_c 000000018001d9f0 f   LIBCMT:utility.obj
 0001:0001ca20       __scrt_dllmain_uninitialize_critical 000000018001da20 f   LIBCMT:utility.obj
 0001:0001ca34       __scrt_initialize_crt      000000018001da34 f   LIBCMT:utility.obj
 0001:0001ca80       __scrt_initialize_onexit_tables 000000018001da80 f   LIBCMT:utility.obj
 0001:0001cb0c       __scrt_is_nonwritable_in_current_image 000000018001db0c f   LIBCMT:utility.obj
 0001:0001cba4       __scrt_release_startup_lock 000000018001dba4 f   LIBCMT:utility.obj
 0001:0001cbc8       __scrt_uninitialize_crt    000000018001dbc8 f   LIBCMT:utility.obj
 0001:0001cbf4       _onexit                    000000018001dbf4 f   LIBCMT:utility.obj
 0001:0001cc30       atexit                     000000018001dc30 f   LIBCMT:utility.obj
 0001:0001cc48       __raise_securityfailure    000000018001dc48 f   LIBCMT:gs_report.obj
 0001:0001cc7c       __report_gsfailure         000000018001dc7c f   LIBCMT:gs_report.obj
 0001:0001cd50       __report_rangecheckfailure 000000018001dd50 f   LIBCMT:gs_report.obj
 0001:0001cd64       __report_securityfailure   000000018001dd64 f   LIBCMT:gs_report.obj
 0001:0001cee4       __crt_debugger_hook        000000018001dee4 f   LIBCMT:utility_desktop.obj
 0001:0001ceec       __scrt_fastfail            000000018001deec f   LIBCMT:utility_desktop.obj
 0001:0001d038       __security_init_cookie     000000018001e038 f   LIBCMT:gs_support.obj
 0001:0001d0e4       ?__scrt_initialize_type_info@@YAXXZ 000000018001e0e4 f   LIBCMT:tncleanup.obj
 0001:0001d0f4       ?__scrt_uninitialize_type_info@@YAXXZ 000000018001e0f4 f   LIBCMT:tncleanup.obj
 0001:0001d100       __local_stdio_scanf_options 000000018001e100 f i LIBCMT:default_local_stdio_options.obj
 0001:0001d108       __scrt_initialize_default_local_stdio_options 000000018001e108 f   LIBCMT:default_local_stdio_options.obj
 0001:0001d124       __scrt_get_dyn_tls_init_callback 000000018001e124 f   LIBCMT:dyn_tls_init.obj
 0001:0001d12c       _RTC_Initialize            000000018001e12c f   LIBCMT:initsect.obj
 0001:0001d168       _RTC_Terminate             000000018001e168 f   LIBCMT:initsect.obj
 0001:0001d1a4       __isa_available_init       000000018001e1a4 f   LIBCMT:cpu_disp.obj
 0001:0001d348       __scrt_is_ucrt_dll_in_use  000000018001e348 f   LIBCMT:ucrt_detection.obj
 0001:0001d360       ??$_CallSETranslator@V__FrameHandler4@@@@YAHPEAUEHExceptionRecord@@PEA_KPEAU_CONTEXT@@PEAU_xDISPATCHER_CONTEXT@@PEAUFuncInfo4@FH4@@K1H@Z 000000018001e360 f i libvcruntime:risctrnsctrl.obj
 0001:0001d3b4       ?DecompFuncInfo@FH4@@YA_JPEAEAEAUFuncInfo4@1@_KH_N@Z 000000018001e3b4 f i libvcruntime:risctrnsctrl.obj
 0001:0001d4d8       ?ExecutionInCatch@__FrameHandler4@@SA_NPEAU_xDISPATCHER_CONTEXT@@PEAUFuncInfo4@FH4@@@Z 000000018001e4d8 f   libvcruntime:risctrnsctrl.obj
 0001:0001d4e0       ?FrameUnwindToEmptyState@__FrameHandler4@@SAXPEA_KPEAU_xDISPATCHER_CONTEXT@@PEAUFuncInfo4@FH4@@@Z 000000018001e4e0 f   libvcruntime:risctrnsctrl.obj
 0001:0001d514       ?GetEstablisherFrame@__FrameHandler4@@SAPEA_KPEA_KPEAU_xDISPATCHER_CONTEXT@@PEAUFuncInfo4@FH4@@0@Z 000000018001e514 f   libvcruntime:risctrnsctrl.obj
 0001:0001d538       ?GetRangeOfTrysToCheck@__FrameHandler4@@SA?AU?$pair@Viterator@TryBlockMap4@FH4@@V123@@std@@AEAVTryBlockMap4@FH4@@HPEAU_xDISPATCHER_CONTEXT@@PEAUFuncInfo4@5@H@Z 000000018001e538 f   libvcruntime:risctrnsctrl.obj
 0001:0001d6a0       ?UnwindNestedFrames@__FrameHandler4@@SAXPEA_KPEAUEHExceptionRecord@@PEAU_CONTEXT@@0PEAXPEAUFuncInfo4@FH4@@HHPEAUHandlerType4@5@PEAU_xDISPATCHER_CONTEXT@@E@Z 000000018001e6a0 f   libvcruntime:risctrnsctrl.obj
 0001:0001d7c0       ?setBuffer@TryBlockMap4@FH4@@QEAAXViterator@12@@Z 000000018001e7c0 f i libvcruntime:risctrnsctrl.obj
 0001:0001d980       _CreateFrameInfo           000000018001e980 f   libvcruntime:risctrnsctrl.obj
 0001:0001d9bc       _FindAndUnlinkFrame        000000018001e9bc f   libvcruntime:risctrnsctrl.obj
 0001:0001da10       _GetImageBase              000000018001ea10 f   libvcruntime:risctrnsctrl.obj
 0001:0001da24       _GetThrowImageBase         000000018001ea24 f   libvcruntime:risctrnsctrl.obj
 0001:0001da38       _SetImageBase              000000018001ea38 f   libvcruntime:risctrnsctrl.obj
 0001:0001da50       _SetThrowImageBase         000000018001ea50 f   libvcruntime:risctrnsctrl.obj
 0001:0001da68       __CxxFrameHandler4         000000018001ea68 f   libvcruntime:risctrnsctrl.obj
 0001:0001db40       memcpy_repmovs             000000018001eb40 f   libvcruntime:memcpy.obj
 0001:0001db60       memcpy                     000000018001eb60 f   libvcruntime:memcpy.obj
 0001:0001db60       memmove                    000000018001eb60 f   libvcruntime:memcpy.obj
 0001:0001df38       wcschr                     000000018001ef38 f   libvcruntime:wcschr.obj
 0001:0001dfb4       wcsstr                     000000018001efb4 f   libvcruntime:wcsstr.obj
 0001:0001e1e0       memset_repmovs             000000018001f1e0 f   libvcruntime:memset.obj
 0001:0001e200       memset                     000000018001f200 f   libvcruntime:memset.obj
 0001:0001e3a0       __DestructExceptionObject  000000018001f3a0 f   libvcruntime:ehhelpers.obj
 0001:0001e410       ?_CallMemberFunction0@@YAXQEAX0@Z 000000018001f410 f i libvcruntime:ehhelpers.obj
 0001:0001e414       _IsExceptionObjectToBeDestroyed 000000018001f414 f   libvcruntime:ehhelpers.obj
 0001:0001e444       __AdjustPointer            000000018001f444 f   libvcruntime:ehhelpers.obj
 0001:0001e468       __FrameUnwindFilter        000000018001f468 f   libvcruntime:ehhelpers.obj
 0001:0001e4d0       __std_terminate            000000018001f4d0 f   libvcruntime:ehhelpers.obj
 0001:0001e4dc       __std_exception_copy       000000018001f4dc f   libvcruntime:std_exception.obj
 0001:0001e56c       __std_exception_destroy    000000018001f56c f   libvcruntime:std_exception.obj
 0001:0001e594       _CxxThrowException         000000018001f594 f   libvcruntime:throw.obj
 0001:0001e634       _get_purecall_handler      000000018001f634 f   libvcruntime:purevirt.obj
 0001:0001e63c       _purecall                  000000018001f63c f   libvcruntime:purevirt.obj
 0001:0001e658       wcsrchr                    000000018001f658 f   libvcruntime:wcsrchr.obj
 0001:0001e720       memcmp                     000000018001f720 f   libvcruntime:memcmp.obj
 0001:0001e7e8       __C_specific_handler       000000018001f7e8 f   libvcruntime:riscchandler.obj
 0001:0001e9fc       strrchr                    000000018001f9fc f   libvcruntime:strrchr.obj
 0001:0001eb2c       strchr                     000000018001fb2c f   libvcruntime:strchr.obj
 0001:0001ebac       __vcrt_initialize          000000018001fbac f   libvcruntime:initialization.obj
 0001:0001ebd4       __vcrt_thread_attach       000000018001fbd4 f   libvcruntime:initialization.obj
 0001:0001ebe8       __vcrt_thread_detach       000000018001fbe8 f   libvcruntime:initialization.obj
 0001:0001ebfc       __vcrt_uninitialize        000000018001fbfc f   libvcruntime:initialization.obj
 0001:0001ec18       __vcrt_uninitialize_critical 000000018001fc18 f   libvcruntime:initialization.obj
 0001:0001ec28       __std_type_info_compare    000000018001fc28 f   libvcruntime:std_type_info.obj
 0001:0001ec50       __std_type_info_destroy_list 000000018001fc50 f   libvcruntime:std_type_info.obj
 0001:0001ec7c       __vcrt_freefls             000000018001fc7c f   libvcruntime:per_thread_data.obj
 0001:0001ec9c       __vcrt_freeptd             000000018001fc9c f   libvcruntime:per_thread_data.obj
 0001:0001ecec       __vcrt_getptd              000000018001fcec f   libvcruntime:per_thread_data.obj
 0001:0001ed08       __vcrt_getptd_noexit       000000018001fd08 f   libvcruntime:per_thread_data.obj
 0001:0001edc8       __vcrt_initialize_ptd      000000018001fdc8 f   libvcruntime:per_thread_data.obj
 0001:0001ee10       __vcrt_uninitialize_ptd    000000018001fe10 f   libvcruntime:per_thread_data.obj
[...]
 0002:0000fc50       $unwind$?__mbsrtowcs_utf8@__crt_mbstring@@YA_KPEA_WPEAPEBD_KPEAU_Mbstatet@@@Z 0000000180042c50     libucrt:mbrtowc.obj
 0002:0000fc68       $unwind$__acrt_update_thread_locale_data 0000000180042c68     libucrt:locale_refcounting.obj
 0002:0000fc8c       $unwind$__acrt_fltout      0000000180042c8c     libucrt:cfout.obj
 0002:0000fcac       $unwind$?divide@__crt_strtox@@YA_KAEAUbig_integer@1@AEBU21@@Z 0000000180042cac     libucrt:cfout.obj
 0002:0000fcc4       $chain$0$?divide@__crt_strtox@@YA_KAEAUbig_integer@1@AEBU21@@Z 0000000180042cc4     libucrt:cfout.obj
 0002:0000fcd8       $chain$1$?divide@__crt_strtox@@YA_KAEAUbig_integer@1@AEBU21@@Z 0000000180042cd8     libucrt:cfout.obj
 0002:0000fce8       $unwind$_fcloseall         0000000180042ce8     libucrt:closeall.obj
 0002:0000fd0c       $unwind$__acrt_locale_free_monetary 0000000180042d0c     libucrt:initmon.obj
 0002:0000fd14       $unwind$__acrt_locale_free_time 0000000180042d14     libucrt:inittime.obj
 0002:0000fd24       $unwind$__acrt_GetStringTypeA 0000000180042d24     libucrt:getstringtypea.obj
 0002:0000fd4c       $unwind$__acrt_lowio_destroy_handle_array 0000000180042d4c     libucrt:osfinfo.obj
 0002:0000fd5c       $unwind$__acrt_lowio_ensure_fh_exists 0000000180042d5c     libucrt:osfinfo.obj
 0002:0000fd88       $unwind$qsort              0000000180042d88     libucrt:qsort.obj
 0002:0000fda0       $chain$4$qsort             0000000180042da0     libucrt:qsort.obj
 0002:0000fdc4       $chain$5$qsort             0000000180042dc4     libucrt:qsort.obj
 0002:0000fdd4       $unwind$strpbrk            0000000180042dd4     libucrt:strpbrk.obj
 0002:0000fde4       $unwind$__acrt_LCMapStringA 0000000180042de4     libucrt:lcmapstringa.obj
 0002:0000fdf4       $unwind$?__acrt_LCMapStringA_stat@@YAHPEAU__crt_locale_pointers@@PEB_WKPEBDHPEADHHH@Z 0000000180042df4     libucrt:lcmapstringa.obj
 0002:0000fe1c       $unwind$_close             0000000180042e1c     libucrt:close.obj
 0002:0000fe1c       $unwind$_commit            0000000180042e1c     libucrt:commit.obj
 0002:0000fe24       $unwind$??$?RV<lambda_a37b2b86f63e897a80ea819b0eb08c01>@@AEAV<lambda_38ce7e780aa69e748d6df282ebc68efe>@@V<lambda_99fb1378e971ab6e7edea83e3a7a83a2>@@@?$__crt_seh_guarded_call@H@@QEAAH$$QEAV<lambda_a37b2b86f63e897a80ea819b0eb08c01>@@AEAV<lambda_38ce7e780aa69e748d6df282ebc68efe>@@$$QEAV<lambda_99fb1378e971ab6e7edea83e3a7a83a2>@@@Z 0000000180042e24     libucrt:commit.obj
 0002:0000fe48       $unwind$_write             0000000180042e48     libucrt:write.obj
 0002:0000fe78       $unwind$_write_nolock      0000000180042e78     libucrt:write.obj
 0002:0000fe90       $unwind$?write_double_translated_ansi_nolock@@YA?AUwrite_result@?A0x17268360@@HQEBDI@Z 0000000180042e90     libucrt:write.obj
 0002:0000feb4       $unwind$?write_text_ansi_nolock@@YA?AUwrite_result@?A0x17268360@@HQEBDI@Z 0000000180042eb4     libucrt:write.obj
 0002:0000feb4       $unwind$?write_text_utf16le_nolock@@YA?AUwrite_result@?A0x17268360@@HQEBDI@Z 0000000180042eb4     libucrt:write.obj
 0002:0000fed4       $unwind$?write_text_utf8_nolock@@YA?AUwrite_result@?A0x17268360@@HQEBDI@Z 0000000180042ed4     libucrt:write.obj
 0002:0000fef8       $unwind$?__mbrtoc32_utf8@__crt_mbstring@@YA_KPEA_UPEBD_KPEAU_Mbstatet@@@Z 0000000180042ef8     libucrt:mbrtoc32.obj
 0002:0000ff18       $xdatasym                  0000000180042f18     libucrt:log10.obj
 0002:0000ff24       $unwind$__acrt_fenv_set_control 0000000180042f24     libucrt:_fenvutils.obj
 0002:0000ff34       $unwind$fclose             0000000180042f34     libucrt:fclose.obj
 0002:0000ff58       $unwind$common_control87   0000000180042f58     libucrt:ieee.obj
 0002:0000ff84       $unwind$_handle_error      0000000180042f84     libucrt:libm_error.obj
 0002:0000ffa4       $unwind$__acrt_initialize_fma3 0000000180042fa4     libucrt:fma3_available.obj
 0002:0000ffac       $unwind$_log_special_common 0000000180042fac     libucrt:log_special.obj
 0002:0000ffb8       $unwind$??$?RV<lambda_751a882b2c74d4b022dec766aa51a29a>@@AEAV<lambda_628dfdc04ba53c8bfc02c9951375f3f5>@@V<lambda_f6c7be5f7998530c34de24c7437d6b54>@@@?$__crt_seh_guarded_call@H@@QEAAH$$QEAV<lambda_751a882b2c74d4b022dec766aa51a29a>@@AEAV<lambda_628dfdc04ba53c8bfc02c9951375f3f5>@@$$QEAV<lambda_f6c7be5f7998530c34de24c7437d6b54>@@@Z 0000000180042fb8     libucrt:close.obj
 0002:0000ffe0       $xdatasym                  0000000180042fe0     libucrt:fpsr.obj
 0002:0000ffe8       $unwind$_raise_exc_ex      0000000180042fe8     libucrt:fpexcept.obj
 0002:0000fffc       $unwind$_ctrlfp            0000000180042ffc     libucrt:fpctrl.obj
 0002:00010024       $unwind$?apiGetConsoleFontSize@@YAHPEAXAEAH1AEAY0CA@_W@Z 0000000180043024     common-kernel64:WConsole.obj
 0002:00010040       $unwind$?apiSetConsoleFontSize@@YAHPEAXHHPEB_W@Z 0000000180043040     common-kernel64:WConsole.obj
 0002:0001005c       $unwind$_IsNonwritableInCurrentImage 000000018004305c     LIBCMT:pesect.obj
 0002:000102e0       .edata                     00000001800432e0     ConEmu.x64.exp
 0002:00010308       rgpv                       0000000180043308     ConEmu.x64.exp
 0002:00010374       rgszName                   0000000180043374     ConEmu.x64.exp
 0002:000103e0       rgwOrd                     00000001800433e0     ConEmu.x64.exp
 0002:00010416       szName                     0000000180043416     ConEmu.x64.exp
 0002:00010425       $N00001                    0000000180043425     ConEmu.x64.exp
 0002:00010435       $N00002                    0000000180043435     ConEmu.x64.exp
 0002:0001043d       $N00003                    000000018004343d     ConEmu.x64.exp
 0002:00010449       $N00004                    0000000180043449     ConEmu.x64.exp
 0002:00010454       $N00005                    0000000180043454     ConEmu.x64.exp
 0002:00010462       $N00006                    0000000180043462     ConEmu.x64.exp
 0002:00010473       $N00007                    0000000180043473     ConEmu.x64.exp
 0002:00010481       $N00008                    0000000180043481     ConEmu.x64.exp
 0002:00010490       $N00009                    0000000180043490     ConEmu.x64.exp
 0002:000104a0       $N00010                    00000001800434a0     ConEmu.x64.exp
 0002:000104ab       $N00011                    00000001800434ab     ConEmu.x64.exp
 0002:000104b1       $N00012                    00000001800434b1     ConEmu.x64.exp
 0002:000104c4       $N00013                    00000001800434c4     ConEmu.x64.exp
 0002:000104d7       $N00014                    00000001800434d7     ConEmu.x64.exp
 0002:000104ea       $N00015                    00000001800434ea     ConEmu.x64.exp
 0002:000104fd       $N00016                    00000001800434fd     ConEmu.x64.exp
 0002:0001050f       $N00017                    000000018004350f     ConEmu.x64.exp
 0002:0001051e       $N00018                    000000018004351e     ConEmu.x64.exp
 0002:0001052a       $N00019                    000000018004352a     ConEmu.x64.exp
 0002:00010533       $N00020                    0000000180043533     ConEmu.x64.exp
 0002:00010542       $N00021                    0000000180043542     ConEmu.x64.exp
 0002:00010554       $N00022                    0000000180043554     ConEmu.x64.exp
 0002:00010560       $N00023                    0000000180043560     ConEmu.x64.exp
 0002:00010574       $N00024                    0000000180043574     ConEmu.x64.exp
 0002:00010588       $N00025                    0000000180043588     ConEmu.x64.exp
 0002:0001059d       $N00026                    000000018004359d     ConEmu.x64.exp
 0002:000105b1       $N00027                    00000001800435b1     ConEmu.x64.exp
 0002:00010ce2       .idata$6                   0000000180043ce2     version:VERSION.dll
 0002:0001121c       .idata$6                   000000018004421c     kernel32:KERNEL32.dll
 0002:0001132a       .idata$6                   000000018004432a     user32:USER32.dll
 0002:000113ca       .idata$6                   00000001800443ca     gdi32:GDI32.dll
 0002:00011406       .idata$6                   0000000180044406     advapi32:ADVAPI32.dll
 0003:00000140       ?rc@?CE@??Open@CPluginW2800@@UEAAPEAXPEBX@Z@4UFarMacroCall@@A 0000000180045140     ConEmuPlugin2800.obj
 0003:00000168       ?val@?CE@??Open@CPluginW2800@@UEAAPEAXPEBX@Z@4UFarMacroValue@@A 0000000180045168     ConEmuPlugin2800.obj
 0003:000002c0       ?__vcrt_flsindex@@3KA      00000001800452c0     libvcruntime:per_thread_data.obj
 0003:000002d0       ?errno_no_memory@@3HA      00000001800452d0     libucrt:errno.obj
 0003:000002d4       ?doserrno_no_memory@@3KA   00000001800452d4     libucrt:errno.obj
 0003:000002e0       ?__acrt_flsindex@@3KA      00000001800452e0     libucrt:per_thread_data.obj
 0003:000007b0       _mbctypes                  00000001800457b0     libucrt:mbctype.obj
 0003:000008c0       _mbcasemaps                00000001800458c0     libucrt:mbctype.obj
 0003:000009c0       ?__rgctypeflag@@3PADA      00000001800459c0     libucrt:mbctype.obj
 0003:000009d0       ?__rgcode_page_info@@3PAUcode_page_info@@A 00000001800459d0     libucrt:mbctype.obj
 0003:00000c70       ?dazSupported@?1??common_control87@@9@9 0000000180045c70     libucrt:ieee.obj
 0003:00000c80       ?__dcrt_lowio_console_output_handle@@3PEAXEA 0000000180045c80     libucrt:initcon.obj
 0003:00000c90       ?dazSupported@?1??_ctrlfp@@9@9 0000000180045c90     libucrt:fpctrl.obj
 0003:00001190       ?store@?M@??GetPanelInfo@CPluginW1900@@UEAA_NKPEAUCEPanelInfo@@@Z@4UPanelInfo@@A 0000000180046190     ConEmuPlugin1900.obj
 0003:00001200       ?szMenu@?1??GetPluginInfoPtr@CPluginW1900@@UEAAXPEAX@Z@4PAPEA_WA 0000000180046200     ConEmuPlugin1900.obj
 0003:00001210       ?szMenu1@?1??GetPluginInfoPtr@CPluginW1900@@UEAAXPEAX@Z@4PA_WA 0000000180046210     ConEmuPlugin1900.obj
 0003:00001410       ?WLastActive@?1??UpdateConEmuTabsApi@CPluginW1900@@UEAA_NH@Z@4UWindowInfo@@A 0000000180046410     ConEmuPlugin1900.obj
 0003:00001458       ?pwList@@3PEAV?$MArray@UWindowInfo@@@@EA 0000000180046458     ConEmuPlugin2800.obj
 0003:00001460       ?store@?M@??GetPanelInfo@CPluginW2800@@UEAA_NKPEAUCEPanelInfo@@@Z@4UPanelInfo@@A 0000000180046460     ConEmuPlugin2800.obj
 0003:000014c8       ?szMenu@?1??GetPluginInfoPtr@CPluginW2800@@UEAAXPEAX@Z@4PAPEA_WA 00000001800464c8     ConEmuPlugin2800.obj
 0003:000014d0       ?szMenu1@?1??GetPluginInfoPtr@CPluginW2800@@UEAAXPEAX@Z@4PA_WA 00000001800464d0     ConEmuPlugin2800.obj
 0003:000016d0       ?WLastActive@?1??UpdateConEmuTabsApi@CPluginW2800@@UEAA_NH@Z@4UWindowInfo@@A 00000001800466d0     ConEmuPlugin2800.obj
 0003:00001728       ?ghSyncDlg@@3PEAXEA        0000000180046728     ConEmuPlugin995.obj
 0003:00001730       ?store@?M@??GetPanelInfo@CPluginW995@@UEAA_NKPEAUCEPanelInfo@@@Z@4UPanelInfo@@A 0000000180046730     ConEmuPlugin995.obj
 0003:00001778       ?szMenu@?1??GetPluginInfoPtr@CPluginW995@@UEAAXPEAX@Z@4PAPEA_WA 0000000180046778     ConEmuPlugin995.obj
 0003:00001780       ?szMenu1@?1??GetPluginInfoPtr@CPluginW995@@UEAAXPEAX@Z@4PA_WA 0000000180046780     ConEmuPlugin995.obj
 0003:00001990       ?store@?M@??GetPanelInfo@CPluginAnsi@@UEAA_NKPEAUCEPanelInfo@@@Z@4UPanelInfo@@A 0000000180046990     ConEmuPluginA.obj
 0003:00001b90       ?szMenu@?1??GetPluginInfoPtr@CPluginAnsi@@UEAAXPEAX@Z@4PAPEADA 0000000180046b90     ConEmuPluginA.obj
 0003:00001ba0       ?szMenu1@?1??GetPluginInfoPtr@CPluginAnsi@@UEAAXPEAX@Z@4PADA 0000000180046ba0     ConEmuPluginA.obj
 0003:00002f1c       ?gbTryOpenMapHeader@@3HA   0000000180047f1c     ConEmuPluginBase.obj
 0003:00002f20       ?gbStartupHooksAfterMap@@3HA 0000000180047f20     ConEmuPluginBase.obj
 0003:00002f24       ?siEnabled@?1??CheckBufferEnabled@CPluginBase@@QEAA_NXZ@4HA 0000000180047f24     ConEmuPluginBase.obj
 0003:00002f28       ?dwLastTickCount@?7??CheckResources@CPluginBase@@QEAAX_N@Z@4KA 0000000180047f28     ConEmuPluginBase.obj
 0003:00002f2c       ?$TSS0@?7??CheckResources@CPluginBase@@QEAAX_N@Z@4HA 0000000180047f2c     ConEmuPluginBase.obj
 0003:00002f30       ?dwLastTickCount@?9??OnConsolePeekReadInput@CPluginBase@@SAX_N@Z@4KA 0000000180047f30     ConEmuPluginBase.obj
 0003:00003198       ?gHeapInit@?A0x333b15f0@@3U?$atomic@H@std@@A 0000000180048198     common-kernel64:Memory.obj
 0003:0000319c       ?gHeapCounter@?A0x333b15f0@@3U?$atomic@H@std@@A 000000018004819c     common-kernel64:Memory.obj
 0003:000031a0       ?ghHeap@?A0x333b15f0@@3PEAXEA 00000001800481a0     common-kernel64:Memory.obj
 0003:000031c0       ?szFile@?1??ModuleName@@YAPEB_WPEB_W@Z@4PA_WA 00000001800481c0     common-kernel64:ConEmuCheck.obj
 0003:00003210       ?g_Threads@@3PAUConEmuThreadInfo@@A 0000000180048210     common-kernel64:WThreads.obj
 0003:0000ba10       ?gh_UnknownTerminatedThread@@3PEAXEA 0000000180050a10     common-kernel64:WThreads.obj
 0003:0000ba1c       ?szNil@?1??GetCommand@CESERVER_REQ_NEWCMD@@QEAAPEA_WXZ@4PA_WA 0000000180050a1c     common-kernel64:Common.obj
 0003:0000ba30       ?rtlVerifyVersionInfo@?1??_VerifyVersionInfo@@YA_NPEAU_OSVERSIONINFOEXW@@K_K@Z@4P6AH0K1@ZEA 0000000180050a30     common-kernel64:WObjects.obj
 0003:0000ba38       ?hasRtl@?1??_VerifyVersionInfo@@YA_NPEAU_OSVERSIONINFOEXW@@K_K@Z@4HA 0000000180050a38     common-kernel64:WObjects.obj
 0003:0000ba3c       ?ibIsWin6@?1??IsWin6@@YA_NXZ@4HA 0000000180050a3c     common-kernel64:WObjects.obj
 0003:0000ba40       ?ibIsWin7@?1??IsWin7@@YA_NXZ@4HA 0000000180050a40     common-kernel64:WObjects.obj
 0003:0000ba44       ?is64bitOs@?1??IsWindows64@@YA_NXZ@4_NA 0000000180050a44     common-kernel64:WObjects.obj
 0003:0000ba45       ?isOsChecked@?1??IsWindows64@@YA_NXZ@4_NA 0000000180050a45     common-kernel64:WObjects.obj
 0003:0000ba4c       ?terminalMode@?1??isTerminalMode@@YA_NXZ@4_NA 0000000180050a4c     common-kernel64:MProcess.obj
 0003:0000ba4d       ?terminalChecked@?1??isTerminalMode@@YA_NXZ@4_NA 0000000180050a4d     common-kernel64:MProcess.obj
 0003:0000ba4e       ?bSysInfoRetrieved@?1??IsModuleValid@@YA_NPEAUHINSTANCE__@@H@Z@4_NA 0000000180050a4e     common-kernel64:WModuleCheck.obj
 0003:0000ba50       ?si@?1??IsModuleValid@@YA_NPEAUHINSTANCE__@@H@Z@4U_SYSTEM_INFO@@A 0000000180050a50     common-kernel64:WModuleCheck.obj
 0003:0000ba98       ?g_tss_cv@@3U_RTL_CONDITION_VARIABLE@@A 0000000180050a98     LIBCMT:thread_safe_statics.obj
 0003:0000baa0       ?g_tss_event@@3PEAXEA      0000000180050aa0     LIBCMT:thread_safe_statics.obj
 0003:0000baa8       ?g_tss_mutex@@3U_RTL_CRITICAL_SECTION@@A 0000000180050aa8     LIBCMT:thread_safe_statics.obj
 0003:0000bad0       ?g_sleep_condition_variable_cs@@3P6AHPEAU_RTL_CONDITION_VARIABLE@@PEAU_RTL_CRITICAL_SECTION@@K@ZEA 0000000180050ad0     LIBCMT:thread_safe_statics.obj
 0003:0000bad8       ?g_wake_all_condition_variable@@3P6AXPEAU_RTL_CONDITION_VARIABLE@@@ZEA 0000000180050ad8     LIBCMT:thread_safe_statics.obj
 0003:0000bae0       ?__proc_attached@@3HA      0000000180050ae0     LIBCMT:dll_dllmain.obj
 0003:0000baf8       ?is_initialized_as_dll@@3_NA 0000000180050af8     LIBCMT:utility.obj
 0003:0000baf9       ?module_local_atexit_table_initialized@@3_NA 0000000180050af9     LIBCMT:utility.obj
 0003:0000bb00       ?module_local_atexit_table@@3U_onexit_table_t@@A 0000000180050b00     LIBCMT:utility.obj
 0003:0000bb18       ?module_local_at_quick_exit_table@@3U_onexit_table_t@@A 0000000180050b18     LIBCMT:utility.obj
 0003:0000bb30       GS_ExceptionRecord         0000000180050b30     LIBCMT:gs_report.obj
 0003:0000bbd0       GS_ContextRecord           0000000180050bd0     LIBCMT:gs_report.obj
 0003:0000c0e0       ?__vcrt_startup_thread_ptd@@3U__vcrt_ptd@@A 00000001800510e0     libvcruntime:per_thread_data.obj
 0003:0000c168       __vcrt_lock_table          0000000180051168     libvcruntime:locks.obj
 0003:0000c190       __vcrt_locks_initialized   0000000180051190     libvcruntime:locks.obj
 0003:0000c1d8       ?heap@@3V_HeapManager@@A   00000001800511d8     libvcruntime:undname.obj
 0003:0000c200       ?module_handles@@3PAPEAUHINSTANCE__@@A 0000000180051200     libvcruntime:winapi_downlevel.obj
 0003:0000c218       ?function_pointers@@3PAPEAXA 0000000180051218     libvcruntime:winapi_downlevel.obj
 0003:0000c240       ?__acrt_invalid_parameter_handler@@3V?$dual_state_global@P6AXPEB_W00I_K@Z@__crt_state_management@@A 0000000180051240     libucrt:invalid_parameter.obj
 0003:0000c248       ?c_termination_complete@@3JA 0000000180051248     libucrt:exit.obj
 0003:0000c250       ?thread_local_exit_callback_func@@3P6AXPEAXK0@ZEA 0000000180051250     libucrt:exit.obj
 0003:0000c260       ?program_name@?1???$common_configure_argv@D@@YAHW4_crt_argv_mode@@@Z@4PADA 0000000180051260     libucrt:argv_parsing.obj
 0003:0000c3b8       ?internal_state@?1??_mbtowc_l@@9@4U_Mbstatet@@A 00000001800513b8     libucrt:mbtowc.obj
 0003:0000c3d0       ?enable_percent_n@@3_KA    00000001800513d0     libucrt:printf_count_output.obj
 0003:0000c810       ?__acrt_lock_table@@3PAU_RTL_CRITICAL_SECTION@@A 0000000180051810     libucrt:locks.obj
 0003:0000ca40       ?__acrt_locks_initialized@@3IA 0000000180051a40     libucrt:locks.obj
 0003:0000ca60       ?fSystemSet@@3HA           0000000180051a60     libucrt:mbctype.obj
 0003:0000ca64       ?initialized@?1??__acrt_initialize_multibyte@@9@4_NA 0000000180051a64     libucrt:mbctype.obj
 0003:0000caa0       ?module_handles@@3PAPEAUHINSTANCE__@@A 0000000180051aa0     libucrt:winapi_thunks.obj
 0003:0000cb40       ?encoded_function_pointers@@3PAPEAXA 0000000180051b40     libucrt:winapi_thunks.obj
 0003:0000cc58       ?__acrt_new_handler@@3V?$dual_state_global@P6AH_K@Z@__crt_state_management@@A 0000000180051c58     libucrt:new_handler.obj
 0003:0000cc60       ?ctrlc_action@@3V?$dual_state_global@P6AXH@Z@__crt_state_management@@A 0000000180051c60     libucrt:signal.obj
 0003:0000cc68       ?ctrlbreak_action@@3V?$dual_state_global@P6AXH@Z@__crt_state_management@@A 0000000180051c68     libucrt:signal.obj
 0003:0000cc70       ?abort_action@@3V?$dual_state_global@P6AXH@Z@__crt_state_management@@A 0000000180051c70     libucrt:signal.obj
 0003:0000cc78       ?term_action@@3V?$dual_state_global@P6AXH@Z@__crt_state_management@@A 0000000180051c78     libucrt:signal.obj
 0003:0000cc80       ?user_matherr@@3V?$dual_state_global@P6AHPEAU_exception@@@Z@__crt_state_management@@A 0000000180051c80     libucrt:matherr.obj
 0003:0000cc88       ?__acrt_global_new_mode@@3V?$dual_state_global@J@__crt_state_management@@A 0000000180051c88     libucrt:new_mode.obj
 0003:0000cc98       ?internal_pst@?1??__mbrtoc32_utf8@__crt_mbstring@@YA_KPEA_UPEBD_KPEAU_Mbstatet@@@Z@4U3@A 0000000180051c98     libucrt:mbrtoc32.obj
 0003:0000cca0       ?__acrt_app_type@@3W4_crt_app_type@@A 0000000180051ca0     libucrt:report_runtime_error.obj
 0003:0000cd04       ?gbPauseConsoleWasRequested@@3_NA 0000000180051d04     common-kernel64:WConsole.obj
 0003:0000cd08       ?GetCurrentConsoleFontEx@?1??apiGetCurrentConsoleFontEx@@YAHPEAXHPEAUMY_CONSOLE_FONT_INFOEX@@@Z@4P6AH0H1@ZEA 0000000180051d08     common-kernel64:WConsole.obj
 0003:0000cd10       ?bFuncChecked@?1??apiGetCurrentConsoleFontEx@@YAHPEAXHPEAUMY_CONSOLE_FONT_INFOEX@@@Z@4_NA 0000000180051d10     common-kernel64:WConsole.obj
 0003:0000cd18       ?SetCurrentConsoleFontEx@?1??apiSetCurrentConsoleFontEx@@YAHPEAXHPEAUMY_CONSOLE_FONT_INFOEX@@@Z@4P6AH0H1@ZEA 0000000180051d18     common-kernel64:WConsole.obj
 0003:0000cd20       ?bFuncChecked@?1??apiSetCurrentConsoleFontEx@@YAHPEAXHPEAUMY_CONSOLE_FONT_INFOEX@@@Z@4_NA 0000000180051d20     common-kernel64:WConsole.obj
 0005:00000000       MoveSmall                  0000000180055000     libvcruntime:memcpy.obj
 0005:00000080       MsetTab                    0000000180055080     libvcruntime:memset.obj
 0006:000000a0       $R000000                   00000001800560a0     ConEmu.res
 0006:000003b0       $R000310                   00000001800563b0     ConEmu.res
