 ConEmu

 Timestamp is 5ffcd131 (Mon Jan 11 23:29:05 2021)

 Preferred load address is 10000000

 Start         Length     Name                   Class
 0001:00000000 00000010H .text$di                CODE
 0001:00000010 00028095H .text$mn                CODE
 0001:000280a5 000004d4H .text$x                 CODE
 0001:00028579 0000000aH .text$yd                CODE
 0002:00000000 00000338H .idata$5                DATA
 0002:00000338 00000004H .00cfg                  DATA
 0002:0000033c 00000004H .CRT$XCA                DATA
 0002:00000340 00000004H .CRT$XCU                DATA
 0002:00000344 00000004H .CRT$XCZ                DATA
 0002:00000348 00000004H .CRT$XIA                DATA
 0002:0000034c 00000010H .CRT$XIC                DATA
 0002:0000035c 00000004H .CRT$XIZ                DATA
 0002:00000360 00000004H .CRT$XLA                DATA
 0002:00000364 00000004H .CRT$XLZ                DATA
 0002:00000368 00000004H .CRT$XPA                DATA
 0002:0000036c 00000008H .CRT$XPX                DATA
 0002:00000374 00000004H .CRT$XPXA               DATA
 0002:00000378 00000004H .CRT$XPZ                DATA
 0002:0000037c 00000004H .CRT$XTA                DATA
 0002:00000380 00000010H .CRT$XTZ                DATA
 0002:00000384 00000000H .gfids$x                DATA
 0002:00000384 00000000H .gfids$y                DATA
 0002:00000390 00009078H .rdata                  DATA
 0002:00009408 00000018H .rdata$T                DATA
 0002:00009420 000005b0H .rdata$r                DATA
 0002:000099d0 00000080H .rdata$sxdata           DATA
 0002:00009a50 000003c4H .rdata$zzzdbg           DATA
 0002:00009e14 00000004H .rtc$IAA                DATA
 0002:00009e18 00000004H .rtc$IZZ                DATA
 0002:00009e1c 00000004H .rtc$TAA                DATA
 0002:00009e20 00000004H .rtc$TZZ                DATA
 0002:00009e24 00000004H .tls                    DATA
 0002:00009e28 00000004H .tls$                   DATA
 0002:00009e2c 00000004H .tls$ZZZ                DATA
 0002:00009e30 00000b00H .xdata$x                DATA
 0002:0000a930 000002e0H .edata                  DATA
 0002:0000ac10 00000064H .idata$2                DATA
 0002:0000ac74 00000014H .idata$3                DATA
 0002:0000ac88 00000338H .idata$4                DATA
 0002:0000afc0 00000e9eH .idata$6                DATA
 0003:00000000 00000998H .data                   DATA
 0003:00000998 00000388H .data$r                 DATA
 0003:00000d20 0000a238H .bss                    DATA
 0004:00000000 000000a0H .rsrc$01                DATA
 0004:000000a0 00000488H .rsrc$02                DATA

  Address         Publics by Value              Rva+Base       Lib:Object

 0000:00000000       ___guard_fids_count        00000000     <absolute>
 0000:00000000       ___hybrid_code_map_count   00000000     <absolute>
 0000:00000000       ___guard_iat_count         00000000     <absolute>
 0000:00000000       ___dynamic_value_reloc_table 00000000     <absolute>
 0000:00000000       ___guard_longjmp_count     00000000     <absolute>
 0000:00000000       __except_list              00000000     <absolute>
 0000:00000000       ___guard_fids_table        00000000     <absolute>
 0000:00000000       ___guard_longjmp_table     00000000     <absolute>
 0000:00000000       ___hybrid_auxiliary_iat    00000000     <absolute>
 0000:00000000       ___guard_iat_table         00000000     <absolute>
 0000:00000000       ___volatile_metadata       00000000     <absolute>
 0000:00000000       ___enclave_config          00000000     <absolute>
 0000:00000000       ___hybrid_code_map         00000000     <absolute>
 0000:00000020       ___safe_se_handler_count   00000020     <absolute>
 0000:0000002c       __tls_array                0000002c     <absolute>
 0000:00000100       ___guard_flags             00000100     <absolute>
 0000:00000000       ___ImageBase               10000000     <linker-defined>
 0001:00000010       ??$swprintf_c@$0EA@@@YAHAAY0EA@_WPB_WZZ 10001010 f i ConEmuInjects.obj
 0001:00000026       ??$swprintf_c@$0IA@@@YAHAAY0IA@_WPB_WZZ 10001026 f i ConEmuInjects.obj
 0001:0000003f       ??$swprintf_c@$0PP@@@YAHAAY0PP@_WPB_WZZ 1000103f f i ConEmuInjects.obj
 0001:00000058       ?ShutdownHooks@@YAXXZ      10001058 f   ConEmuInjects.obj
 0001:00000189       ?StartupConsoleHooks@@YAXXZ 10001189 f   ConEmuInjects.obj
 0001:000001f2       ?StartupHooks@@YA_NPAUHINSTANCE__@@@Z 100011f2 f   ConEmuInjects.obj
 0001:000004c3       ?StringCchVPrintfW@@YGJPA_WIPB_WPAD@Z 100014c3 f i ConEmuInjects.obj
 0001:0000051a       ___local_stdio_printf_options 1000151a f i ConEmuInjects.obj
 0001:00000520       __vsnwprintf_l             10001520 f i ConEmuInjects.obj
 0001:00000552       ?ProcessSynchroEventW3@@YGHPAX@Z 10001552 f   ConEmuPlugin.obj
 0001:00000562       ?ProcessEditorEventW3@@YGHPAX@Z 10001562 f   ConEmuPlugin.obj
 0001:00000572       ?ProcessViewerEventW3@@YGHPAX@Z 10001572 f   ConEmuPlugin.obj
 0001:00000582       ?ExitFARW3@@YGXPAX@Z       10001582 f   ConEmuPlugin.obj
 0001:000005c4       _ExitFARW@0                100015c4 f   ConEmuPlugin.obj
 0001:00000604       _ProcessEditorEventW@8     10001604 f   ConEmuPlugin.obj
 0001:00000604       ?ProcessEditorEvent@@YGHHPAX@Z 10001604 f   ConEmuPlugin.obj
 0001:0000061c       _ProcessSynchroEventW@8    1000161c f   ConEmuPlugin.obj
 0001:00000635       ?ProcessViewerEvent@@YGHHPAX@Z 10001635 f   ConEmuPlugin.obj
 0001:00000635       _ProcessViewerEventW@8     10001635 f   ConEmuPlugin.obj
 0001:0000064d       ?ActivateConsole@@YGHXZ    1000164d f   ConEmuPlugin.obj
 0001:000007f9       ?ExitFAR@@YGXXZ            100017f9 f   ConEmuPlugin.obj
 0001:00000839       ?GetFarHWND2@@YGPAUHWND__@@H@Z 10001839 f   ConEmuPlugin.obj
 0001:0000089a       ?GetFarHWND@@YGPAUHWND__@@XZ 1000189a f   ConEmuPlugin.obj
 0001:000008a2       ?GetFarVersion@@YGXPAUFarVersion@@@Z 100018a2 f   ConEmuPlugin.obj
 0001:000008bc       ?GetMinFarVersion@@YGHXZ   100018bc f   ConEmuPlugin.obj
 0001:000008e1       ?GetPluginInfo@@YGXPAX@Z   100018e1 f   ConEmuPlugin.obj
 0001:0000091f       ?GetPluginInfoW@@YGXPAX@Z  1000191f f   ConEmuPlugin.obj
 0001:0000092f       ?IsConsoleActive@@YGHXZ    1000192f f   ConEmuPlugin.obj
 0001:0000096e       ?IsTerminalMode@@YGHXZ     1000196e f   ConEmuPlugin.obj
 0001:00000974       ?OpenPlugin@@YGPAXHH@Z     10001974 f   ConEmuPlugin.obj
 0001:0000098f       ?OpenW@@YGPAXPBX@Z         1000198f f   ConEmuPlugin.obj
 0001:0000099f       ?ProcessEditorInput@@YGHPBU_INPUT_RECORD@@@Z 1000199f f   ConEmuPlugin.obj
 0001:000009b7       ?RegisterBackground@@YGHPAURegisterBackgroundArg@@@Z 100019b7 f   ConEmuPlugin.obj
 0001:00000a26       ?RegisterPanelView@@YGHPAUPanelViewInit@@@Z 10001a26 f   ConEmuPlugin.obj
 0001:00000b56       ?SetStartupInfo@@YGXPAX@Z  10001b56 f   ConEmuPlugin.obj
 0001:00000ba6       ?SetupExportsFar3@@YAXXZ   10001ba6 f   ConEmuPlugin.obj
 0001:00000bb9       ?SyncExecute@@YGHPAUHINSTANCE__@@P6GXJ@ZJ@Z 10001bb9 f   ConEmuPlugin.obj
 0001:00000bf7       _DllMain@12                10001bf7 f   ConEmuPlugin.obj
 0001:00000c1e       _GetMinFarVersionW@0       10001c1e f   ConEmuPlugin.obj
 0001:00000c24       _OpenPluginW@8             10001c24 f   ConEmuPlugin.obj
 0001:00000c51       _ProcessEditorInputW@4     10001c51 f   ConEmuPlugin.obj
 0001:00000c61       _SetStartupInfoW@4         10001c61 f   ConEmuPlugin.obj
 0001:00000c83       ??0CPluginW1900@@QAE@XZ    10001c83 f   ConEmuPlugin1900.obj
 0001:00000e0c       ??_GCPluginW1900@@UAEPAXI@Z 10001e0c f i ConEmuPlugin1900.obj
 0001:00000e0c       ??_ECPluginW1900@@UAEPAXI@Z 10001e0c f i ConEmuPlugin1900.obj
 0001:00001189       ?CheckPanelExist@CPluginW1900@@UAE_NXZ 10002189 f   ConEmuPlugin1900.obj
 0001:000011ac       ?Color2BgIndex@Far3Color@@SAXKHAAGPBK@Z 100021ac f i ConEmuPlugin1900.obj
 0001:0000127e       ?Color2FgIndex@Far3Color@@SAXKAAGPBK@Z 1000227e f i ConEmuPlugin1900.obj
 0001:00001336       ?ExecuteSynchroApi@CPluginW1900@@UAE_NXZ 10002336 f   ConEmuPlugin1900.obj
 0001:00001359       ?ExitFar@CPluginW1900@@UAEXXZ 10002359 f   ConEmuPlugin1900.obj
 0001:000013c0       ?FarColor_3_2@@YAEABUFarColor@@_N@Z 100023c0 f i ConEmuPlugin1900.obj
 0001:0000146b       ?GetActiveWindowType@CPluginW1900@@UAEHXZ 1000246b f   ConEmuPlugin1900.obj
 0001:000014e4       ?GetEditorModifiedState@CPluginW1900@@UAEKXZ 100024e4 f   ConEmuPlugin1900.obj
 0001:00001520       ?GetFarRect@CPluginW1900@@UAE_NAAU_SMALL_RECT@@@Z 10002520 f   ConEmuPlugin1900.obj
 0001:000015ad       ?GetMacroArea@CPluginW1900@@UAEHXZ 100025ad f   ConEmuPlugin1900.obj
 0001:000015c1       ?GetMsg@CPluginW1900@@UAEPB_WHPA_WI@Z 100025c1 f   ConEmuPlugin1900.obj
 0001:00001607       ?GetPanelDir@CPluginW1900@@UAEPA_WKPA_WH@Z 10002607 f   ConEmuPlugin1900.obj
 0001:0000170c       ?GetPanelInfo@CPluginW1900@@UAE_NKPAUCEPanelInfo@@@Z 1000270c f   ConEmuPlugin1900.obj
 0001:00001973       ?GetPanelItemInfo@CPluginW1900@@UAE_NABUCEPanelInfo@@_NHAAU_WIN32_FIND_DATAW@@PAPA_W@Z 10002973 f   ConEmuPlugin1900.obj
 0001:00001acd       ?GetPluginInfoPtr@CPluginW1900@@UAEXPAX@Z 10002acd f   ConEmuPlugin1900.obj
 0001:00001b16       ?GetStdIndex@Far3Color@@SAHKPBK@Z 10002b16 f i ConEmuPlugin1900.obj
 0001:00001b3b       ?GetWindowCount@CPluginW1900@@UAEHXZ 10002b3b f   ConEmuPlugin1900.obj
 0001:00001b5c       ?GetWindowTypeName@CPluginW995@@UAEPB_WH@Z 10002b5c f   ConEmuPlugin995.obj
 0001:00001b5c       ?GetWindowTypeName@CPluginW2800@@UAEPB_WH@Z 10002b5c f   ConEmuPlugin2800.obj
 0001:00001b5c       ?GetWindowTypeName@CPluginW1900@@UAEPB_WH@Z 10002b5c f   ConEmuPlugin1900.obj
 0001:00001b5c       ?GetWindowTypeName@CPluginAnsi@@UAEPB_WH@Z 10002b5c f   ConEmuPluginA.obj
 0001:00001bb3       ?GuiMacroDlg@CPluginW1900@@UAEXXZ 10002bb3 f   ConEmuPlugin1900.obj
 0001:00001bb8       ?InputBox@CPluginW1900@@UAE_NPB_W000AAPA_W@Z 10002bb8 f   ConEmuPlugin1900.obj
 0001:00001c42       ?IsMacroActive@CPluginW1900@@UAE_NXZ 10002c42 f   ConEmuPlugin1900.obj
 0001:00001c6c       ?LoadFarColors@CPluginW1900@@UAEXAAY0BAA@E@Z 10002c6c f   ConEmuPlugin1900.obj
 0001:00001dc3       ?LoadFarSettings@CPluginW1900@@UAEXPAUCEFarInterfaceSettings@@PAUCEFarPanelSettings@@@Z 10002dc3 f   ConEmuPlugin1900.obj
 0001:00001ed1       ?Open@CPluginW1900@@UAEPAXPBX@Z 10002ed1 f   ConEmuPlugin1900.obj
 0001:00001f9d       ?OpenEditor@CPluginW1900@@UAE_NPB_W_N11HH@Z 10002f9d f   ConEmuPlugin1900.obj
 0001:0000203e       ?PanelControlApi@CPluginW1900@@UAEHPAXHH0@Z 1000303e f   ConEmuPlugin1900.obj
 0001:0000205b       ?PostMacroApi@CPluginW1900@@UAEXPB_WPAU_INPUT_RECORD@@_N@Z 1000305b f   ConEmuPlugin1900.obj
 0001:0000253e       ?ProcessEditorEventPtr@CPluginW1900@@UAEHPAX@Z 1000353e f   ConEmuPlugin1900.obj
 0001:0000253e       ?ProcessEditorEventPtr@CPluginW2800@@UAEHPAX@Z 1000353e f   ConEmuPlugin2800.obj
 0001:00002552       ?ProcessEditorInputPtr@CPluginW1900@@UAEHPBX@Z 10003552 f   ConEmuPlugin1900.obj
 0001:00002570       ?ProcessSynchroEventPtr@CPluginW2800@@UAEHPAX@Z 10003570 f   ConEmuPlugin2800.obj
 0001:00002570       ?ProcessSynchroEventPtr@CPluginW1900@@UAEHPAX@Z 10003570 f   ConEmuPlugin1900.obj
 0001:0000258c       ?ProcessViewerEventPtr@CPluginW1900@@UAEHPAX@Z 1000358c f   ConEmuPlugin1900.obj
 0001:0000258c       ?ProcessViewerEventPtr@CPluginW2800@@UAEHPAX@Z 1000358c f   ConEmuPlugin2800.obj
 0001:000025a0       ?RedrawAll@CPluginW1900@@UAEXXZ 100035a0 f   ConEmuPlugin1900.obj
 0001:000025c1       ?SetStartupInfoPtr@CPluginW1900@@UAEXPAX@Z 100035c1 f   ConEmuPlugin1900.obj
 0001:000026c2       ?SetWindow@CPluginW1900@@UAEXH@Z 100036c2 f   ConEmuPlugin1900.obj
 0001:000026fd       ?ShowMessage@CPluginW1900@@UAEHPB_WH_N@Z 100036fd f   ConEmuPlugin1900.obj
 0001:00002762       ?ShowPluginMenu@CPluginW1900@@UAEHPAUConEmuPluginMenuItem@@HH@Z 10003762 f   ConEmuPlugin1900.obj
 0001:000028a2       ?ShowUserScreen@CPluginW1900@@UAEX_N@Z 100038a2 f   ConEmuPlugin1900.obj
 0001:000028c7       ?PlugServerInit@@YAXXZ     100038c7 f   PluginSrv.obj
 0001:000028c7       ?WaitEndSynchro@CPluginW1900@@UAEXXZ 100038c7 f   ConEmuPlugin1900.obj
 0001:000028c7       ?StopWaitEndSynchro@CPluginW1900@@UAEXXZ 100038c7 f   ConEmuPlugin1900.obj
 0001:000028c7       ?ShutdownPluginStep@CPluginBase@@SAXPB_WHHHH@Z 100038c7 f   ConEmuPluginBase.obj
 0001:000028c7       ?StopWaitEndSynchro@CPluginAnsi@@UAEXXZ 100038c7 f   ConEmuPluginA.obj
 0001:000028c7       @_guard_check_icall_nop@4  100038c7 f   LIBCMT:guard_support.obj
 0001:000028c7       ?_Doraise@exception@stdext@@MBEXXZ 100038c7 f   common-kernel32:CEStr.obj
 0001:000028c7       ?WaitEndSynchro@CPluginAnsi@@UAEXXZ 100038c7 f   ConEmuPluginA.obj
 0001:000028c7       ?WaitEndSynchro@CPluginW2800@@UAEXXZ 100038c7 f   ConEmuPlugin2800.obj
 0001:000028c7       ?StopWaitEndSynchro@CPluginW2800@@UAEXXZ 100038c7 f   ConEmuPlugin2800.obj
 0001:000028c8       ?UpdateConEmuTabsApi@CPluginW1900@@UAE_NH@Z 100038c8 f   ConEmuPlugin1900.obj
 0001:00002d1d       ??$_Emplace_reallocate@ABUWindowInfo@@@?$vector@UWindowInfo@@V?$MArrayAllocator@UWindowInfo@@@@@std@@QAEPAUWindowInfo@@QAU2@ABU2@@Z 10003d1d f i ConEmuPlugin2800.obj
 0001:00002dda       ??$_Fill_unchecked1@PAUWindowInfo@@U1@@std@@YAXPAUWindowInfo@@0ABU1@U?$integral_constant@_N$0A@@0@@Z 10003dda f i ConEmuPlugin2800.obj
 0001:00002dfd       ??$_Uninit_alloc_fill_n1@PAUWindowInfo@@IV?$MArrayAllocator@UWindowInfo@@@@@std@@YAPAUWindowInfo@@QAU1@IABU1@AAV?$MArrayAllocator@UWindowInfo@@@@U?$integral_constant@_N$0A@@0@@Z 10003dfd f i ConEmuPlugin2800.obj
 0001:00002e22       ??$_Uninitialized_fill_n@PAUWindowInfo@@IV?$MArrayAllocator@UWindowInfo@@@@@std@@YAPAUWindowInfo@@QAU1@IABU1@AAV?$MArrayAllocator@UWindowInfo@@@@@Z 10003e22 f i ConEmuPlugin2800.obj
 0001:00002e43       ??$emplace_back@ABUWindowInfo@@@?$vector@UWindowInfo@@V?$MArrayAllocator@UWindowInfo@@@@@std@@QAEXABUWindowInfo@@@Z 10003e43 f i ConEmuPlugin2800.obj
 0001:00002e71       ??0CPluginW2800@@QAE@XZ    10003e71 f   ConEmuPlugin2800.obj
 0001:00002ffa       ??0bad_alloc@std@@QAE@ABV01@@Z 10003ffa f i ConEmuPlugin2800.obj
 0001:00003015       ??0bad_alloc@std@@QAE@XZ   10004015 f i ConEmuPlugin2800.obj
 0001:0000302d       ??0exception@std@@QAE@ABV01@@Z 1000402d f i ConEmuPlugin2800.obj
 0001:00003059       ??1?$MArray@UWindowInfo@@@@QAE@XZ 10004059 f i ConEmuPlugin2800.obj
 0001:00003091       ??1bad_alloc@std@@UAE@XZ   10004091 f i ConEmuPlugin2800.obj
 0001:00003091       ??1length_error@std@@UAE@XZ 10004091 f i libcpmt:xthrow.obj
 0001:00003091       ??1bad_exception@std@@UAE@XZ 10004091 f i libvcruntime:frame.obj
 0001:00003091       ??1bad_function_call@std@@UAE@XZ 10004091 f i libcpmt:xthrow.obj
 0001:000030a2       ??_GCPluginW2800@@UAEPAXI@Z 100040a2 f i ConEmuPlugin2800.obj
 0001:000030a2       ??_ECPluginW2800@@UAEPAXI@Z 100040a2 f i ConEmuPlugin2800.obj
 0001:000030cd       ??_Gbad_alloc@std@@UAEPAXI@Z 100040cd f i ConEmuPlugin2800.obj
 0001:000030cd       ??_Glength_error@std@@UAEPAXI@Z 100040cd f i libcpmt:xthrow.obj
 0001:000030cd       ??_Ebad_alloc@std@@UAEPAXI@Z 100040cd f i ConEmuPlugin2800.obj
 0001:000030cd       ??_Elength_error@std@@UAEPAXI@Z 100040cd f i libcpmt:xthrow.obj
 0001:000030cd       ??_Glogic_error@std@@UAEPAXI@Z 100040cd f i libcpmt:xthrow.obj
 0001:000030cd       ??_Elogic_error@std@@UAEPAXI@Z 100040cd f i libcpmt:xthrow.obj
 0001:000030cd       ??_Eexception@std@@UAEPAXI@Z 100040cd f i ConEmuPlugin2800.obj
 0001:000030cd       ??_Gexception@std@@UAEPAXI@Z 100040cd f i ConEmuPlugin2800.obj
 0001:000030cd       ??_Gbad_function_call@std@@UAEPAXI@Z 100040cd f i libcpmt:xthrow.obj
 0001:000030cd       ??_Ebad_function_call@std@@UAEPAXI@Z 100040cd f i libcpmt:xthrow.obj
 0001:000030cd       ??_Gbad_exception@std@@UAEPAXI@Z 100040cd f i libvcruntime:frame.obj
 0001:000030cd       ??_Ebad_exception@std@@UAEPAXI@Z 100040cd f i libvcruntime:frame.obj
 0001:00003463       ?CheckPanelExist@CPluginW2800@@UAE_NXZ 10004463 f   ConEmuPlugin2800.obj
 0001:00003486       ?ExecuteSynchroApi@CPluginW2800@@UAE_NXZ 10004486 f   ConEmuPlugin2800.obj
 0001:000034a9       ?ExitFar@CPluginW2800@@UAEXXZ 100044a9 f   ConEmuPlugin2800.obj
 0001:00003523       ?GetActiveWindowType@CPluginW2800@@UAEHXZ 10004523 f   ConEmuPlugin2800.obj
 0001:000035a2       ?GetEditorModifiedState@CPluginW2800@@UAEKXZ 100045a2 f   ConEmuPlugin2800.obj
 0001:000035de       ?GetFarRect@CPluginW2800@@UAE_NAAU_SMALL_RECT@@@Z 100045de f   ConEmuPlugin2800.obj
 0001:0000366e       ?GetMacroArea@CPluginW2800@@UAEHXZ 1000466e f   ConEmuPlugin2800.obj
 0001:00003682       ?GetMsg@CPluginW2800@@UAEPB_WHPA_WI@Z 10004682 f   ConEmuPlugin2800.obj
 0001:000036c8       ?GetPanelDir@CPluginW2800@@UAEPA_WKPA_WH@Z 100046c8 f   ConEmuPlugin2800.obj
 0001:000037cd       ?GetPanelInfo@CPluginW2800@@UAE_NKPAUCEPanelInfo@@@Z 100047cd f   ConEmuPlugin2800.obj
 0001:00003a34       ?GetPanelItemInfo@CPluginW2800@@UAE_NABUCEPanelInfo@@_NHAAU_WIN32_FIND_DATAW@@PAPA_W@Z 10004a34 f   ConEmuPlugin2800.obj
 0001:00003b97       ?GetPluginInfoPtr@CPluginW2800@@UAEXPAX@Z 10004b97 f   ConEmuPlugin2800.obj
 0001:00003be0       ?GetWindowCount@CPluginW2800@@UAEHXZ 10004be0 f   ConEmuPlugin2800.obj
 0001:00003c01       ?GuiMacroDlg@CPluginW2800@@UAEXXZ 10004c01 f   ConEmuPlugin2800.obj
 0001:00003c06       ?InputBox@CPluginW2800@@UAE_NPB_W000AAPA_W@Z 10004c06 f   ConEmuPlugin2800.obj
 0001:00003c90       ?IsMacroActive@CPluginW2800@@UAE_NXZ 10004c90 f   ConEmuPlugin2800.obj
 0001:00003cba       ?LoadFarColors@CPluginW2800@@UAEXAAY0BAA@E@Z 10004cba f   ConEmuPlugin2800.obj
 0001:00003e11       ?LoadFarSettings@CPluginW2800@@UAEXPAUCEFarInterfaceSettings@@PAUCEFarPanelSettings@@@Z 10004e11 f   ConEmuPlugin2800.obj
 0001:00003f19       ?Open@CPluginW2800@@UAEPAXPBX@Z 10004f19 f   ConEmuPlugin2800.obj
 0001:00004039       ?OpenEditor@CPluginW2800@@UAE_NPB_W_N11HH@Z 10005039 f   ConEmuPlugin2800.obj
 0001:000040da       ?PanelControlApi@CPluginW2800@@UAEHPAXHH0@Z 100050da f   ConEmuPlugin2800.obj
 0001:000040f7       ?PostMacroApi@CPluginW2800@@UAEXPB_WPAU_INPUT_RECORD@@_N@Z 100050f7 f   ConEmuPlugin2800.obj
 0001:00004384       ?ProcessEditorInputPtr@CPluginW2800@@UAEHPBX@Z 10005384 f   ConEmuPlugin2800.obj
 0001:000043a2       ?RedrawAll@CPluginW2800@@UAEXXZ 100053a2 f   ConEmuPlugin2800.obj
 0001:000043c3       ?SetStartupInfoPtr@CPluginW2800@@UAEXPAX@Z 100053c3 f   ConEmuPlugin2800.obj
 0001:000044c4       ?SetWindow@CPluginW2800@@UAEXH@Z 100054c4 f   ConEmuPlugin2800.obj
 0001:000045a6       ?ShowMessage@CPluginW2800@@UAEHPB_WH_N@Z 100055a6 f   ConEmuPlugin2800.obj
 0001:0000460b       ?ShowPluginMenu@CPluginW2800@@UAEHPAUConEmuPluginMenuItem@@HH@Z 1000560b f   ConEmuPlugin2800.obj
 0001:0000474b       ?ShowUserScreen@CPluginW2800@@UAEX_N@Z 1000574b f   ConEmuPlugin2800.obj
 0001:00004770       ?UpdateConEmuTabsApi@CPluginW2800@@UAE_NH@Z 10005770 f   ConEmuPlugin2800.obj
 0001:00004dbe       ?_Calculate_growth@?$vector@UWindowInfo@@V?$MArrayAllocator@UWindowInfo@@@@@std@@ABEII@Z 10005dbe f i ConEmuPlugin2800.obj
 0001:00004de9       ?_Change_array@?$vector@UWindowInfo@@V?$MArrayAllocator@UWindowInfo@@@@@std@@AAEXQAUWindowInfo@@II@Z 10005de9 f i ConEmuPlugin2800.obj
 0001:00004e18       ?_Tidy@?$vector@UWindowInfo@@V?$MArrayAllocator@UWindowInfo@@@@@std@@AAEXXZ 10005e18 f i ConEmuPlugin2800.obj
 0001:00004e34       ?_Xlength@?$vector@UtagPROCESSENTRY32W@@V?$MArrayAllocator@UtagPROCESSENTRY32W@@@@@std@@CAXXZ 10005e34 f i common-kernel32:MProcess.obj
 0001:00004e34       ?_Xlength@?$vector@UWindowInfo@@V?$MArrayAllocator@UWindowInfo@@@@@std@@CAXXZ 10005e34 f i ConEmuPlugin2800.obj
 0001:00004e3f       ?allocate@?$MArrayAllocator@UWindowInfo@@@@QAEPAUWindowInfo@@I@Z 10005e3f f i ConEmuPlugin2800.obj
 0001:00004e6f       ?erase@?$MArray@UWindowInfo@@@@QAEXHH@Z 10005e6f f i ConEmuPlugin2800.obj
 0001:00004eba       ?erase@?$vector@UWindowInfo@@V?$MArrayAllocator@UWindowInfo@@@@@std@@QAE?AV?$_Vector_iterator@V?$_Vector_val@U?$_Simple_types@UWindowInfo@@@std@@@std@@@2@V?$_Vector_const_iterator@V?$_Vector_val@U?$_Simple_types@UWindowInfo@@@std@@@std@@@2@0@Z 10005eba f i ConEmuPlugin2800.obj
 0001:00004ef2       ?insert@?$MArray@UWindowInfo@@@@QAEHHABUWindowInfo@@H@Z 10005ef2 f i ConEmuPlugin2800.obj
 0001:00004f4a       ?insert@?$vector@UWindowInfo@@V?$MArrayAllocator@UWindowInfo@@@@@std@@QAE?AV?$_Vector_iterator@V?$_Vector_val@U?$_Simple_types@UWindowInfo@@@std@@@std@@@2@V?$_Vector_const_iterator@V?$_Vector_val@U?$_Simple_types@UWindowInfo@@@std@@@std@@@2@IABUWindowInfo@@@Z 10005f4a f i ConEmuPlugin2800.obj
 0001:00005115       ?what@exception@std@@UBEPBDXZ 10006115 f i ConEmuPlugin2800.obj
 0001:00005123       _GetGlobalInfoW@4          10006123 f   ConEmuPlugin2800.obj
 0001:000051b6       ??0CPluginW995@@QAE@XZ     100061b6 f   ConEmuPlugin995.obj
 0001:0000533a       ??_GCPluginW995@@UAEPAXI@Z 1000633a f i ConEmuPlugin995.obj
 0001:0000533a       ??_ECPluginW995@@UAEPAXI@Z 1000633a f i ConEmuPlugin995.obj
 0001:0000568f       ?CheckPanelExist@CPluginW995@@UAE_NXZ 1000668f f   ConEmuPlugin995.obj
 0001:000056b2       ?ExecuteSynchroApi@CPluginW995@@UAE_NXZ 100066b2 f   ConEmuPlugin995.obj
 0001:000056d1       ?ExitFar@CPluginW995@@UAEXXZ 100066d1 f   ConEmuPlugin995.obj
 0001:00005738       ?GetActiveWindowType@CPluginW995@@UAEHXZ 10006738 f   ConEmuPlugin995.obj
 0001:000057d8       ?GetEditorModifiedState@CPluginW995@@UAEKXZ 100067d8 f   ConEmuPlugin995.obj
 0001:00005810       ?GetFarRect@CPluginW995@@UAE_NAAU_SMALL_RECT@@@Z 10006810 f   ConEmuPlugin995.obj
 0001:00005853       ?GetMacroArea@CPluginW995@@UAEHXZ 10006853 f   ConEmuPlugin995.obj
 0001:0000588b       ?GetMsg@CPluginW995@@UAEPB_WHPA_WI@Z 1000688b f   ConEmuPlugin995.obj
 0001:000058cf       ?GetPanelDir@CPluginW995@@UAEPA_WKPA_WH@Z 100068cf f   ConEmuPlugin995.obj
 0001:00005999       ?GetPanelInfo@CPluginW995@@UAE_NKPAUCEPanelInfo@@@Z 10006999 f   ConEmuPlugin995.obj
 0001:00005b83       ?GetPanelItemInfo@CPluginW995@@UAE_NABUCEPanelInfo@@_NHAAU_WIN32_FIND_DATAW@@PAPA_W@Z 10006b83 f   ConEmuPlugin995.obj
 0001:00005cce       ?GetPluginInfoPtr@CPluginW995@@UAEXPAX@Z 10006cce f   ConEmuPlugin995.obj
 0001:00005d27       ?GetWindowCount@CPluginW995@@UAEHXZ 10006d27 f   ConEmuPlugin995.obj
 0001:00005d44       ?GuiMacroDlg@CPluginW995@@UAEXXZ 10006d44 f   ConEmuPlugin995.obj
 0001:00005d49       ?InputBox@CPluginW995@@UAE_NPB_W000AAPA_W@Z 10006d49 f   ConEmuPlugin995.obj
 0001:00005dc7       ?IsMacroActive@CPluginW995@@UAE_NXZ 10006dc7 f   ConEmuPlugin995.obj
 0001:00005e16       ?LoadFarColors@CPluginW995@@UAEXAAY0BAA@E@Z 10006e16 f   ConEmuPlugin995.obj
 0001:00005ecd       ?LoadFarSettings@CPluginW995@@UAEXPAUCEFarInterfaceSettings@@PAUCEFarPanelSettings@@@Z 10006ecd f   ConEmuPlugin995.obj
 0001:00005f04       ?Open@CPluginAnsi@@UAEPAXPBX@Z 10006f04 f i ConEmuPluginA.obj
 0001:00005f04       ?Open@CPluginW995@@UAEPAXPBX@Z 10006f04 f i ConEmuPlugin995.obj
 0001:00005f0d       ?OpenEditor@CPluginW995@@UAE_NPB_W_N11HH@Z 10006f0d f   ConEmuPlugin995.obj
 0001:00005fa6       ?PanelControlApi@CPluginW995@@UAEHPAXHH0@Z 10006fa6 f   ConEmuPlugin995.obj
 0001:00005fc3       ?PostMacroApi@CPluginW995@@UAEXPB_WPAU_INPUT_RECORD@@_N@Z 10006fc3 f   ConEmuPlugin995.obj
 0001:00006065       ?ProcessEditorInputPtr@CPluginAnsi@@UAEHPBX@Z 10007065 f i ConEmuPluginA.obj
 0001:00006065       ?ProcessEditorEventPtr@CPluginAnsi@@UAEHPAX@Z 10007065 f i ConEmuPluginA.obj
 0001:00006065       ?ProcessEditorEventPtr@CPluginW995@@UAEHPAX@Z 10007065 f i ConEmuPlugin995.obj
 0001:00006065       ?ProcessViewerEventPtr@CPluginW995@@UAEHPAX@Z 10007065 f i ConEmuPlugin995.obj
 0001:00006065       ?ProcessSynchroEventPtr@CPluginW995@@UAEHPAX@Z 10007065 f i ConEmuPlugin995.obj
 0001:00006065       ?ProcessViewerEventPtr@CPluginAnsi@@UAEHPAX@Z 10007065 f i ConEmuPluginA.obj
 0001:00006065       ?ProcessSynchroEventPtr@CPluginAnsi@@UAEHPAX@Z 10007065 f i ConEmuPluginA.obj
 0001:0000606a       ?ProcessEditorInputPtr@CPluginW995@@UAEHPBX@Z 1000706a f   ConEmuPlugin995.obj
 0001:00006084       ?RedrawAll@CPluginW995@@UAEXXZ 10007084 f   ConEmuPlugin995.obj
 0001:000060a1       ?SetStartupInfoPtr@CPluginW995@@UAEXPAX@Z 100070a1 f   ConEmuPlugin995.obj
 0001:00006193       ?SetWindow@CPluginW995@@UAEXH@Z 10007193 f   ConEmuPlugin995.obj
 0001:000061c7       ?ShowMessage@CPluginW995@@UAEHPB_WH_N@Z 100071c7 f   ConEmuPlugin995.obj
 0001:00006210       ?ShowPluginMenu@CPluginW995@@UAEHPAUConEmuPluginMenuItem@@HH@Z 10007210 f   ConEmuPlugin995.obj
 0001:000062f5       ?ShowUserScreen@CPluginW995@@UAEX_N@Z 100072f5 f   ConEmuPlugin995.obj
 0001:0000631a       ?StopWaitEndSynchro@CPluginW995@@UAEXXZ 1000731a f   ConEmuPlugin995.obj
 0001:00006333       ?UpdateConEmuTabsApi@CPluginW995@@UAE_NH@Z 10007333 f   ConEmuPlugin995.obj
 0001:0000657a       ?WaitEndSynchro@CPluginW995@@UAEXXZ 1000757a f   ConEmuPlugin995.obj
 0001:0000668c       ??0CPluginAnsi@@QAE@XZ     1000768c f   ConEmuPluginA.obj
 0001:000067e0       ??_ECPluginAnsi@@UAEPAXI@Z 100077e0 f i ConEmuPluginA.obj
 0001:000067e0       ??_GCPluginAnsi@@UAEPAXI@Z 100077e0 f i ConEmuPluginA.obj
 0001:00006c4b       ?CheckPanelExist@CPluginAnsi@@UAE_NXZ 10007c4b f   ConEmuPluginA.obj
 0001:00006c6f       ?ExecuteSynchroApi@CPluginAnsi@@UAE_NXZ 10007c6f f i ConEmuPluginA.obj
 0001:00006c72       ?ExitFar@CPluginAnsi@@UAEXXZ 10007c72 f   ConEmuPluginA.obj
 0001:00006ca7       ?GetActiveWindowType@CPluginAnsi@@UAEHXZ 10007ca7 f   ConEmuPluginA.obj
 0001:00006d18       ?GetEditorModifiedState@CPluginAnsi@@UAEKXZ 10007d18 f   ConEmuPluginA.obj
 0001:00006d53       ?GetFarRect@CPluginAnsi@@UAE_NAAU_SMALL_RECT@@@Z 10007d53 f i ConEmuPluginA.obj
 0001:00006d58       ?GetMacroArea@CPluginAnsi@@UAEHXZ 10007d58 f   ConEmuPluginA.obj
 0001:00006d58       __get_startup_argv_mode    10007d58 f   LIBCMT:argv_mode.obj
 0001:00006d5c       ?GetMsg@CPluginAnsi@@UAEPB_WHPA_WI@Z 10007d5c f   ConEmuPluginA.obj
 0001:00006dcc       ?GetPanelDir@CPluginAnsi@@UAEPA_WKPA_WH@Z 10007dcc f   ConEmuPluginA.obj
 0001:00006e8e       ?GetPanelInfo@CPluginAnsi@@UAE_NKPAUCEPanelInfo@@@Z 10007e8e f   ConEmuPluginA.obj
 0001:0000705e       ?GetPanelItemInfo@CPluginAnsi@@UAE_NABUCEPanelInfo@@_NHAAU_WIN32_FIND_DATAW@@PAPA_W@Z 1000805e f   ConEmuPluginA.obj
 0001:0000715a       ?GetPluginInfoPtr@CPluginAnsi@@UAEXPAX@Z 1000815a f   ConEmuPluginA.obj
 0001:000071c7       ?GetWindowCount@CPluginAnsi@@UAEHXZ 100081c7 f   ConEmuPluginA.obj
 0001:000071ea       ?GuiMacroDlg@CPluginAnsi@@UAEXXZ 100081ea f   ConEmuPluginA.obj
 0001:000071ef       ?InputBox@CPluginAnsi@@UAE_NPB_W000AAPA_W@Z 100081ef f   ConEmuPluginA.obj
 0001:0000731a       ?IsMacroActive@CPluginAnsi@@UAE_NXZ 1000831a f   ConEmuPluginA.obj
 0001:0000736f       ?LoadFarColors@CPluginAnsi@@UAEXAAY0BAA@E@Z 1000836f f   ConEmuPluginA.obj
 0001:0000742c       ?LoadFarSettings@CPluginAnsi@@UAEXPAUCEFarInterfaceSettings@@PAUCEFarPanelSettings@@@Z 1000842c f   ConEmuPluginA.obj
 0001:0000746f       ?OpenEditor@CPluginAnsi@@UAE_NPB_W_N11HH@Z 1000846f f   ConEmuPluginA.obj
 0001:0000754d       ?PanelControlApi@CPluginAnsi@@UAEHPAXHH0@Z 1000854d f   ConEmuPluginA.obj
 0001:00007577       ?PostMacroApi@CPluginAnsi@@UAEXPB_WPAU_INPUT_RECORD@@_N@Z 10008577 f   ConEmuPluginA.obj
 0001:00007617       ?RedrawAll@CPluginAnsi@@UAEXXZ 10008617 f   ConEmuPluginA.obj
 0001:0000763a       ?SetStartupInfoPtr@CPluginAnsi@@UAEXPAX@Z 1000863a f   ConEmuPluginA.obj
 0001:0000773b       ?SetWindow@CPluginAnsi@@UAEXH@Z 1000873b f   ConEmuPluginA.obj
 0001:0000777b       ?ShowMessage@CPluginAnsi@@UAEHPB_WH_N@Z 1000877b f   ConEmuPluginA.obj
 0001:00007805       ?ShowPluginMenu@CPluginAnsi@@UAEHPAUConEmuPluginMenuItem@@HH@Z 10008805 f   ConEmuPluginA.obj
 0001:0000792b       ?ShowUserScreen@CPluginAnsi@@UAEX_N@Z 1000892b f   ConEmuPluginA.obj
 0001:00007951       ?UpdateConEmuTabsApi@CPluginAnsi@@UAE_NH@Z 10008951 f   ConEmuPluginA.obj
 0001:00007bbc       ??$swprintf_c@$0BAE@@@YAHAAY0BAE@_WPB_WZZ 10008bbc f i ConEmuPluginBase.obj
 0001:00007bd5       ??$swprintf_c@$0DAM@@@YAHAAY0DAM@_WPB_WZZ 10008bd5 f i ConEmuPluginBase.obj
 0001:00007bee       ??$swprintf_c@$0EAA@@@YAHAAY0EAA@_WPB_WZZ 10008bee f i ConEmuPluginBase.obj
 0001:00007c07       ??$swprintf_c@$0MI@@@YAHAAY0MI@_WPB_WZZ 10008c07 f i ConEmuPluginBase.obj
 0001:00007c20       ??0?$MFileMapping@UCESERVER_CONSOLE_MAPPING_HDR@@@@QAE@XZ 10008c20 f i ConEmuPluginBase.obj
 0001:00007c7d       ??0CPluginBase@@QAE@XZ     10008c7d f   ConEmuPluginBase.obj
 0001:00007d9b       ??0MWow64Disable@@QAE@XZ   10008d9b f i ConEmuPluginBase.obj
 0001:00007de0       ??1?$MFileMapping@UConEmuGuiMapping@@@@QAE@XZ 10008de0 f i common-user32:ConEmuCheckEx.obj
 0001:00007de0       ??1?$MFileMapping@UPanelViewSetMapping@@@@QAE@XZ 10008de0 f i PluginBackground.obj
 0001:00007de0       ??1?$MFileMapping@UCESERVER_CONSOLE_MAPPING_HDR@@@@QAE@XZ 10008de0 f i ConEmuPluginBase.obj
 0001:00007dea       ??1CPluginBase@@UAE@XZ     10008dea f   ConEmuPluginBase.obj
 0001:00007df1       ??1MWow64Disable@@QAE@XZ   10008df1 f i ConEmuPluginBase.obj
 0001:00007e25       ??_G?$MFileMapping@UCESERVER_CONSOLE_MAPPING_HDR@@@@QAEPAXI@Z 10008e25 f i ConEmuPluginBase.obj
 0001:00007e4f       ??_GCPluginBase@@UAEPAXI@Z 10008e4f f i ConEmuPluginBase.obj
 0001:00007e4f       ??_ECPluginBase@@UAEPAXI@Z 10008e4f f i ConEmuPluginBase.obj
 0001:00007e77       ?ActivatePlugin@CPluginBase@@QAE_NKPAXK@Z 10008e77 f   ConEmuPluginBase.obj
 0001:0000800c       ?AddTab@CPluginBase@@QAE_NAAHH_N1HPB_W2HHHH@Z 1000900c f   ConEmuPluginBase.obj
 0001:000082ed       ?AddTabFinish@CPluginBase@@QAEXH@Z 100092ed f   ConEmuPluginBase.obj
 0001:000082ff       ?Attach2Gui@CPluginBase@@QAE_N_N@Z 100092ff f   ConEmuPluginBase.obj
 0001:0000868d       ?BackgroundMacroError@CPluginBase@@SGKPAX@Z 1000968d f   ConEmuPluginBase.obj
 0001:000086b4       ?CheckBufferEnabled@CPluginBase@@QAE_NXZ 100096b4 f   ConEmuPluginBase.obj
 0001:0000870d       ?CheckConEmuDetached@CPluginBase@@SAXXZ 1000970d f   ConEmuPluginBase.obj
 0001:000087a8       ?CheckResources@CPluginBase@@QAEX_N@Z 100097a8 f   ConEmuPluginBase.obj
 0001:00008948       ?CloseMap@?$MFileMapping@UConEmuGuiMapping@@@@QAEXXZ 10009948 f i common-kernel32:ConEmuCheck.obj
 0001:00008948       ?CloseMap@?$MFileMapping@UCESERVER_CONSOLE_MAPPING_HDR@@@@QAEXXZ 10009948 f i ConEmuPluginBase.obj
 0001:00008948       ?CloseMap@?$MFileMapping@UPanelViewSetMapping@@@@QAEXXZ 10009948 f i PluginBackground.obj
 0001:00008999       ?CloseMapHeader@CPluginBase@@SAXXZ 10009999 f   ConEmuPluginBase.obj
 0001:000089b0       ?ClosePtr@?$MFileMapping@UPanelViewSetMapping@@@@QAEXXZ 100099b0 f i PluginBackground.obj
 0001:000089b0       ?ClosePtr@?$MFileMapping@UCESERVER_CONSOLE_MAPPING_HDR@@@@QAEXXZ 100099b0 f i ConEmuPluginBase.obj
 0001:000089b0       ?ClosePtr@?$MFileMapping@UConEmuGuiMapping@@@@QAEXXZ 100099b0 f i common-kernel32:ConEmuCheck.obj
 0001:000089c8       ?CloseTabs@CPluginBase@@SAXXZ 100099c8 f   ConEmuPluginBase.obj
 0001:00008a50       ?CommonPluginStartup@CPluginBase@@QAEXXZ 10009a50 f   ConEmuPluginBase.obj
 0001:00008b3c       ?CreateTabs@CPluginBase@@SA_NH@Z 10009b3c f   ConEmuPluginBase.obj
 0001:00008be6       ?Disable@MWow64Disable@@QAEXXZ 10009be6 f i ConEmuPluginBase.obj
 0001:00008c00       ?DllCheckUnique@CPluginBase@@KA_N_N@Z 10009c00 f   ConEmuPluginBase.obj
 0001:00008dc5       ?DllMain_ProcessAttach@CPluginBase@@KAXPAUHINSTANCE__@@@Z 10009dc5 f   ConEmuPluginBase.obj
 0001:00008eb9       ?DllMain_ProcessDetach@CPluginBase@@KAXXZ 10009eb9 f   ConEmuPluginBase.obj
 0001:00008f8a       ?EditViewConsoleOutput@CPluginBase@@QAEX_N@Z 10009f8a f   ConEmuPluginBase.obj
 0001:0000901f       ?EmergencyShow@CPluginBase@@KAXXZ 1000a01f f   ConEmuPluginBase.obj
 0001:0000906a       ?ExecuteSynchro@CPluginBase@@QAEXXZ 1000a06a f   ConEmuPluginBase.obj
 0001:000090e0       ?ExitFarCommon@CPluginBase@@QAEX_N@Z 1000a0e0 f   ConEmuPluginBase.obj
 0001:00009103       ?FarSetConsoleSize@CPluginBase@@SA_NFF@Z 1000a103 f   ConEmuPluginBase.obj
 0001:000091e7       ?FillLoadedParm@CPluginBase@@SAXPAUConEmuLoadedArg@@PAUHINSTANCE__@@H@Z 1000a1e7 f   ConEmuPluginBase.obj
 0001:00009275       ?FillUpdateBackground@CPluginBase@@QAEXPAUPaintBackgroundArg@@@Z 1000a275 f   ConEmuPluginBase.obj
 0001:000093b6       ?FindServerCmd@CPluginBase@@QAE_NKAAK_N@Z 1000a3b6 f   ConEmuPluginBase.obj
 0001:0000949c       ?GetMainThreadId@CPluginBase@@SAKXZ 1000a49c f   ConEmuPluginBase.obj
 0001:00009527       ?GetPanelInfo@CPluginBase@@QAE_NKPAUBkPanelInfo@@@Z 1000a527 f   ConEmuPluginBase.obj
 0001:000095a7       ?InitHWND@CPluginBase@@SAXXZ 1000a5a7 f   ConEmuPluginBase.obj
 0001:000097c5       ?InitName@?$MFileMapping@UCESERVER_CONSOLE_MAPPING_HDR@@@@QAEPB_WPB_WKK@Z 1000a7c5 f i ConEmuPluginBase.obj
 0001:000097c5       ?InitName@?$MFileMapping@UConEmuGuiMapping@@@@QAEPB_WPB_WKK@Z 1000a7c5 f i common-kernel32:ConEmuCheck.obj
 0001:000097c5       ?InitName@?$MFileMapping@UPanelViewSetMapping@@@@QAEPB_WPB_WKK@Z 1000a7c5 f i PluginBackground.obj
 0001:000097f6       ?InitResources@CPluginBase@@QAEXXZ 1000a7f6 f   ConEmuPluginBase.obj
 0001:000099b2       ?InitRootRegKey@CPluginBase@@IAEXXZ 1000a9b2 f   ConEmuPluginBase.obj
 0001:00009a6b       ?InternalOpenCreate@?$MFileMapping@UPanelViewSetMapping@@@@IAEPAUPanelViewSetMapping@@_N0H@Z 1000aa6b f i PluginBackground.obj
 0001:00009a6b       ?InternalOpenCreate@?$MFileMapping@UConEmuGuiMapping@@@@IAEPAUConEmuGuiMapping@@_N0H@Z 1000aa6b f i common-kernel32:ConEmuCheck.obj
 0001:00009a6b       ?InternalOpenCreate@?$MFileMapping@UCESERVER_CONSOLE_MAPPING_HDR@@@@IAEPAUCESERVER_CONSOLE_MAPPING_HDR@@_N0H@Z 1000aa6b f i ConEmuPluginBase.obj
 0001:00009c4d       ?IsCurrentTabModal@CPluginBase@@QAE_NXZ 1000ac4d f   ConEmuPluginBase.obj
 0001:00009cd6       ?IsFarLua@FarVersion@@QBE_NXZ 1000acd6 f i ConEmuPluginBase.obj
 0001:00009e04       ?LoadFarVersion@CPluginBase@@SA_NXZ 1000ae04 f   ConEmuPluginBase.obj
 0001:0000a04b       ?LoadPanelTabsFromRegistry@CPluginBase@@IAEXXZ 1000b04b f   ConEmuPluginBase.obj
 0001:0000a121       ?MonitorThreadProcW@CPluginBase@@SGKPAX@Z 1000b121 f   ConEmuPluginBase.obj
 0001:0000a4ef       ?NotifyConEmuUnloaded@CPluginBase@@SAXXZ 1000b4ef f   ConEmuPluginBase.obj
 0001:0000a5ea       ?OnConsoleDetaching@CPluginBase@@SGHPAUHookCallbackArg@@@Z 1000b5ea f   ConEmuPluginBase.obj
 0001:0000a6ec       ?OnConsolePeekInput@CPluginBase@@SGHPAUHookCallbackArg@@@Z 1000b6ec f   ConEmuPluginBase.obj
 0001:0000a74b       ?OnConsolePeekInputPost@CPluginBase@@SGHPAUHookCallbackArg@@@Z 1000b74b f   ConEmuPluginBase.obj
 0001:0000a77b       ?OnConsolePeekReadInput@CPluginBase@@SAX_N@Z 1000b77b f   ConEmuPluginBase.obj
 0001:0000a933       ?OnConsoleReadInput@CPluginBase@@SGHPAUHookCallbackArg@@@Z 1000b933 f   ConEmuPluginBase.obj
 0001:0000a943       ?OnConsoleReadInputPost@CPluginBase@@SGHPAUHookCallbackArg@@@Z 1000b943 f   ConEmuPluginBase.obj
 0001:0000aac5       ?OnConsoleReadInputWork@CPluginBase@@SAHPAUHookCallbackArg@@@Z 1000bac5 f   ConEmuPluginBase.obj
 0001:0000ab2f       ?OnConsoleWasAttached@CPluginBase@@SGHPAUHookCallbackArg@@@Z 1000bb2f f   ConEmuPluginBase.obj
 0001:0000ab85       ?OnCurDirChanged@CPluginBase@@SGXXZ 1000bb85 f   ConEmuPluginBase.obj
 0001:0000abdc       ?OnGetNumberOfConsoleInputEventsPost@CPluginBase@@SGHPAUHookCallbackArg@@@Z 1000bbdc f   ConEmuPluginBase.obj
 0001:0000ac10       ?OnLibraryLoaded@CPluginBase@@SGXPAUHINSTANCE__@@@Z 1000bc10 f   ConEmuPluginBase.obj
 0001:0000ac7e       ?OnMainThreadActivated@CPluginBase@@QAEXXZ 1000bc7e f   ConEmuPluginBase.obj
 0001:0000ade8       ?OnPanelViewCallbacks@CPluginBase@@SA_NPAUHookCallbackArg@@P6GHPAXPAU_INPUT_RECORD@@KPAKPAH@Z5@Z 1000bde8 f   ConEmuPluginBase.obj
 0001:0000ae89       ?OnPostWriteConsoleOutput@CPluginBase@@SGHPAUHookCallbackArg@@@Z 1000be89 f   ConEmuPluginBase.obj
 0001:0000ae94       ?OnShellExecuteExW_Except@CPluginBase@@SGHPAUHookCallbackArg@@@Z 1000be94 f   ConEmuPluginBase.obj
 0001:0000aec9       ?OnWriteConsoleOutput@CPluginBase@@SGHPAUHookCallbackArg@@@Z 1000bec9 f   ConEmuPluginBase.obj
 0001:0000af56       ?OpenMapHeader@CPluginBase@@SAHXZ 1000bf56 f   ConEmuPluginBase.obj
 0001:0000b012       ?OpenPluginCommon@CPluginBase@@QAEPAXHH_N@Z 1000c012 f   ConEmuPluginBase.obj
 0001:0000b276       ?OutDataAlloc@CPluginBase@@SA_NK@Z 1000c276 f   ConEmuPluginBase.obj
 0001:0000b2c5       ?OutDataRealloc@CPluginBase@@SA_NK@Z 1000c2c5 f   ConEmuPluginBase.obj
 0001:0000b35c       ?OutDataWrite@CPluginBase@@SA_NPAXK@Z 1000c35c f   ConEmuPluginBase.obj
 0001:0000b3db       ?PanelControl@CPluginBase@@QAEHPAXHH0@Z 1000c3db f   ConEmuPluginBase.obj
 0001:0000b442       ?Plugin@@YAPAVCPluginBase@@XZ 1000c442 f   ConEmuPluginBase.obj
 0001:0000b518       ?PostMacro@CPluginBase@@QAEXPB_WPAU_INPUT_RECORD@@_N@Z 1000c518 f   ConEmuPluginBase.obj
 0001:0000b559       ?PrintText@CPluginBase@@QAE_NPB_W@Z 1000c559 f   ConEmuPluginBase.obj
 0001:0000b63d       ?ProcessCommand@CPluginBase@@QAE_NKHPAXPAPAUCESERVER_REQ@@_N@Z 1000c63d f   ConEmuPluginBase.obj
 0001:0000ba55       ?ProcessCommandLine@CPluginBase@@QAE_NPA_W@Z 1000ca55 f   ConEmuPluginBase.obj
 0001:0000ba8e       ?ProcessDragFrom@CPluginBase@@QAEXXZ 1000ca8e f   ConEmuPluginBase.obj
 0001:0000bfea       ?ProcessDragTo@CPluginBase@@QAEXXZ 1000cfea f   ConEmuPluginBase.obj
 0001:0000c308       ?ProcessEditorInputInternal@CPluginBase@@QAEXABU_INPUT_RECORD@@@Z 1000d308 f   ConEmuPluginBase.obj
 0001:0000c33a       ?ProcessEditorViewerEvent@CPluginBase@@QAEHHH@Z 1000d33a f   ConEmuPluginBase.obj
 0001:0000c3d7       ?ProcessSetWindowCommand@CPluginBase@@QAEXXZ 1000d3d7 f   ConEmuPluginBase.obj
 0001:0000c49e       ?ProcessSynchroEvent@CPluginBase@@QAEHHPAX@Z 1000d49e f   ConEmuPluginBase.obj
 0001:0000c510       ?ReloadFarInfo@CPluginBase@@QAE_N_N@Z 1000d510 f   ConEmuPluginBase.obj
 0001:0000c729       ?ReloadFarInfoApi@CPluginBase@@IAE_NXZ 1000d729 f   ConEmuPluginBase.obj
 0001:0000c8b6       ?Restore@MWow64Disable@@QAEXXZ 1000d8b6 f i ConEmuPluginBase.obj
 0001:0000c8cd       ?RunExternalProgram@CPluginBase@@QAE_NPA_W@Z 1000d8cd f   ConEmuPluginBase.obj
 0001:0000c9e7       ?RunExternalProgramW@CPluginBase@@SA_NPA_W0_N@Z 1000d9e7 f   ConEmuPluginBase.obj
 0001:0000cbbb       ?SendTabs@CPluginBase@@SAXH_N@Z 1000dbbb f   ConEmuPluginBase.obj
 0001:0000cd46       ?SetRootRegKey@CPluginBase@@IAEXPA_W@Z 1000dd46 f   ConEmuPluginBase.obj
 0001:0000cdc9       ?ShowConsoleInfo@CPluginBase@@QAEXXZ 1000ddc9 f   ConEmuPluginBase.obj
 0001:0000cf3a       ?ShowMessage@CPluginBase@@QAEHHH@Z 1000df3a f   ConEmuPluginBase.obj
 0001:0000cf9e       ?ShowMessageBox@CPluginBase@@KAHPB_WI@Z 1000df9e f   ConEmuPluginBase.obj
 0001:0000d032       ?ShowMessageGui@CPluginBase@@QAEHHH@Z 1000e032 f   ConEmuPluginBase.obj
 0001:0000d09a       ?ShowPanelsList@CPluginBase@@QAEXXZ 1000e09a f   ConEmuPluginBase.obj
 0001:0000d19a       ?ShowPluginMenu@CPluginBase@@QAEXW4PluginCallCommands@@@Z 1000e19a f   ConEmuPluginBase.obj
 0001:0000d34f       ?ShowProtocolWarning@CPluginBase@@KAXXZ 1000e34f f   ConEmuPluginBase.obj
 0001:0000d48f       ?ShowTabsList@CPluginBase@@QAEXXZ 1000e48f f   ConEmuPluginBase.obj
 0001:0000d6b4       ?StartDebugger@CPluginBase@@QAE_NXZ 1000e6b4 f   ConEmuPluginBase.obj
 0001:0000d922       ?StopThread@CPluginBase@@QAEX_N@Z 1000e922 f   ConEmuPluginBase.obj
 0001:0000dae5       ?StorePanelDirs@CPluginBase@@QAE_NPB_W0@Z 1000eae5 f   ConEmuPluginBase.obj
 0001:0000dc01       ?StringCchCatW@@YGJPA_WIPB_W@Z 1000ec01 f i ConEmuPluginBase.obj
 0001:0000dc3f       ?StringCchCopyW@@YGJPA_WIPB_W@Z 1000ec3f f i ConEmuPluginBase.obj
 0001:0000dd55       ?SwitchTabCommand@CPluginBase@@QAEXW4PluginMenuCommands@@@Z 1000ed55 f   ConEmuPluginBase.obj
 0001:0000ddcd       ?ToOem@CPluginBase@@SAPADPB_W@Z 1000edcd f   ConEmuPluginBase.obj
 0001:0000de0b       ?ToOem@CPluginBase@@SAXPB_WPADH@Z 1000ee0b f   ConEmuPluginBase.obj
 0001:0000de32       ?ToUnicode@CPluginBase@@SAPA_WPBD@Z 1000ee32 f   ConEmuPluginBase.obj
 0001:0000de89       ?TouchReadPeekConsoleInputs@CPluginBase@@SAXH@Z 1000ee89 f   ConEmuPluginBase.obj
 0001:0000dec1       ?UngetDummyMouseEvent@CPluginBase@@SA_N_NPAUHookCallbackArg@@@Z 1000eec1 f   ConEmuPluginBase.obj
 0001:0000e03a       ?UpdateConEmuTabs@CPluginBase@@QAE_N_N@Z 1000f03a f   ConEmuPluginBase.obj
 0001:0000e232       ?UpdatePanelDirs@CPluginBase@@QAEXXZ 1000f232 f   ConEmuPluginBase.obj
 0001:0000e39a       ?WaitPluginActivation@CPluginBase@@SAKKPAPAXHK@Z 1000f39a f   ConEmuPluginBase.obj
 0001:0000e481       ?cmd_CloseQSearch@CPluginBase@@QAEXXZ 1000f481 f   ConEmuPluginBase.obj
 0001:0000e4ab       ?cmd_ConSetFont@CPluginBase@@QAEXPAX@Z 1000f4ab f   ConEmuPluginBase.obj
 0001:0000e4dd       ?cmd_EMenu@CPluginBase@@QAEXPAX@Z 1000f4dd f   ConEmuPluginBase.obj
 0001:0000e578       ?cmd_ExternalCallback@CPluginBase@@QAE_NPAX@Z 1000f578 f   ConEmuPluginBase.obj
 0001:0000e5bb       ?cmd_GuiChanged@CPluginBase@@QAEXPAX@Z 1000f5bb f   ConEmuPluginBase.obj
 0001:0000e632       ?cmd_LeftClickSync@CPluginBase@@QAEXPAX@Z 1000f632 f   ConEmuPluginBase.obj
 0001:0000e6ff       ?cmd_OpenEditorLine@CPluginBase@@QAE_NPAUCESERVER_REQ_FAREDITOR@@@Z 1000f6ff f   ConEmuPluginBase.obj
 0001:0000e792       ?cmd_RedrawFarCall@CPluginBase@@QAE_NAAPAUCESERVER_REQ@@PAPAU2@@Z 1000f792 f   ConEmuPluginBase.obj
 0001:0000e826       ?cmd_SetWindow@CPluginBase@@QAE_NPAX_N@Z 1000f826 f   ConEmuPluginBase.obj
 0001:0000e896       ?isEditorViewer@CPluginBase@@QAE_NXZ 1000f896 f   ConEmuPluginBase.obj
 0001:0000e8b4       ?isMacroActive@CPluginBase@@QAE_NAAH@Z 1000f8b4 f   ConEmuPluginBase.obj
 0001:0000e8ec       ?isModalEditorViewer@CPluginBase@@QAE_NXZ 1000f8ec f   ConEmuPluginBase.obj
 0001:0000e913       ?pcc_Disabled@CPluginBase@@SA_NW4PluginMenuCommands@@@Z 1000f913 f   ConEmuPluginBase.obj
 0001:0000e980       ?pcc_Selected@CPluginBase@@SA_NW4PluginMenuCommands@@@Z 1000f980 f   ConEmuPluginBase.obj
 0001:0000e9d3       _wmemcmp                   1000f9d3 f i ConEmuPluginBase.obj
 0001:0000ea09       ??0?$MFileMapping@UPanelViewSetMapping@@@@QAE@XZ 1000fa09 f i PluginBackground.obj
 0001:0000ea66       ??0CPluginBackground@@QAE@XZ 1000fa66 f   PluginBackground.obj
 0001:0000ebd7       ??1CPluginBackground@@QAE@XZ 1000fbd7 f   PluginBackground.obj
 0001:0000ed42       ?CheckPanelFolders@CPluginBackground@@IAEXH@Z 1000fd42 f   PluginBackground.obj
 0001:0000edef       ?GetTo@?$MFileMapping@UPanelViewSetMapping@@@@QAE_NPAUPanelViewSetMapping@@H@Z 1000fdef f i PluginBackground.obj
 0001:0000eebe       ?IsParmChanged@CPluginBackground@@IAE_NPAUPaintBackgroundArg@@0@Z 1000febe f   PluginBackground.obj
 0001:0000f0df       ?LoadThSet@CPluginBackground@@IAEHH@Z 100100df f   PluginBackground.obj
 0001:0000f254       ?MonitorBackground@CPluginBackground@@QAEXXZ 10010254 f   PluginBackground.obj
 0001:0000f2ac       ?OnMainThreadActivated@CPluginBackground@@QAEXHH@Z 100102ac f   PluginBackground.obj
 0001:0000f366       ?ReallocItems@CPluginBackground@@IAEXH@Z 10010366 f   PluginBackground.obj
 0001:0000f3b0       ?RegisterSubplugin@CPluginBackground@@QAEHPAURegisterBackgroundArg@@@Z 100103b0 f   PluginBackground.obj
 0001:0000f5be       ?SetDcPanelRect@CPluginBackground@@IAEXPAUtagRECT@@PAUBkPanelInfo@@PAUPaintBackgroundArg@@@Z 100105be f   PluginBackground.obj
 0001:0000f699       ?SetForceThLoad@CPluginBackground@@QAEXXZ 10010699 f   PluginBackground.obj
 0001:0000f6ac       ?SetForceUpdate@CPluginBackground@@QAEX_N@Z 100106ac f   PluginBackground.obj
 0001:0000f6ce       ?UpdateBackground@CPluginBackground@@IAEXXZ 100106ce f   PluginBackground.obj
 0001:0000fe29       ?UpdateBackground_Exec@CPluginBackground@@KAXPAURegisterBackgroundArg@@PAUPaintBackgroundArg@@@Z 10010e29 f   PluginBackground.obj
 0001:0000fe9f       ??$swprintf_c@$09@@YAHAAY09_WPB_WZZ 10010e9f f i PluginSrv.obj
 0001:0000feb5       ??$wcscpy_c@$0BAE@@@YAHAAY0BAE@_WPB_W@Z 10010eb5 f i PluginSrv.obj
 0001:0000feca       ?AllocRequestBuf@PipeInst@?$PipeServer@UCESERVER_REQ@@@@QAEPAUCESERVER_REQ@@K@Z 10010eca f i PluginSrv.obj
 0001:0000ff06       ?DumpError@?$PipeServer@UCESERVER_REQ@@@@IAEXPAUPipeInst@1@PB_WH@Z 10010f06 f i PluginSrv.obj
 0001:0000ffd9       ?PipeServerRead@?$PipeServer@UCESERVER_REQ@@@@IAEHPAUPipeInst@1@@Z 10010fd9 f i PluginSrv.obj
 0001:0001023c       ?PipeServerThread@?$PipeServer@UCESERVER_REQ@@@@IAEKPAUPipeInst@1@@Z 1001123c f i PluginSrv.obj
 0001:00010469       ?PipeServerWrite@?$PipeServer@UCESERVER_REQ@@@@IAEHPAUPipeInst@1@PBXKPAKH@Z 10011469 f i PluginSrv.obj
 0001:00010545       ?PlugServerCommand@@YGHPAXPAUCESERVER_REQ@@AAPAU1@AAK3J@Z 10011545 f   PluginSrv.obj
 0001:000109d0       ?PlugServerFree@@YGXPAUCESERVER_REQ@@J@Z 100119d0 f   PluginSrv.obj
 0001:000109e1       ?PlugServerStart@@YA_NXZ   100119e1 f   PluginSrv.obj
 0001:00010a90       ?PlugServerStop@@YAX_N@Z   10011a90 f   PluginSrv.obj
 0001:00010ac9       ?SetMaxCount@?$PipeServer@UCESERVER_REQ@@@@QAEXH@Z 10011ac9 f i PluginSrv.obj
 0001:00010af0       ?StartPipeInstance@?$PipeServer@UCESERVER_REQ@@@@IAE_NPAUPipeInst@1@@Z 10011af0 f i PluginSrv.obj
 0001:00010c1f       ?StartPipeServer@?$PipeServer@UCESERVER_REQ@@@@QAE_N_NPB_WJPAU_SECURITY_ATTRIBUTES@@P6GHPAXPAUCESERVER_REQ@@AAPAU3@AAK6J@ZP6GX4J@ZP6GH3J@Z99@Z 10011c1f f i PluginSrv.obj
 0001:00010d51       ?StopPipeServer@?$PipeServer@UCESERVER_REQ@@@@QAEX_NAA_N@Z 10011d51 f i PluginSrv.obj
 0001:0001102a       ?TerminatePipeThread@?$PipeServer@UCESERVER_REQ@@@@KAXAAPAXABUPipeInst@1@AA_N@Z 1001202a f i PluginSrv.obj
 0001:00011080       ?WaitForClient@?$PipeServer@UCESERVER_REQ@@@@IAE_NPAUPipeInst@1@AAH1@Z 10012080 f i PluginSrv.obj
 0001:00011312       ?WaitOverlapped@?$PipeServer@UCESERVER_REQ@@@@IAEHPAUPipeInst@1@PAK@Z 10012312 f i PluginSrv.obj
 0001:00011461       ?WriteDummyAnswer@?$PipeServer@UCESERVER_REQ@@@@IAEHPAUPipeInst@1@@Z 10012461 f i PluginSrv.obj
 0001:000114b9       ?_Disconnect@?$PipeServer@UCESERVER_REQ@@@@IAEXPAUPipeInst@1@_N11@Z 100124b9 f i PluginSrv.obj
 0001:0001150d       ?_PipeServerThread@?$PipeServer@UCESERVER_REQ@@@@KGKPAX@Z 1001250d f i PluginSrv.obj
 0001:00011554       ?cmd_FarSetChanged@@YAXPAUFAR_REQ_FARSETCHANGED@@@Z 10012554 f   PluginSrv.obj
 0001:000115a2       _GetFileVersionInfoSizeW@8 100125a2 f   version:VERSION.dll
 0001:000115a8       _GetFileVersionInfoW@16    100125a8 f   version:VERSION.dll
 0001:000115ae       _VerQueryValueW@16         100125ae f   version:VERSION.dll
 0001:000115b4       _CreateToolhelp32Snapshot@8 100125b4 f   kernel32:KERNEL32.dll
 0001:000115ba       _Thread32First@8           100125ba f   kernel32:KERNEL32.dll
 0001:000115c0       _Thread32Next@8            100125c0 f   kernel32:KERNEL32.dll
 0001:000115c6       _Module32FirstW@8          100125c6 f   kernel32:KERNEL32.dll
 0001:000115cc       _Module32NextW@8           100125cc f   kernel32:KERNEL32.dll
 0001:000115d2       ??2@YAPAXI@Z               100125d2 f   common-kernel32:Memory.obj
 0001:000115f3       ??3@YAXPAX@Z               100125f3 f   common-kernel32:Memory.obj
 0001:000115f3       ??_V@YAXPAX@Z              100125f3 f   common-kernel32:Memory.obj
 0001:000115f8       ??_U@YAPAXI@Z              100125f8 f   common-kernel32:Memory.obj
 0001:00011601       ?HeapDeinitialize@@YAXXZ   10012601 f   common-kernel32:Memory.obj
 0001:00011657       ?HeapInitialize@@YA_NXZ    10012657 f   common-kernel32:Memory.obj
 0001:00011685       ?xf_calloc@@YAPAXII@Z      10012685 f   common-kernel32:Memory.obj
 0001:000116b0       ?xf_free@@YAXPAX@Z         100126b0 f   common-kernel32:Memory.obj
 0001:000116f0       ?xf_malloc@@YAPAXI@Z       100126f0 f   common-kernel32:Memory.obj
 0001:00011716       ?xf_realloc@@YAPAXPAXI@Z   10012716 f   common-kernel32:Memory.obj
 0001:0001173d       ??0?$MFileMapping@UConEmuGuiMapping@@@@QAE@XZ 1001273d f i common-kernel32:ConEmuCheck.obj
 0001:0001179a       ?ExecuteCmd@@YAPAUCESERVER_REQ@@PB_WPAU1@KPAUHWND__@@HKH@Z 1001279a f   common-kernel32:ConEmuCheck.obj
 0001:0001196f       ?ExecuteFreeResult@@YAXAAPAUCESERVER_REQ@@@Z 1001296f f   common-kernel32:ConEmuCheck.obj
 0001:00011987       ?ExecuteGuiCmd@@YAPAUCESERVER_REQ@@PAUHWND__@@PAU1@0H@Z 10012987 f   common-kernel32:ConEmuCheck.obj
 0001:00011a08       ?ExecuteNewCmd@@YAPAUCESERVER_REQ@@KI@Z 10012a08 f   common-kernel32:ConEmuCheck.obj
 0001:00011a46       ?ExecuteNewCmd@@YA_NAAPAUCESERVER_REQ@@AAKKI@Z 10012a46 f   common-kernel32:ConEmuCheck.obj
 0001:00011aa4       ?ExecuteOpenPipe@@YAPAXPB_WAAY0CAI@_W0KKHPAXH@Z 10012aa4 f   common-kernel32:ConEmuCheck.obj
 0001:00011bde       ?ExecutePrepareCmd@@YAXPAUCESERVER_REQ@@KI@Z 10012bde f   common-kernel32:ConEmuCheck.obj
 0001:00011c15       ?ExecutePrepareCmd@@YAXPAUCESERVER_REQ_HDR@@KI@Z 10012c15 f   common-kernel32:ConEmuCheck.obj
 0001:00011c7d       ?ExecuteSrvCmd@@YAPAUCESERVER_REQ@@KPAU1@PAUHWND__@@HKH@Z 10012c7d f   common-kernel32:ConEmuCheck.obj
 0001:00011d14       ?GetConEmuHWND@@YAPAUHWND__@@H@Z 10012d14 f   common-kernel32:ConEmuCheck.obj
 0001:00011e1d       ?GuiMessageBox@@YAHPAUHWND__@@PB_W1H@Z 10012e1d f   common-kernel32:ConEmuCheck.obj
 0001:00011f3a       ?LoadSrvMapping@@YAHPAUHWND__@@AAUCESERVER_CONSOLE_MAPPING_HDR@@@Z 10012f3a f   common-kernel32:ConEmuCheck.obj
 0001:00011fee       ?ModuleName@@YAPB_WPB_W@Z  10012fee f   common-kernel32:ConEmuCheck.obj
 0001:00012084       ?StringCchCopyNW@@YGJPA_WIPB_WI@Z 10013084 f i common-kernel32:ConEmuCheck.obj
 0001:000120d0       ?isConsoleClass@@YA_NPB_W@Z 100130d0 f   common-kernel32:ConEmuCheck.obj
 0001:0001210a       ?isConsoleWindow@@YA_NPAUHWND__@@@Z 1001310a f   common-kernel32:ConEmuCheck.obj
 0001:000121d1       ?myGetConsoleWindow@@YAPAUHWND__@@XZ 100131d1 f   common-kernel32:ConEmuCheck.obj
 0001:00012243       ?StringCchVPrintfA@@YGJPADIPBD0@Z 10013243 f i common-kernel32:MStrSafe.obj
 0001:00012298       ?lstrcmpni@@YAHPB_W0H@Z    10013298 f   common-kernel32:MStrSafe.obj
 0001:00012390       ?msprintf@@YAPB_WPA_WIPB_WZZ 10013390 f   common-kernel32:MStrSafe.obj
 0001:000127a7       ?sprintf_c@@YAHPADHPBDZZ   100137a7 f   common-kernel32:MStrSafe.obj
 0001:000127ca       ?swprintf_c@@YAHPA_WHPB_WZZ 100137ca f   common-kernel32:MStrSafe.obj
 0001:000127ed       __vsnprintf_l              100137ed f i common-kernel32:MStrSafe.obj
 0001:0001281f       ?IsFilePath@@YA_NPB_W_N@Z  1001381f f   common-kernel32:CmdLine.obj
 0001:00012993       ?PointToExt@@YAPB_WPB_W@Z  10013993 f   common-kernel32:CmdLine.obj
 0001:000129b1       ?PointToName@@YAPB_WPB_W@Z 100139b1 f   common-kernel32:CmdLine.obj
 0001:000129f3       ?Unquote@@YAPB_WPA_W_N@Z   100139f3 f   common-kernel32:CmdLine.obj
 0001:00012a3e       ??$sprintf_c@$0CI@@@YAHAAY0CI@DPBDZZ 10013a3e f i common-kernel32:WThreads.obj
 0001:00012a54       ?SetThreadName@@YAXKPAD@Z  10013a54 f   common-kernel32:WThreads.obj
 0001:00012aad       ?apiCreateThread@@YAPAXP6GKPAX@Z0PAKPBDH@Z 10013aad f   common-kernel32:WThreads.obj
 0001:00012ba5       ?apiTerminateThreadEx@@YAHPAXKPBDH@Z 10013ba5 f   common-kernel32:WThreads.obj
 0001:00012c79       ?apiThreadHelper@@YGKPAX@Z 10013c79 f   common-kernel32:WThreads.obj
 0001:00012e05       ?lstrdup@@YAPA_WPB_WI@Z    10013e05 f   common-kernel32:MStrDup.obj
 0001:00012e51       ?lstrmerge@@YAPA_WPB_W00000000@Z 10013e51 f   common-kernel32:MStrDup.obj
 0001:00012f4b       ?lstrmerge@@YA_NPAPA_WPB_W1111111@Z 10013f4b f   common-kernel32:MStrDup.obj
 0001:00012f94       ??0CEnvStrings@@QAE@PA_W@Z 10013f94 f   common-kernel32:EnvVar.obj
 0001:00012fdd       ??1CEnvStrings@@QAE@XZ     10013fdd f   common-kernel32:EnvVar.obj
 0001:00012ff2       ?Clear@CEnvRestorer@@QAEXXZ 10013ff2 f   common-kernel32:EnvVar.obj
 0001:00013009       ?ExpandEnvStr@@YAPA_WPB_W@Z 10014009 f   common-kernel32:EnvVar.obj
 0001:00013081       ?GetEnvVar@@YAPA_WPB_W@Z   10014081 f   common-kernel32:EnvVar.obj
 0001:000130f4       ?SavePathVar@CEnvRestorer@@QAEXPB_W@Z 100140f4 f   common-kernel32:EnvVar.obj
 0001:00013120       ?CommonShutdown@@YAXXZ     10014120 f   common-kernel32:Common.obj
 0001:0001312f       ?GetCommand@CESERVER_REQ_NEWCMD@@QAEPA_WXZ 1001412f f   common-kernel32:Common.obj
 0001:00013148       ?GetEnvStrings@CESERVER_REQ_NEWCMD@@QAEPA_WXZ 10014148 f   common-kernel32:Common.obj
 0001:00013165       ?IsEnvBlockVariableValid@@YA_NPB_W@Z 10014165 f   common-kernel32:Common.obj
 0001:00013191       ?IsEnvBlockVariableValid@@YA_NPB_WAAPB_W@Z 10014191 f   common-kernel32:Common.obj
 0001:000131c7       ?SetCommand@CESERVER_REQ_NEWCMD@@QAEXPB_W@Z 100141c7 f   common-kernel32:Common.obj
 0001:00013213       ?SetEnvStrings@CESERVER_REQ_NEWCMD@@QAEXPB_WK@Z 10014213 f   common-kernel32:Common.obj
 0001:000132df       ??0MNullDesc@@QAE@XZ       100142df f i common-kernel32:MSecurity.obj
 0001:00013301       ??1MNullDesc@@QAE@XZ       10014301 f i common-kernel32:MSecurity.obj
 0001:00013339       ?LoadAdvApi@MNullDesc@@IAEHXZ 10014339 f i common-kernel32:MSecurity.obj
 0001:00013411       ?LocalSecurity@@YAPAU_SECURITY_ATTRIBUTES@@XZ 10014411 f   common-kernel32:MSecurity.obj
 0001:0001343d       ?LocalSecurity@MNullDesc@@QAEPAU_SECURITY_ATTRIBUTES@@XZ 1001443d f i common-kernel32:MSecurity.obj
 0001:0001355a       ?ShutdownSecurity@@YAXXZ   1001455a f   common-kernel32:MSecurity.obj
 0001:0001357f       ?UnloadAdvApi@MNullDesc@@IAEXXZ 1001457f f i common-kernel32:MSecurity.obj
 0001:00013597       ??0CEStr@@QAE@$$QAPA_W@Z   10014597 f   common-kernel32:CEStr.obj
 0001:000135b3       ??0CEStr@@QAE@PB_W00000000@Z 100145b3 f   common-kernel32:CEStr.obj
 0001:000135f8       ??0CEStr@@QAE@XZ           100145f8 f   common-kernel32:CEStr.obj
 0001:00013602       ??0bad_alloc@stdext@@QAE@ABV01@@Z 10014602 f i common-kernel32:CEStr.obj
 0001:00013620       ??0bad_alloc@stdext@@QAE@XZ 10014620 f i common-kernel32:CEStr.obj
 0001:00013630       ??0exception@stdext@@QAE@ABV01@@Z 10014630 f i common-kernel32:CEStr.obj
 0001:00013648       ??1CEStr@@QAE@XZ           10014648 f   common-kernel32:CEStr.obj
 0001:0001364d       ??1bad_alloc@stdext@@UAE@XZ 1001464d f i common-kernel32:CEStr.obj
 0001:00013654       ??4CEStr@@QAEAAU0@PB_W@Z   10014654 f   common-kernel32:CEStr.obj
 0001:00013670       ??BCEStr@@QBEPB_WXZ        10014670 f   common-kernel32:CEStr.obj
 0001:00013673       ??_Gbad_alloc@stdext@@UAEPAXI@Z 10014673 f i common-kernel32:CEStr.obj
 0001:00013673       ??_Ebad_alloc@stdext@@UAEPAXI@Z 10014673 f i common-kernel32:CEStr.obj
 0001:00013673       ??_Eexception@stdext@@UAEPAXI@Z 10014673 f i common-kernel32:CEStr.obj
 0001:00013673       ??_Gexception@stdext@@UAEPAXI@Z 10014673 f i common-kernel32:CEStr.obj
 0001:00013696       ?AttachInt@CEStr@@AAEPB_WAAPA_W@Z 10014696 f   common-kernel32:CEStr.obj
 0001:000136fd       ?GetBuffer@CEStr@@QAEPA_WH@Z 100146fd f   common-kernel32:CEStr.obj
 0001:0001377c       ?GetLen@CEStr@@QBEHXZ      1001477c f   common-kernel32:CEStr.obj
 0001:000137a6       ?GetMaxCount@CEStr@@QAEHXZ 100147a6 f   common-kernel32:CEStr.obj
 0001:000137c2       ?Release@CEStr@@QAEXXZ     100147c2 f   common-kernel32:CEStr.obj
 0001:000137d7       ?Set@CEStr@@QAEPB_WPB_WH@Z 100147d7 f   common-kernel32:CEStr.obj
 0001:000138a1       ?_Doraise@bad_alloc@stdext@@MBEXXZ 100148a1 f i common-kernel32:CEStr.obj
 0001:000138ae       ?what@exception@stdext@@UBEPBDXZ 100148ae f i common-kernel32:CEStr.obj
 0001:000138bc       ??$?0P6GHPAX@ZX@?$function@$$A6AXPAX@Z@std@@QAE@P6GHPAX@Z@Z 100148bc f i common-kernel32:WObjects.obj
 0001:000138dc       ??$GetProcAddress@$$A6GHPAU_OSVERSIONINFOEXW@@K_K@Z@MModule@@QBE_NQBDAAP6GHPAU_OSVERSIONINFOEXW@@K_K@Z@Z 100148dc f i common-kernel32:WObjects.obj
 0001:00013919       ??0MHandle@@QAE@PAXV?$function@$$A6AXPAX@Z@std@@@Z 10014919 f i common-kernel32:WObjects.obj
 0001:00013943       ??R?$_Func_class@XPAX@std@@QBEXPAX@Z 10014943 f i common-kernel32:WObjects.obj
 0001:00013960       ?Close@MHandle@@QAEXXZ     10014960 f i common-kernel32:WObjects.obj
 0001:0001398d       ?FileExists@@YA_NPB_WPA_K@Z 1001498d f   common-kernel32:WObjects.obj
 0001:00013b75       ?IsWin6@@YA_NXZ            10014b75 f   common-kernel32:WObjects.obj
 0001:00013ba3       ?IsWin7@@YA_NXZ            10014ba3 f   common-kernel32:WObjects.obj
 0001:00013bd1       ?IsWinVerOrHigher@@YA_NG@Z 10014bd1 f   common-kernel32:WObjects.obj
 0001:00013c4e       ?IsWindows64@@YA_NXZ       10014c4e f   common-kernel32:WObjects.obj
 0001:00013cbe       ?MakeOsVersionEx@@YA?AU_OSVERSIONINFOEXW@@KK@Z 10014cbe f   common-kernel32:WObjects.obj
 0001:00013cef       ?SetHandle@MHandle@@QAE_NPAXV?$function@$$A6AXPAX@Z@std@@@Z 10014cef f i common-kernel32:WObjects.obj
 0001:00013d43       ?_Copy@?$_Func_impl_no_alloc@P6GHPAX@ZXPAX@std@@EBEPAV?$_Func_base@XPAX@2@PAX@Z 10014d43 f i common-kernel32:WObjects.obj
 0001:00013d43       ?_Move@?$_Func_impl_no_alloc@P6GHPAX@ZXPAX@std@@EAEPAV?$_Func_base@XPAX@2@PAX@Z 10014d43 f i common-kernel32:WObjects.obj
 0001:00013d59       ?_Delete_this@?$_Func_impl_no_alloc@P6GHPAX@ZXPAX@std@@EAEX_N@Z 10014d59 f i common-kernel32:WObjects.obj
 0001:00013d59       ?_Delete_this@?$_Func_impl_no_alloc@V<lambda_9e7323793ed24b1a5fadb4d27ba29021>@@_NABUtagPROCESSENTRY32W@@@std@@EAEX_N@Z 10014d59 f i common-kernel32:MProcess.obj
 0001:00013d70       ?_Do_call@?$_Func_impl_no_alloc@P6GHPAX@ZXPAX@std@@EAEX$$QAPAX@Z 10014d70 f i common-kernel32:WObjects.obj
 0001:00013d7f       ?_Get@?$_Func_impl_no_alloc@V<lambda_9e7323793ed24b1a5fadb4d27ba29021>@@_NABUtagPROCESSENTRY32W@@@std@@EBEPBXXZ 10014d7f f i common-kernel32:MProcess.obj
 0001:00013d7f       ?_Get@?$_Func_impl_no_alloc@P6GHPAX@ZXPAX@std@@EBEPBXXZ 10014d7f f i common-kernel32:WObjects.obj
 0001:00013d83       ?_Reset_move@?$_Func_class@XPAX@std@@IAEX$$QAV12@@Z 10014d83 f i common-kernel32:WObjects.obj
 0001:00013db7       ?_Target_type@?$_Func_impl_no_alloc@P6GHPAX@ZXPAX@std@@EBEABVtype_info@@XZ 10014db7 f i common-kernel32:WObjects.obj
 0001:00013dbd       ?_Tidy@?$_Func_class@_NABUtagPROCESSENTRY32W@@@std@@IAEXXZ 10014dbd f i common-kernel32:MProcess.obj
 0001:00013dbd       ?_Tidy@?$_Func_class@XPAX@std@@IAEXXZ 10014dbd f i common-kernel32:WObjects.obj
 0001:00013ddb       ?_VerifyVersionInfo@@YA_NPAU_OSVERSIONINFOEXW@@K_K@Z 10014ddb f   common-kernel32:WObjects.obj
 0001:00013e55       ?Init@HkFunc@@QAE_NPB_WPAUHINSTANCE__@@@Z 10014e55 f   common-kernel32:HkFunc.obj
 0001:00013eb3       ?isConEmuHk@HkFunc@@QAE_NXZ 10014eb3 f   common-kernel32:HkFunc.obj
 0001:00013eba       ??$_Emplace_reallocate@ABUtagPROCESSENTRY32W@@@?$vector@UtagPROCESSENTRY32W@@V?$MArrayAllocator@UtagPROCESSENTRY32W@@@@@std@@QAEPAUtagPROCESSENTRY32W@@QAU2@ABU2@@Z 10014eba f i common-kernel32:MProcess.obj
 0001:00013f7d       ??$emplace_back@ABUtagPROCESSENTRY32W@@@?$vector@UtagPROCESSENTRY32W@@V?$MArrayAllocator@UtagPROCESSENTRY32W@@@@@std@@QAEXABUtagPROCESSENTRY32W@@@Z 10014f7d f i common-kernel32:MProcess.obj
 0001:00013fb0       ??0?$MToolHelp@UtagPROCESSENTRY32W@@$1?Process32FirstW@@YGHPAXPAU1@@Z$1?Process32NextW@@YGH01@Z@@QAE@KK@Z 10014fb0 f i common-kernel32:MProcess.obj
 0001:0001401e       ??1?$MToolHelp@UtagPROCESSENTRY32W@@$1?Process32FirstW@@YGHPAXPAU1@@Z$1?Process32NextW@@YGH01@Z@@UAE@XZ 1001501e f i common-kernel32:MProcess.obj
 0001:00014038       ??_E?$MToolHelp@UtagPROCESSENTRY32W@@$1?Process32FirstW@@YGHPAXPAU1@@Z$1?Process32NextW@@YGH01@Z@@UAEPAXI@Z 10015038 f i common-kernel32:MProcess.obj
 0001:00014038       ??_EMToolHelpProcess@@UAEPAXI@Z 10015038 f i common-kernel32:MProcess.obj
 0001:00014038       ??_GMToolHelpProcess@@UAEPAXI@Z 10015038 f i common-kernel32:MProcess.obj
 0001:00014038       ??_G?$MToolHelp@UtagPROCESSENTRY32W@@$1?Process32FirstW@@YGHPAXPAU1@@Z$1?Process32NextW@@YGH01@Z@@UAEPAXI@Z 10015038 f i common-kernel32:MProcess.obj
 0001:0001405d       ?Close@?$MToolHelp@UtagPROCESSENTRY32W@@$1?Process32FirstW@@YGHPAXPAU1@@Z$1?Process32NextW@@YGH01@Z@@QAEXXZ 1001505d f i common-kernel32:MProcess.obj
 0001:000140ca       ?Filter@?$MToolHelp@UtagPROCESSENTRY32W@@$1?Process32FirstW@@YGHPAXPAU1@@Z$1?Process32NextW@@YGH01@Z@@MAE_NABUtagPROCESSENTRY32W@@@Z 100150ca f i common-kernel32:MProcess.obj
 0001:000140cf       ?Find@?$MToolHelp@UtagPROCESSENTRY32W@@$1?Process32FirstW@@YGHPAXPAU1@@Z$1?Process32NextW@@YGH01@Z@@QAE_NABV?$function@$$A6A_NABUtagPROCESSENTRY32W@@@Z@std@@AAUtagPROCESSENTRY32W@@@Z 100150cf f i common-kernel32:MProcess.obj
 0001:00014169       ?Find@MToolHelpProcess@@QAE_NKAAUtagPROCESSENTRY32W@@@Z 10015169 f i common-kernel32:MProcess.obj
 0001:000141b2       ?Next@?$MToolHelp@UtagPROCESSENTRY32W@@$1?Process32FirstW@@YGHPAXPAU1@@Z$1?Process32NextW@@YGH01@Z@@QAE_NAAUtagPROCESSENTRY32W@@@Z 100151b2 f i common-kernel32:MProcess.obj
 0001:0001420a       ?Open@?$MToolHelp@UtagPROCESSENTRY32W@@$1?Process32FirstW@@YGHPAXPAU1@@Z$1?Process32NextW@@YGH01@Z@@QAE_NXZ 1001520a f i common-kernel32:MProcess.obj
 0001:00014238       ?_Calculate_growth@?$vector@UtagPROCESSENTRY32W@@V?$MArrayAllocator@UtagPROCESSENTRY32W@@@@@std@@ABEII@Z 10015238 f i common-kernel32:MProcess.obj
 0001:00014265       ?_Change_array@?$vector@UtagPROCESSENTRY32W@@V?$MArrayAllocator@UtagPROCESSENTRY32W@@@@@std@@AAEXQAUtagPROCESSENTRY32W@@II@Z 10015265 f i common-kernel32:MProcess.obj
 0001:0001429a       ?_Move@?$_Func_impl_no_alloc@V<lambda_9e7323793ed24b1a5fadb4d27ba29021>@@_NABUtagPROCESSENTRY32W@@@std@@EAEPAV?$_Func_base@_NABUtagPROCESSENTRY32W@@@2@PAX@Z 1001529a f i common-kernel32:MProcess.obj
 0001:0001429a       ?_Copy@?$_Func_impl_no_alloc@V<lambda_9e7323793ed24b1a5fadb4d27ba29021>@@_NABUtagPROCESSENTRY32W@@@std@@EBEPAV?$_Func_base@_NABUtagPROCESSENTRY32W@@@2@PAX@Z 1001529a f i common-kernel32:MProcess.obj
 0001:000142b0       ?_Do_call@?$_Func_impl_no_alloc@V<lambda_9e7323793ed24b1a5fadb4d27ba29021>@@_NABUtagPROCESSENTRY32W@@@std@@EAE_NABUtagPROCESSENTRY32W@@@Z 100152b0 f i common-kernel32:MProcess.obj
 0001:000142c3       ?_Target_type@?$_Func_impl_no_alloc@V<lambda_9e7323793ed24b1a5fadb4d27ba29021>@@_NABUtagPROCESSENTRY32W@@@std@@EBEABVtype_info@@XZ 100152c3 f i common-kernel32:MProcess.obj
 0001:000142c9       ?_Tidy@?$vector@UtagPROCESSENTRY32W@@V?$MArrayAllocator@UtagPROCESSENTRY32W@@@@@std@@AAEXXZ 100152c9 f i common-kernel32:MProcess.obj
 0001:000142e5       ?allocate@?$MArrayAllocator@UtagPROCESSENTRY32W@@@@QAEPAUtagPROCESSENTRY32W@@I@Z 100152e5 f i common-kernel32:MProcess.obj
 0001:00014317       ?getNext@?$MToolHelp@UtagPROCESSENTRY32W@@$1?Process32FirstW@@YGHPAXPAU1@@Z$1?Process32NextW@@YGH01@Z@@IAE_NXZ 10015317 f i common-kernel32:MProcess.obj
 0001:00014398       ?isTerminalMode@@YA_NXZ    10015398 f   common-kernel32:MProcess.obj
 0001:0001448b       ?push_back@?$MArray@UtagPROCESSENTRY32W@@@@QAEHABUtagPROCESSENTRY32W@@@Z 1001548b f i common-kernel32:MProcess.obj
 0001:000144ad       ?swap@?$vector@UtagPROCESSENTRY32W@@V?$MArrayAllocator@UtagPROCESSENTRY32W@@@@@std@@QAEXAAV12@@Z 100154ad f i common-kernel32:MProcess.obj
 0001:000144e1       ??0MSection@@QAE@XZ        100154e1 f   common-kernel32:MSection.obj
 0001:00014540       ??0MSectionLock@@QAE@XZ    10015540 f   common-kernel32:MSection.obj
 0001:0001454d       ??0MSectionThread@@QAE@PAVMSection@@@Z 1001554d f   common-kernel32:MSection.obj
 0001:00014568       ??1MSection@@QAE@XZ        10015568 f   common-kernel32:MSection.obj
 0001:000145c2       ??1MSectionLock@@QAE@XZ    100155c2 f   common-kernel32:MSection.obj
 0001:000145db       ??1MSectionThread@@QAE@XZ  100155db f   common-kernel32:MSection.obj
 0001:000145f1       ?AddRef@MSection@@IAEXK@Z  100155f1 f   common-kernel32:MSection.obj
 0001:0001465a       ?Lock@MSection@@IAEHHK@Z   1001565a f   common-kernel32:MSection.obj
 0001:00014720       ?Lock@MSectionLock@@QAEHPAVMSection@@HK@Z 10015720 f   common-kernel32:MSection.obj
 0001:0001476b       ?MyEnterCriticalSection@MSection@@IAE_NK@Z 1001576b f   common-kernel32:MSection.obj
 0001:00014853       ?ReleaseRef@MSection@@IAEHK@Z 10015853 f   common-kernel32:MSection.obj
 0001:000148c0       ?ThreadTerminated@MSection@@QAEXK@Z 100158c0 f   common-kernel32:MSection.obj
 0001:000148e6       ?Unlock@MSection@@IAEXH@Z  100158e6 f   common-kernel32:MSection.obj
 0001:00014924       ?Unlock@MSectionLock@@QAEXXZ 10015924 f   common-kernel32:MSection.obj
 0001:00014941       ?WaitUnlocked@MSection@@IAEXKK@Z 10015941 f   common-kernel32:MSection.obj
 0001:0001499c       ?CheckCallbackPtr@@YA_NPAUHINSTANCE__@@IPAP6GHXZHHH@Z 1001599c f   common-kernel32:WModuleCheck.obj
 0001:00014a69       ?IsModuleValid@@YA_NPAUHINSTANCE__@@H@Z 10015a69 f   common-kernel32:WModuleCheck.obj
 0001:00014b41       ??0MModule@@QAE@PAUHINSTANCE__@@@Z 10015b41 f   common-kernel32:MModule.obj
 0001:00014b57       ??1MModule@@QAE@XZ         10015b57 f   common-kernel32:MModule.obj
 0001:00014b5c       ?Free@MModule@@QAEXXZ      10015b5c f   common-kernel32:MModule.obj
 0001:00014b87       ??0MSectionSimple@@QAE@_N@Z 10015b87 f   common-kernel32:MSectionSimple.obj
 0001:00014bb1       ??1MSectionSimple@@QAE@XZ  10015bb1 f   common-kernel32:MSectionSimple.obj
 0001:00014bb6       ?Close@MSectionSimple@@QAEXXZ 10015bb6 f   common-kernel32:MSectionSimple.obj
 0001:00014bcc       ?Enter@MSectionSimple@@QAEXXZ 10015bcc f   common-kernel32:MSectionSimple.obj
 0001:00014bd4       ?Init@MSectionSimple@@QAEXXZ 10015bd4 f   common-kernel32:MSectionSimple.obj
 0001:00014bea       ?Leave@MSectionSimple@@QAEXXZ 10015bea f   common-kernel32:MSectionSimple.obj
 0001:00014bf2       ?RecreateAndLock@MSectionSimple@@QAE_NXZ 10015bf2 f   common-kernel32:MSectionSimple.obj
 0001:00014c39       ?TryEnter@MSectionSimple@@QAE_NXZ 10015c39 f   common-kernel32:MSectionSimple.obj
 0001:00014c58       ?SetConEmuEnvHWND@@YAXPB_WPAUHWND__@@@Z 10015c58 f   common-user32:SetEnvVar.obj
 0001:00014ca3       ?SetConEmuEnvVar@@YAXPAUHWND__@@@Z 10015ca3 f   common-user32:SetEnvVar.obj
 0001:00014d0d       ?SetConEmuEnvVarChild@@YAXPAUHWND__@@0@Z 10015d0d f   common-user32:SetEnvVar.obj
 0001:00014d2f       ??$wcscpy_add@$0BAF@@@YAHPA_WAAY0BAF@_WPB_W@Z 10015d2f f i common-user32:ConEmuCheckEx.obj
 0001:00014d5c       ??$wcscpy_c@$0BAF@@@YAHAAY0BAF@_WPB_W@Z 10015d5c f i common-user32:ConEmuCheckEx.obj
 0001:00014d71       ?FindConEmuBaseDir@@YAHAAY0BAF@_W0PAUHINSTANCE__@@@Z 10015d71 f   common-user32:ConEmuCheckEx.obj
 0001:00015217       ?IsConEmuExeExist@@YAHPB_WAAY0BAF@_W@Z 10016217 f   common-user32:ConEmuCheckEx.obj
 0001:0001528e       ??$swprintf_c@$0FA@@@YAHAAY0FA@_WPB_WZZ 1001628e f i common-user32:EmergencyShow.obj
 0001:000152a4       ?CorrectConsolePos@@YAXPAUHWND__@@@Z 100162a4 f   common-user32:EmergencyShow.obj
 0001:00015379       ?EmergencyShow@@YAXPAUHWND__@@HH@Z 10016379 f   common-user32:EmergencyShow.obj
 0001:0001546a       ?EvaluateDefaultFontWidth@@YAHHPB_W@Z 1001646a f   common-user32:EmergencyShow.obj
 0001:0001555a       ?SetUserFriendlyFont@@YAXPAUHWND__@@HH@Z 1001655a f   common-user32:EmergencyShow.obj
 0001:0001588a       ??0MSetter@@QAE@PAJ@Z      1001688a f   common-user32:MSetter.obj
 0001:000158ae       ??1MSetter@@QAE@XZ         100168ae f   common-user32:MSetter.obj
 0001:000158b3       ?Unlock@MSetter@@QAEXXZ    100168b3 f   common-user32:MSetter.obj
 0001:0001590e       ?IsDotsName@@YA_NPB_W@Z    1001690e f   common-user32:WFiles.obj
 0001:0001593e       ?SearchAppPaths@@YA_NPB_WAAUCEStr@@_NPAVCEnvRestorer@@@Z 1001693e f   common-user32:WFiles.obj
 0001:00015c9c       ??1ConsoleSectionHelper@@QAE@XZ 10016c9c f i common-user32:WConsoleEx.obj
 0001:00015cc4       ?CreateConsoleData@ConsoleSectionHelper@@QAEPAUCONSOLE_INFO@@XZ 10016cc4 f i common-user32:WConsoleEx.obj
 0001:00015ce9       ?CreateConsoleSection@ConsoleSectionHelper@@QAEPAXXZ 10016ce9 f i common-user32:WConsoleEx.obj
 0001:00015d0a       ?GetConsoleSizeInfo@@YAXPAUCONSOLE_INFO@@@Z 10016d0a f   common-user32:WConsoleEx.obj
 0001:00015d7c       ?SetConsoleFontSizeTo@@YAXPAUHWND__@@HHPB_WGG@Z 10016d7c f   common-user32:WConsoleEx.obj
 0001:00016099       ?SetConsoleInfo@@YAHPAUHWND__@@PAUCONSOLE_INFO@@@Z 10017099 f   common-user32:WConsoleEx.obj
 0001:00016271       ?SetEnvVarExpanded@@YAXPB_W0@Z 10017271 f   common-user32:WUser.obj
 0001:0001631d       ?UpdateComspec@@YAXPAUConEmuComspec@@_N@Z 1001731d f   common-user32:WUser.obj
 0001:00016530       ?apiShowWindow@@YA_NPAUHWND__@@H@Z 10017530 f   common-user32:WUser.obj
 0001:00016546       ?apiShowWindowAsync@@YA_NPAUHWND__@@H@Z 10017546 f   common-user32:WUser.obj
 0001:0001655c       ?FindMonitorsWorkspace@@YGHPAUHMONITOR__@@PAUHDC__@@PAUtagRECT@@J@Z 1001755c f   common-user32:Monitors.obj
 0001:00016595       ?GetAllMonitorsWorkspace@@YA?AUtagRECT@@XZ 10017595 f   common-user32:Monitors.obj
 0001:000165e5       ??0bad_function_call@std@@QAE@ABV01@@Z 100175e5 f i libcpmt:xthrow.obj
 0001:00016600       ??0bad_function_call@std@@QAE@XZ 10017600 f i libcpmt:xthrow.obj
 0001:00016611       ??0exception@std@@QAE@QBD@Z 10017611 f i libcpmt:xthrow.obj
 0001:00016646       ??0length_error@std@@QAE@ABV01@@Z 10017646 f i libcpmt:xthrow.obj
 0001:00016661       ??0length_error@std@@QAE@PBD@Z 10017661 f i libcpmt:xthrow.obj
 0001:00016680       ??0logic_error@std@@QAE@ABV01@@Z 10017680 f i libcpmt:xthrow.obj
 0001:0001669b       ?_Xbad_function_call@std@@YAXXZ 1001769b f   libcpmt:xthrow.obj
 0001:000166b8       ?_Xlength_error@std@@YAXPBD@Z 100176b8 f   libcpmt:xthrow.obj
 0001:000166d8       ?what@bad_function_call@std@@UBEPBDXZ 100176d8 f i libcpmt:xthrow.obj
 0001:000166de       @__security_check_cookie@4 100176de f   LIBCMT:secchk.obj
 0001:000166ef       ??3@YAXPAXI@Z              100176ef f   LIBCMT:delete_scalar_size.obj
 0001:000166fd       __EH_epilog3               100176fd f   LIBCMT:ehprolg3.obj
 0001:00016712       __EH_epilog3_GS            10017712 f   LIBCMT:ehprolg3.obj
 0001:00016723       __EH_prolog3               10017723 f   LIBCMT:ehprolg3.obj
 0001:00016757       __EH_prolog3_GS            10017757 f   LIBCMT:ehprolg3.obj
 0001:0001678e       __EH_prolog3_catch         1001778e f   LIBCMT:ehprolg3.obj
 0001:000167d0       __alloca_probe             100177d0 f   LIBCMT:chkstk.obj
 0001:000167d0       __chkstk                   100177d0 f   LIBCMT:chkstk.obj
 0001:00016800       __aullshr                  10017800 f   LIBCMT:ullshr.obj
 0001:0001681f       ??_Etype_info@@UAEPAXI@Z   1001781f f i LIBCMT:std_type_info_static.obj
 0001:0001681f       ??_Gtype_info@@UAEPAXI@Z   1001781f f i LIBCMT:std_type_info_static.obj
 0001:00016869       ??$__crt_fast_encode_pointer@PAP6AXXZ@@YAPAP6AXXZQAP6AXXZ@Z 10017869 f i LIBCMT:utility.obj
 0001:00016869       ??$__crt_fast_encode_pointer@P6GHPAU_RTL_CONDITION_VARIABLE@@PAU_RTL_CRITICAL_SECTION@@K@Z@@YAP6GHPAU_RTL_CONDITION_VARIABLE@@PAU_RTL_CRITICAL_SECTION@@K@ZQ6GH01K@Z@Z 10017869 f i LIBCMT:thread_safe_statics.obj
 0001:00016869       ??$__crt_fast_encode_pointer@PAX@@YAPAXQAX@Z 10017869 f i libvcruntime:winapi_downlevel.obj
 0001:00016869       ??$__crt_fast_encode_pointer@P6GXPAU_RTL_CONDITION_VARIABLE@@@Z@@YAP6GXPAU_RTL_CONDITION_VARIABLE@@@ZQ6GX0@Z@Z 10017869 f i LIBCMT:thread_safe_statics.obj
 0001:00016991       __Init_thread_footer       10017991 f   LIBCMT:thread_safe_statics.obj
 0001:000169db       __Init_thread_header       100179db f   LIBCMT:thread_safe_statics.obj
 0001:00016a2d       __Init_thread_notify       10017a2d f   LIBCMT:thread_safe_statics.obj
 0001:00016a6f       __Init_thread_wait         10017a6f f   LIBCMT:thread_safe_statics.obj
 0001:00016ad0       __SEH_prolog4              10017ad0 f   LIBCMT:sehprolg4.obj
 0001:00016b16       __SEH_epilog4              10017b16 f   LIBCMT:sehprolg4.obj
 0001:00016e4b       __DllMainCRTStartup@12     10017e4b f   LIBCMT:dll_dllmain.obj
 0001:00016eb2       ___scrt_acquire_startup_lock 10017eb2 f   LIBCMT:utility.obj
 0001:00016ee4       ___scrt_dllmain_after_initialize_c 10017ee4 f   LIBCMT:utility.obj
 0001:00016f0f       ___scrt_dllmain_before_initialize_c 10017f0f f   LIBCMT:utility.obj
 0001:00016f1d       ___scrt_dllmain_crt_thread_attach 10017f1d f   LIBCMT:utility.obj
 0001:00016f3c       ___scrt_dllmain_crt_thread_detach 10017f3c f   LIBCMT:utility.obj
 0001:00016f49       ___scrt_dllmain_exception_filter 10017f49 f   LIBCMT:utility.obj
 0001:00016f7d       ___scrt_dllmain_uninitialize_c 10017f7d f   LIBCMT:utility.obj
 0001:00016fa0       ___scrt_dllmain_uninitialize_critical 10017fa0 f   LIBCMT:utility.obj
 0001:00016fad       ___scrt_initialize_crt     10017fad f   LIBCMT:utility.obj
 0001:00016fe6       ___scrt_initialize_onexit_tables 10017fe6 f   LIBCMT:utility.obj
 0001:0001708b       ___scrt_is_nonwritable_in_current_image 1001808b f   LIBCMT:utility.obj
 0001:0001711f       ___scrt_release_startup_lock 1001811f f   LIBCMT:utility.obj
 0001:0001713c       ___scrt_uninitialize_crt   1001813c f   LIBCMT:utility.obj
 0001:00017164       __onexit                   10018164 f   LIBCMT:utility.obj
 0001:0001719f       _atexit                    1001819f f   LIBCMT:utility.obj
 0001:000171b4       ___raise_securityfailure   100181b4 f   LIBCMT:gs_report.obj
 0001:000171dc       ___report_gsfailure        100181dc f   LIBCMT:gs_report.obj
 0001:000172d5       ___scrt_fastfail           100182d5 f   LIBCMT:utility_desktop.obj
 0001:000173ef       __crt_debugger_hook        100183ef f   LIBCMT:utility_desktop.obj
 0001:00017444       ___security_init_cookie    10018444 f   LIBCMT:gs_support.obj
 0001:0001748f       ?__scrt_initialize_type_info@@YAXXZ 1001848f f   LIBCMT:tncleanup.obj
 0001:0001749b       ?__scrt_uninitialize_type_info@@YAXXZ 1001849b f   LIBCMT:tncleanup.obj
 0001:000174a7       ___local_stdio_scanf_options 100184a7 f i LIBCMT:default_local_stdio_options.obj
 0001:000174ad       ___scrt_initialize_default_local_stdio_options 100184ad f   LIBCMT:default_local_stdio_options.obj
 0001:000174ca       ___scrt_get_dyn_tls_init_callback 100184ca f   LIBCMT:dyn_tls_init.obj
 0001:000174d0       __RTC_Initialize           100184d0 f   LIBCMT:initsect.obj
 0001:000174fc       __RTC_Terminate            100184fc f   LIBCMT:initsect.obj
 0001:00017528       ___isa_available_init      10018528 f   LIBCMT:cpu_disp.obj
 0001:000176bf       ___scrt_is_ucrt_dll_in_use 100186bf f   LIBCMT:ucrt_detection.obj
 0001:000176cb       ?GetRangeOfTrysToCheck@__FrameHandler3@@SA?AU?$pair@Viterator@TryBlockMap@__FrameHandler3@@V123@@std@@AAVTryBlockMap@1@HH@Z 100186cb f   libvcruntime:trnsctrl.obj
 0001:0001774d       ?_CallCatchBlock2@@YAPAXPAUEHRegistrationNode@@PBU_s_FuncInfo@@PAXHK@Z 1001874d f   libvcruntime:trnsctrl.obj
 0001:000177ab       ?_CallSETranslator@@YAHPAUEHExceptionRecord@@PAUEHRegistrationNode@@PAX2PBU_s_FuncInfo@@H1@Z 100187ab f   libvcruntime:trnsctrl.obj
 0001:00017886       ?_JumpToContinuation@@YGXPAXPAUEHRegistrationNode@@@Z 10018886 f   libvcruntime:trnsctrl.obj
 0001:000178b6       ?_UnwindNestedFrames@@YGXPAUEHRegistrationNode@@PAUEHExceptionRecord@@@Z 100188b6 f   libvcruntime:trnsctrl.obj
 0001:00017909       __CatchGuardHandler        10018909 f   libvcruntime:trnsctrl.obj
 0001:0001793a       __CreateFrameInfo          1001893a f   libvcruntime:trnsctrl.obj
 0001:0001795e       __FindAndUnlinkFrame       1001895e f   libvcruntime:trnsctrl.obj
 0001:000179a3       __TranslatorGuardHandler   100189a3 f   libvcruntime:trnsctrl.obj
 0001:00017a40       ___CxxFrameHandler3        10018a40 f   libvcruntime:trnsctrl.obj
 0001:00017a76       _wcschr                    10018a76 f   libvcruntime:wcschr.obj
 0001:00017b3d       _wcsstr                    10018b3d f   libvcruntime:wcsstr.obj
 0001:00017dc0       _memmove                   10018dc0 f   libvcruntime:memmove.obj
 0001:00018340       _memset                    10019340 f   libvcruntime:memset.obj
 0001:0001849a       ___DestructExceptionObject 1001949a f   libvcruntime:ehhelpers.obj
 0001:0001853a       ?_CallMemberFunction0@@YGXQAX0@Z 1001953a f i libvcruntime:ehhelpers.obj
 0001:00018547       __IsExceptionObjectToBeDestroyed 10019547 f   libvcruntime:ehhelpers.obj
 0001:0001856d       ___AdjustPointer           1001956d f   libvcruntime:ehhelpers.obj
 0001:00018592       ___FrameUnwindFilter       10019592 f   libvcruntime:ehhelpers.obj
 0001:000185d7       ___std_terminate           100195d7 f   libvcruntime:ehhelpers.obj
 0001:000185dc       ___std_exception_copy      100195dc f   libvcruntime:std_exception.obj
 0001:0001863f       ___std_exception_destroy   1001963f f   libvcruntime:std_exception.obj
 0001:0001865e       __CxxThrowException@8      1001965e f   libvcruntime:throw.obj
 0001:000186cb       __get_purecall_handler     100196cb f   libvcruntime:purevirt.obj
 0001:000186e0       __purecall                 100196e0 f   libvcruntime:purevirt.obj
 0001:000186fc       _wcsrchr                   100196fc f   libvcruntime:wcsrchr.obj
 0001:000187a0       _memcpy                    100197a0 f   libvcruntime:memcpy.obj
 0001:00018d60       __except_handler4          10019d60 f   libvcruntime:chandler4.obj
 0001:00018ec0       _strrchr                   10019ec0 f   libvcruntime:strrchr.obj
 0001:00019000       _strchr                    1001a000 f   libvcruntime:strchr.obj
 0001:0001906e       ___from_strstr_to_strchr   1001a06e     libvcruntime:strchr.obj
 0001:0001912b       ___vcrt_initialize         1001a12b f   libvcruntime:initialization.obj
 0001:00019154       ___vcrt_thread_attach      1001a154 f   libvcruntime:initialization.obj
 0001:0001915f       ___vcrt_thread_detach      1001a15f f   libvcruntime:initialization.obj
 0001:0001916a       ___vcrt_uninitialize       1001a16a f   libvcruntime:initialization.obj
 0001:00019189       ___vcrt_uninitialize_critical 1001a189 f   libvcruntime:initialization.obj
 0001:00019191       ___std_type_info_compare   1001a191 f   libvcruntime:std_type_info.obj
 0001:000191cd       ___std_type_info_destroy_list 1001a1cd f   libvcruntime:std_type_info.obj
 0001:000191f0       ___vcrt_freefls@4          1001a1f0 f   libvcruntime:per_thread_data.obj
 0001:0001920c       ___vcrt_freeptd            1001a20c f   libvcruntime:per_thread_data.obj
 0001:00019242       ___vcrt_getptd             1001a242 f   libvcruntime:per_thread_data.obj
 0001:00019250       ___vcrt_getptd_noexit      1001a250 f   libvcruntime:per_thread_data.obj
 0001:000192e2       ___vcrt_initialize_ptd     1001a2e2 f   libvcruntime:per_thread_data.obj
 0001:00019315       ___vcrt_uninitialize_ptd   1001a315 f   libvcruntime:per_thread_data.obj
 0001:00019a27       ??$TypeMatchHelper@$$CBU_s_HandlerType@@@@YAHPBU_s_HandlerType@@PBU_s_CatchableType@@PBU_s_ThrowInfo@@@Z 1001aa27 f i libvcruntime:frame.obj
 0001:00019ab5       ??$__InternalCxxFrameHandler@V__FrameHandler3@@@@YA?AW4_EXCEPTION_DISPOSITION@@PAUEHExceptionRecord@@PAUEHRegistrationNode@@PAU_CONTEXT@@PAXPBU_s_FuncInfo@@H1E@Z 1001aab5 f i libvcruntime:frame.obj
 0001:00019bb7       ??0bad_exception@std@@QAE@ABV01@@Z 1001abb7 f i libvcruntime:frame.obj
 0001:00019bd2       ??0bad_exception@std@@QAE@XZ 1001abd2 f i libvcruntime:frame.obj
 0001:00019bea       ??8type_info@@QBE_NABV0@@Z 1001abea f i libvcruntime:frame.obj
 0001:00019e51       ?FrameUnwindToEmptyState@__FrameHandler3@@SAXPAUEHRegistrationNode@@PAXPBU_s_FuncInfo@@@Z 1001ae51 f   libvcruntime:frame.obj
 0001:00019e69       ?FrameUnwindToState@__FrameHandler3@@SAXPAUEHRegistrationNode@@PAXPBU_s_FuncInfo@@H@Z 1001ae69 f   libvcruntime:frame.obj
 0001:00019feb       ?_CallMemberFunction1@@YGXQAX00@Z 1001afeb f i libvcruntime:frame.obj
 0001:00019ffb       ?_CallMemberFunction2@@YGXQAX00H@Z 1001affb f i libvcruntime:frame.obj
 0001:0001a00e       ?getESTypes@__FrameHandler3@@SAPBU_s_ESTypeList@@PBU_s_FuncInfo@@@Z 1001b00e f i libvcruntime:frame.obj
 0001:0001a020       __CallSettingFrame@12      1001b020 f   libvcruntime:lowhelpr.obj
 0001:0001a047       __NLG_Return               1001b047     libvcruntime:lowhelpr.obj
 0001:0001a06c       ___except_validate_context_record 1001b06c f   libvcruntime:jbcxrval.obj
 0001:0001a09c       ___except_validate_jump_buffer 1001b09c f   libvcruntime:jbcxrval.obj
 0001:0001a0c9       ___vcrt_initialize_pure_virtual_call_handler 1001b0c9 f   libvcruntime:purevirt_data.obj
[...]
 0002:0000a2f8       __sehtable$?SetThreadName@@YAXKPAD@Z 100342f8     common-kernel32:WThreads.obj
 0002:0000a368       __unwindtable$?FindConEmuBaseDir@@YAHAAY0BAF@_W0PAUHINSTANCE__@@@Z 10034368     common-user32:ConEmuCheckEx.obj
 0002:0000a378       __ehfuncinfo$?FindConEmuBaseDir@@YAHAAY0BAF@_W0PAUHINSTANCE__@@@Z 10034378     common-user32:ConEmuCheckEx.obj
 0002:0000a39c       __unwindtable$?SearchAppPaths@@YA_NPB_WAAUCEStr@@_NPAVCEnvRestorer@@@Z 1003439c     common-user32:WFiles.obj
 0002:0000a3a4       __ehfuncinfo$?SearchAppPaths@@YA_NPB_WAAUCEStr@@_NPAVCEnvRestorer@@@Z 100343a4     common-user32:WFiles.obj
 0002:0000a458       __sehtable$?dllmain_crt_process_attach@@YAHQAUHINSTANCE__@@QAX@Z 10034458     LIBCMT:dll_dllmain.obj
 0002:0000a478       __sehtable$?dllmain_crt_process_detach@@YAH_N@Z 10034478     LIBCMT:dll_dllmain.obj
 0002:0000a498       __sehtable$?dllmain_dispatch@@YAHQAUHINSTANCE__@@KQAX@Z 10034498     LIBCMT:dll_dllmain.obj
 0002:0000a4b8       __sehtable$___scrt_is_nonwritable_in_current_image 100344b8     LIBCMT:utility.obj
 0002:0000a4d8       __sehtable$___DestructExceptionObject 100344d8     libvcruntime:ehhelpers.obj
 0002:0000a4f8       __sehtable$?FrameUnwindToState@__FrameHandler3@@SAXPAUEHRegistrationNode@@PAXPBU_s_FuncInfo@@H@Z 100344f8     libvcruntime:frame.obj
 0002:0000a520       __sehtable$?CallCatchBlock@@YAPAXPAUEHExceptionRecord@@PAUEHRegistrationNode@@PAU_CONTEXT@@PBU_s_FuncInfo@@PAXHK@Z 10034520     libvcruntime:frame.obj
 0002:0000a548       __catchsym$?CallUnexpected@@YAXPBU_s_ESTypeList@@@Z$2 10034548     libvcruntime:frame.obj
 0002:0000a558       __unwindtable$?CallUnexpected@@YAXPBU_s_ESTypeList@@@Z 10034558     libvcruntime:frame.obj
 0002:0000a568       __tryblocktable$?CallUnexpected@@YAXPBU_s_ESTypeList@@@Z 10034568     libvcruntime:frame.obj
 0002:0000a57c       __ehfuncinfo$?CallUnexpected@@YAXPBU_s_ESTypeList@@@Z 1003457c     libvcruntime:frame.obj
 0002:0000a5a0       __sehtable$??$BuildCatchObjectHelperInternal@$$CBU_s_HandlerType@@@@YAHPAUEHExceptionRecord@@PAXPBU_s_HandlerType@@PBU_s_CatchableType@@@Z 100345a0     libvcruntime:frame.obj
 0002:0000a5c0       __sehtable$??$BuildCatchObjectInternal@$$CBU_s_HandlerType@@@@YAXPAUEHExceptionRecord@@PAXPBU_s_HandlerType@@PBU_s_CatchableType@@@Z 100345c0     libvcruntime:frame.obj
 0002:0000a618       __sehtable$?common_exit@@YAXHW4_crt_exit_cleanup_mode@@W4_crt_exit_return_mode@@@Z 10034618     libucrt:exit.obj
 0002:0000a640       __sehtable$??$?RV<lambda_800076c951b434888f4765a74a194fcc>@@AAV<lambda_4e60a939b0d047cfe11ddc22648dfba9>@@V<lambda_6dbb1268764f43b569ce7b67e331d33a>@@@?$__crt_seh_guarded_call@H@@QAEH$$QAV<lambda_800076c951b434888f4765a74a194fcc>@@AAV<lambda_4e60a939b0d047cfe11ddc22648dfba9>@@$$QAV<lambda_6dbb1268764f43b569ce7b67e331d33a>@@@Z 10034640     libucrt:onexit.obj
 0002:0000a660       __sehtable$??$?RV<lambda_995298e7d72eb4c2aab26c0585b3abe5>@@AAV<lambda_275893d493268fdec8709772e3fcec0e>@@V<lambda_293819299cbf9a7022e18b56a874bb5c>@@@?$__crt_seh_guarded_call@H@@QAEH$$QAV<lambda_995298e7d72eb4c2aab26c0585b3abe5>@@AAV<lambda_275893d493268fdec8709772e3fcec0e>@@$$QAV<lambda_293819299cbf9a7022e18b56a874bb5c>@@@Z 10034660     libucrt:onexit.obj
 0002:0000a680       __sehtable$_terminate      10034680     libucrt:terminate.obj
 0002:0000a6a0       __sehtable$??$?RV<lambda_9df27f884b057bc3edfc946cb5b7cf47>@@AAV<lambda_e69574bed617af4e071282c136b37893>@@V<lambda_cc0d902bcbbeb830f749456577db4721>@@@?$__crt_seh_guarded_call@X@@QAEX$$QAV<lambda_9df27f884b057bc3edfc946cb5b7cf47>@@AAV<lambda_e69574bed617af4e071282c136b37893>@@$$QAV<lambda_cc0d902bcbbeb830f749456577db4721>@@@Z 100346a0     libucrt:per_thread_data.obj
 0002:0000a6c0       __sehtable$??$?RV<lambda_3518db117f0e7cdb002338c5d3c47b6c>@@AAV<lambda_b2ea41f6bbb362cd97d94c6828d90b61>@@V<lambda_abdedf541bb04549bc734292b4a045d4>@@@?$__crt_seh_guarded_call@X@@QAEX$$QAV<lambda_3518db117f0e7cdb002338c5d3c47b6c>@@AAV<lambda_b2ea41f6bbb362cd97d94c6828d90b61>@@$$QAV<lambda_abdedf541bb04549bc734292b4a045d4>@@@Z 100346c0     libucrt:per_thread_data.obj
 0002:0000a6e0       __sehtable$??$?RV<lambda_51b6e8b1eb166f2a3faf91f424b38130>@@AAV<lambda_6250bd4b2a391816dd638c3bf72b0bcb>@@V<lambda_0b5a4a3e68152e1d9b943535f5f47bed>@@@?$__crt_seh_guarded_call@X@@QAEX$$QAV<lambda_51b6e8b1eb166f2a3faf91f424b38130>@@AAV<lambda_6250bd4b2a391816dd638c3bf72b0bcb>@@$$QAV<lambda_0b5a4a3e68152e1d9b943535f5f47bed>@@@Z 100346e0     libucrt:per_thread_data.obj
 0002:0000a700       __sehtable$??$?RV<lambda_5b71d36f03204c0beab531769a5b5694>@@AAV<lambda_be2b3da3f62db62e9dad5dc70221a656>@@V<lambda_8f9ce462984622f9bf76b59e2aaaf805>@@@?$__crt_seh_guarded_call@X@@QAEX$$QAV<lambda_5b71d36f03204c0beab531769a5b5694>@@AAV<lambda_be2b3da3f62db62e9dad5dc70221a656>@@$$QAV<lambda_8f9ce462984622f9bf76b59e2aaaf805>@@@Z 10034700     libucrt:per_thread_data.obj
 0002:0000a720       __sehtable$___acrt_uninitialize_locale 10034720     libucrt:wsetlocale.obj
 0002:0000a740       __sehtable$___acrt_initialize_lowio 10034740     libucrt:ioinit.obj
 0002:0000a760       __sehtable$___acrt_update_thread_multibyte_data 10034760     libucrt:mbctype.obj
 0002:0000a780       __sehtable$??$?RV<lambda_978dc153c237d78434369da87b74ff60>@@AAV<lambda_ad1ced32f4ac17aa236e5ef05d6b3b7c>@@V<lambda_4a8533e2866a575feecb8298ce776b0d>@@@?$__crt_seh_guarded_call@X@@QAEX$$QAV<lambda_978dc153c237d78434369da87b74ff60>@@AAV<lambda_ad1ced32f4ac17aa236e5ef05d6b3b7c>@@$$QAV<lambda_4a8533e2866a575feecb8298ce776b0d>@@@Z 10034780     libucrt:mbctype.obj
 0002:0000a7a0       __sehtable$__query_new_handler 100347a0     libucrt:new_handler.obj
 0002:0000a7c0       __sehtable$_raise          100347c0     libucrt:signal.obj
 0002:0000a7e0       __sehtable$??$?RV<lambda_a048d3beccc847880fc8490e18b82769>@@AAV<lambda_ec61778202f4f5fc7e7711acc23c3bca>@@V<lambda_f7496a158712204296dd6628a163878e>@@@?$__crt_seh_guarded_call@P6AXH@Z@@QAEP6AXH@Z$$QAV<lambda_a048d3beccc847880fc8490e18b82769>@@AAV<lambda_ec61778202f4f5fc7e7711acc23c3bca>@@$$QAV<lambda_f7496a158712204296dd6628a163878e>@@@Z 100347e0     libucrt:signal.obj
 0002:0000a800       __sehtable$___acrt_update_thread_locale_data 10034800     libucrt:locale_refcounting.obj
 0002:0000a820       __sehtable$__fcloseall     10034820     libucrt:closeall.obj
 0002:0000a840       __sehtable$_common_flush_all 10034840     libucrt:fflush.obj
 0002:0000a868       __sehtable$___acrt_lowio_ensure_fh_exists 10034868     libucrt:osfinfo.obj
 0002:0000a888       __sehtable$__write         10034888     libucrt:write.obj
 0002:0000a8a8       __sehtable$_fclose         100348a8     libucrt:fclose.obj
 0002:0000a8c8       __sehtable$??$?RV<lambda_61cee617f5178ae960314fd4d05640a0>@@AAV<lambda_6978c1fb23f02e42e1d9e99668cc68aa>@@V<lambda_9cd88cf8ad10232537feb2133f08c833>@@@?$__crt_seh_guarded_call@H@@QAEH$$QAV<lambda_61cee617f5178ae960314fd4d05640a0>@@AAV<lambda_6978c1fb23f02e42e1d9e99668cc68aa>@@$$QAV<lambda_9cd88cf8ad10232537feb2133f08c833>@@@Z 100348c8     libucrt:commit.obj
 0002:0000a8e8       __sehtable$??$?RV<lambda_123407a5e2ac06da108355a851863b7a>@@AAV<lambda_2fe9b910cf3cbf4a0ab98a02ba45b3ec>@@V<lambda_ae55bdf541ad94d75914d381c370e64d>@@@?$__crt_seh_guarded_call@H@@QAEH$$QAV<lambda_123407a5e2ac06da108355a851863b7a>@@AAV<lambda_2fe9b910cf3cbf4a0ab98a02ba45b3ec>@@$$QAV<lambda_ae55bdf541ad94d75914d381c370e64d>@@@Z 100348e8     libucrt:close.obj
 0002:0000a908       __sehtable$__IsNonwritableInCurrentImage 10034908     LIBCMT:pesect.obj
 0002:0000a930       .edata                     10034930     ConEmu.exp
 0002:0000a958       rgpv                       10034958     ConEmu.exp
 0002:0000a9c4       rgszName                   100349c4     ConEmu.exp
 0002:0000aa30       rgwOrd                     10034a30     ConEmu.exp
 0002:0000aa66       szName                     10034a66     ConEmu.exp
 0002:0000aa71       $N00001                    10034a71     ConEmu.exp
 0002:0000aa81       $N00002                    10034a81     ConEmu.exp
 0002:0000aa89       $N00003                    10034a89     ConEmu.exp
 0002:0000aa95       $N00004                    10034a95     ConEmu.exp
 0002:0000aaa0       $N00005                    10034aa0     ConEmu.exp
 0002:0000aaae       $N00006                    10034aae     ConEmu.exp
 0002:0000aabf       $N00007                    10034abf     ConEmu.exp
 0002:0000aacd       $N00008                    10034acd     ConEmu.exp
 0002:0000aadc       $N00009                    10034adc     ConEmu.exp
 0002:0000aaec       $N00010                    10034aec     ConEmu.exp
 0002:0000aaf7       $N00011                    10034af7     ConEmu.exp
 0002:0000aafd       $N00012                    10034afd     ConEmu.exp
 0002:0000ab10       $N00013                    10034b10     ConEmu.exp
 0002:0000ab23       $N00014                    10034b23     ConEmu.exp
 0002:0000ab36       $N00015                    10034b36     ConEmu.exp
 0002:0000ab49       $N00016                    10034b49     ConEmu.exp
 0002:0000ab5b       $N00017                    10034b5b     ConEmu.exp
 0002:0000ab6a       $N00018                    10034b6a     ConEmu.exp
 0002:0000ab76       $N00019                    10034b76     ConEmu.exp
 0002:0000ab7f       $N00020                    10034b7f     ConEmu.exp
 0002:0000ab8e       $N00021                    10034b8e     ConEmu.exp
 0002:0000aba0       $N00022                    10034ba0     ConEmu.exp
 0002:0000abac       $N00023                    10034bac     ConEmu.exp
 0002:0000abc0       $N00024                    10034bc0     ConEmu.exp
 0002:0000abd4       $N00025                    10034bd4     ConEmu.exp
 0002:0000abe9       $N00026                    10034be9     ConEmu.exp
 0002:0000abfd       $N00027                    10034bfd     ConEmu.exp
 0002:0000b002       .idata$6                   10035002     version:VERSION.dll
 0002:0000b56c       .idata$6                   1003556c     kernel32:KERNEL32.dll
 0002:0000b678       .idata$6                   10035678     user32:USER32.dll
 0002:0000b718       .idata$6                   10035718     gdi32:GDI32.dll
 0002:0000b754       .idata$6                   10035754     advapi32:ADVAPI32.dll
 0003:00000100       ?rc@?CE@??Open@CPluginW2800@@UAEPAXPBX@Z@4UFarMacroCall@@A 10036100     ConEmuPlugin2800.obj
 0003:00000118       ?val@?CE@??Open@CPluginW2800@@UAEPAXPBX@Z@4UFarMacroValue@@A 10036118     ConEmuPlugin2800.obj
 0003:00000250       ?__vcrt_flsindex@@3KA      10036250     libvcruntime:per_thread_data.obj
 0003:00000270       _errno_no_memory           10036270     libucrt:errno.obj
 0003:00000274       _doserrno_no_memory        10036274     libucrt:errno.obj
 0003:00000280       ___acrt_flsindex           10036280     libucrt:per_thread_data.obj
 0003:000003f8       ___rgctypeflag             100363f8     libucrt:mbctype.obj
 0003:00000400       ___rgcode_page_info        10036400     libucrt:mbctype.obj
 0003:00000d60       ?store@?M@??GetPanelInfo@CPluginW1900@@UAE_NKPAUCEPanelInfo@@@Z@4UPanelInfo@@A 10036d60     ConEmuPlugin1900.obj
 0003:00000db0       ?szMenu@?1??GetPluginInfoPtr@CPluginW1900@@UAEXPAX@Z@4PAPA_WA 10036db0     ConEmuPlugin1900.obj
 0003:00000db8       ?szMenu1@?1??GetPluginInfoPtr@CPluginW1900@@UAEXPAX@Z@4PA_WA 10036db8     ConEmuPlugin1900.obj
 0003:00000fb8       ?WLastActive@?1??UpdateConEmuTabsApi@CPluginW1900@@UAE_NH@Z@4UWindowInfo@@A 10036fb8     ConEmuPlugin1900.obj
 0003:00000fe8       ?pwList@@3PAV?$MArray@UWindowInfo@@@@A 10036fe8     ConEmuPlugin2800.obj
 0003:00000ff0       ?store@?M@??GetPanelInfo@CPluginW2800@@UAE_NKPAUCEPanelInfo@@@Z@4UPanelInfo@@A 10036ff0     ConEmuPlugin2800.obj
 0003:00001040       ?szMenu@?1??GetPluginInfoPtr@CPluginW2800@@UAEXPAX@Z@4PAPA_WA 10037040     ConEmuPlugin2800.obj
 0003:00001048       ?szMenu1@?1??GetPluginInfoPtr@CPluginW2800@@UAEXPAX@Z@4PA_WA 10037048     ConEmuPlugin2800.obj
 0003:00001248       ?WLastActive@?1??UpdateConEmuTabsApi@CPluginW2800@@UAE_NH@Z@4UWindowInfo@@A 10037248     ConEmuPlugin2800.obj
 0003:00001278       ?ghSyncDlg@@3PAXA          10037278     ConEmuPlugin995.obj
 0003:00001280       ?store@?M@??GetPanelInfo@CPluginW995@@UAE_NKPAUCEPanelInfo@@@Z@4UPanelInfo@@A 10037280     ConEmuPlugin995.obj
 0003:000012c4       ?szMenu@?1??GetPluginInfoPtr@CPluginW995@@UAEXPAX@Z@4PAPA_WA 100372c4     ConEmuPlugin995.obj
 0003:000012c8       ?szMenu1@?1??GetPluginInfoPtr@CPluginW995@@UAEXPAX@Z@4PA_WA 100372c8     ConEmuPlugin995.obj
 0003:000014d0       ?store@?M@??GetPanelInfo@CPluginAnsi@@UAE_NKPAUCEPanelInfo@@@Z@4UPanelInfo@@A 100374d0     ConEmuPluginA.obj
 0003:000016c0       ?szMenu@?1??GetPluginInfoPtr@CPluginAnsi@@UAEXPAX@Z@4PAPADA 100376c0     ConEmuPluginA.obj
 0003:000016c8       ?szMenu1@?1??GetPluginInfoPtr@CPluginAnsi@@UAEXPAX@Z@4PADA 100376c8     ConEmuPluginA.obj
 0003:000029a8       ?gbTryOpenMapHeader@@3HA   100389a8     ConEmuPluginBase.obj
 0003:000029ac       ?gbStartupHooksAfterMap@@3HA 100389ac     ConEmuPluginBase.obj
 0003:000029b0       ?siEnabled@?1??CheckBufferEnabled@CPluginBase@@QAE_NXZ@4HA 100389b0     ConEmuPluginBase.obj
 0003:000029b4       ?dwLastTickCount@?7??CheckResources@CPluginBase@@QAEX_N@Z@4KA 100389b4     ConEmuPluginBase.obj
 0003:000029b8       ?$TSS0@?7??CheckResources@CPluginBase@@QAEX_N@Z@4HA 100389b8     ConEmuPluginBase.obj
 0003:000029bc       ?dwLastTickCount@?9??OnConsolePeekReadInput@CPluginBase@@SAX_N@Z@4KA 100389bc     ConEmuPluginBase.obj
 0003:00002c04       ?gHeapInit@?A0x333b15f0@@3U?$atomic@H@std@@A 10038c04     common-kernel32:Memory.obj
 0003:00002c08       ?gHeapCounter@?A0x333b15f0@@3U?$atomic@H@std@@A 10038c08     common-kernel32:Memory.obj
 0003:00002c20       ?szFile@?1??ModuleName@@YAPB_WPB_W@Z@4PA_WA 10038c20     common-kernel32:ConEmuCheck.obj
 0003:00002c64       ?gh_UnknownTerminatedThread@@3PAXA 10038c64     common-kernel32:WThreads.obj
 0003:00002c68       ?g_Threads@@3PAUConEmuThreadInfo@@A 10038c68     common-kernel32:WThreads.obj
 0003:0000a46c       ?szNil@?1??GetCommand@CESERVER_REQ_NEWCMD@@QAEPA_WXZ@4PA_WA 1004046c     common-kernel32:Common.obj
 0003:0000a478       ?rtlVerifyVersionInfo@?1??_VerifyVersionInfo@@YA_NPAU_OSVERSIONINFOEXW@@K_K@Z@4P6GH0K1@ZA 10040478     common-kernel32:WObjects.obj
 0003:0000a47c       ?hasRtl@?1??_VerifyVersionInfo@@YA_NPAU_OSVERSIONINFOEXW@@K_K@Z@4HA 1004047c     common-kernel32:WObjects.obj
 0003:0000a480       ?ibIsWin6@?1??IsWin6@@YA_NXZ@4HA 10040480     common-kernel32:WObjects.obj
 0003:0000a484       ?ibIsWin7@?1??IsWin7@@YA_NXZ@4HA 10040484     common-kernel32:WObjects.obj
 0003:0000a488       ?is64bitOs@?1??IsWindows64@@YA_NXZ@4_NA 10040488     common-kernel32:WObjects.obj
 0003:0000a489       ?isOsChecked@?1??IsWindows64@@YA_NXZ@4_NA 10040489     common-kernel32:WObjects.obj
 0003:0000a490       ?terminalMode@?1??isTerminalMode@@YA_NXZ@4_NA 10040490     common-kernel32:MProcess.obj
 0003:0000a491       ?terminalChecked@?1??isTerminalMode@@YA_NXZ@4_NA 10040491     common-kernel32:MProcess.obj
 0003:0000a492       ?bSysInfoRetrieved@?1??IsModuleValid@@YA_NPAUHINSTANCE__@@H@Z@4_NA 10040492     common-kernel32:WModuleCheck.obj
 0003:0000a494       ?si@?1??IsModuleValid@@YA_NPAUHINSTANCE__@@H@Z@4U_SYSTEM_INFO@@A 10040494     common-kernel32:WModuleCheck.obj
 0003:0000a4c4       ?_Tss_mutex@@3U_RTL_CRITICAL_SECTION@@A 100404c4     LIBCMT:thread_safe_statics.obj
 0003:0000a4dc       ?_Tss_cv@@3U_RTL_CONDITION_VARIABLE@@A 100404dc     LIBCMT:thread_safe_statics.obj
 0003:0000a4e0       ?_Tss_event@@3PAXA         100404e0     LIBCMT:thread_safe_statics.obj
 0003:0000a4e4       ?encoded_sleep_condition_variable_cs@@3P6GHPAU_RTL_CONDITION_VARIABLE@@PAU_RTL_CRITICAL_SECTION@@K@ZA 100404e4     LIBCMT:thread_safe_statics.obj
 0003:0000a4e8       ?encoded_wake_all_condition_variable@@3P6GXPAU_RTL_CONDITION_VARIABLE@@@ZA 100404e8     LIBCMT:thread_safe_statics.obj
 0003:0000a4ec       ?__proc_attached@@3HA      100404ec     LIBCMT:dll_dllmain.obj
 0003:0000a4f8       ?is_initialized_as_dll@@3_NA 100404f8     LIBCMT:utility.obj
 0003:0000a4f9       ?module_local_atexit_table_initialized@@3_NA 100404f9     LIBCMT:utility.obj
 0003:0000a4fc       ?module_local_atexit_table@@3U_onexit_table_t@@A 100404fc     LIBCMT:utility.obj
 0003:0000a508       ?module_local_at_quick_exit_table@@3U_onexit_table_t@@A 10040508     LIBCMT:utility.obj
 0003:0000a518       _GS_ExceptionRecord        10040518     LIBCMT:gs_report.obj
 0003:0000a568       _GS_ContextRecord          10040568     LIBCMT:gs_report.obj
 0003:0000a854       ?__vcrt_startup_thread_ptd@@3U__vcrt_ptd@@A 10040854     libvcruntime:per_thread_data.obj
 0003:0000a880       ___vcrt_lock_table         10040880     libvcruntime:locks.obj
 0003:0000a898       ___vcrt_locks_initialized  10040898     libvcruntime:locks.obj
 0003:0000a89c       ?module_handles@@3PAPAUHINSTANCE__@@A 1004089c     libvcruntime:winapi_downlevel.obj
 0003:0000a8a8       ?encoded_function_pointers@@3PAPAXA 100408a8     libvcruntime:winapi_downlevel.obj
 0003:0000a8e4       ?heap@@3V_HeapManager@@A   100408e4     libvcruntime:undname.obj
 0003:0000a8f8       ___acrt_invalid_parameter_handler 100408f8     libucrt:invalid_parameter.obj
 0003:0000a8fc       _c_termination_complete    100408fc     libucrt:exit.obj
 0003:0000a900       _thread_local_exit_callback_func 10040900     libucrt:exit.obj
 0003:0000a904       ?c_exit_complete@?5??common_exit@@YAXHW4_crt_exit_cleanup_mode@@W4_crt_exit_return_mode@@@Z@4_NA 10040904     libucrt:exit.obj
 0003:0000a908       ?program_name@?5???$common_configure_argv@D@@YAHW4_crt_argv_mode@@@Z@4PADA 10040908     libucrt:argv_parsing.obj
 0003:0000aa40       _enable_percent_n          10040a40     libucrt:printf_count_output.obj
 0003:0000ac60       ___acrt_lock_table         10040c60     libucrt:locks.obj
 0003:0000ad98       ___acrt_locks_initialized  10040d98     libucrt:locks.obj
 0003:0000ada0       _module_handles            10040da0     libucrt:winapi_thunks.obj
 0003:0000adf0       _encoded_function_pointers 10040df0     libucrt:winapi_thunks.obj
 0003:0000ae70       ?state_cache@?1??__acrt_is_packaged_app@@9@4JA 10040e70     libucrt:winapi_thunks.obj
 0003:0000ae8c       _fSystemSet                10040e8c     libucrt:mbctype.obj
 0003:0000ae90       ?initialized@?1??__acrt_initialize_multibyte@@9@4_NA 10040e90     libucrt:mbctype.obj
 0003:0000aeb0       ___acrt_new_handler        10040eb0     libucrt:new_handler.obj
 0003:0000aeb4       _ctrlc_action              10040eb4     libucrt:signal.obj
 0003:0000aeb8       _ctrlbreak_action          10040eb8     libucrt:signal.obj
 0003:0000aebc       _abort_action              10040ebc     libucrt:signal.obj
 0003:0000aec0       _term_action               10040ec0     libucrt:signal.obj
 0003:0000aec4       _user_matherr              10040ec4     libucrt:matherr.obj
 0003:0000aec8       ___acrt_global_new_mode    10040ec8     libucrt:new_mode.obj
 0003:0000aed4       ___acrt_app_type           10040ed4     libucrt:report_runtime_error.obj
 0003:0000aedc       __pmatherr_set             10040edc     libucrt:libm_error.obj
 0003:0000af34       ?gbPauseConsoleWasRequested@@3_NA 10040f34     common-kernel32:WConsole.obj
 0003:0000af38       ?GetCurrentConsoleFontEx@?1??apiGetCurrentConsoleFontEx@@YAHPAXHPAUMY_CONSOLE_FONT_INFOEX@@@Z@4P6GH0H1@ZA 10040f38     common-kernel32:WConsole.obj
 0003:0000af3c       ?bFuncChecked@?1??apiGetCurrentConsoleFontEx@@YAHPAXHPAUMY_CONSOLE_FONT_INFOEX@@@Z@4_NA 10040f3c     common-kernel32:WConsole.obj
 0003:0000af40       ?SetCurrentConsoleFontEx@?1??apiSetCurrentConsoleFontEx@@YAHPAXHPAUMY_CONSOLE_FONT_INFOEX@@@Z@4P6GH0H1@ZA 10040f40     common-kernel32:WConsole.obj
 0003:0000af44       ?bFuncChecked@?1??apiSetCurrentConsoleFontEx@@YAHPAXHPAUMY_CONSOLE_FONT_INFOEX@@@Z@4_NA 10040f44     common-kernel32:WConsole.obj
 0004:000000a0       $R000000                   100410a0     ConEmu.res
 0004:000003a8       $R000308                   100413a8     ConEmu.res
