 ConEmuTh

 Timestamp is 5ffcd133 (Mon Jan 11 23:29:07 2021)

 Preferred load address is 10000000

 Start         Length     Name                   Class
 0001:00000000 00022dedH .text$mn                CODE
 0001:00022ded 0000021cH .text$x                 CODE
 0002:00000000 00000328H .idata$5                DATA
 0002:00000328 00000004H .00cfg                  DATA
 0002:0000032c 00000004H .CRT$XCA                DATA
 0002:00000330 00000004H .CRT$XCZ                DATA
 0002:00000334 00000004H .CRT$XIA                DATA
 0002:00000338 0000000cH .CRT$XIC                DATA
 0002:00000344 00000004H .CRT$XIZ                DATA
 0002:00000348 00000004H .CRT$XPA                DATA
 0002:0000034c 00000008H .CRT$XPX                DATA
 0002:00000354 00000004H .CRT$XPXA               DATA
 0002:00000358 00000004H .CRT$XPZ                DATA
 0002:0000035c 00000004H .CRT$XTA                DATA
 0002:00000360 00000010H .CRT$XTZ                DATA
 0002:00000364 00000000H .gfids$x                DATA
 0002:00000364 00000000H .gfids$y                DATA
 0002:00000370 00006ba8H .rdata                  DATA
 0002:00006f18 00000488H .rdata$r                DATA
 0002:000073a0 00000048H .rdata$sxdata           DATA
 0002:000073e8 00000324H .rdata$zzzdbg           DATA
 0002:0000770c 00000004H .rtc$IAA                DATA
 0002:00007710 00000004H .rtc$IZZ                DATA
 0002:00007714 00000004H .rtc$TAA                DATA
 0002:00007718 00000008H .rtc$TZZ                DATA
 0002:00007720 00000820H .xdata$x                DATA
 0002:00007f40 00000168H .edata                  DATA
 0002:000080a8 0000008cH .idata$2                DATA
 0002:00008134 00000014H .idata$3                DATA
 0002:00008148 00000328H .idata$4                DATA
 0002:00008470 00000dc8H .idata$6                DATA
 0003:00000000 00000800H .data                   DATA
 0003:00000800 00000330H .data$r                 DATA
 0003:00000b30 00029868H .bss                    DATA
 0004:00000000 00000130H .rsrc$01                DATA
 0004:00000130 00001558H .rsrc$02                DATA

  Address         Publics by Value              Rva+Base       Lib:Object

 0000:00000000       ___guard_fids_count        00000000     <absolute>
 0000:00000000       ___guard_iat_count         00000000     <absolute>
 0000:00000000       ___hybrid_code_map_count   00000000     <absolute>
 0000:00000000       ___dynamic_value_reloc_table 00000000     <absolute>
 0000:00000000       ___guard_longjmp_count     00000000     <absolute>
 0000:00000000       __except_list              00000000     <absolute>
 0000:00000000       ___guard_fids_table        00000000     <absolute>
 0000:00000000       ___guard_longjmp_table     00000000     <absolute>
 0000:00000000       ___hybrid_auxiliary_iat    00000000     <absolute>
 0000:00000000       ___guard_iat_table         00000000     <absolute>
 0000:00000000       ___volatile_metadata       00000000     <absolute>
 0000:00000000       ___enclave_config          00000000     <absolute>
 0000:00000000       ___hybrid_code_map         00000000     <absolute>
 0000:00000012       ___safe_se_handler_count   00000012     <absolute>
 0000:00000100       ___guard_flags             00000100     <absolute>
 0000:00000000       ___ImageBase               10000000     <linker-defined>
 0001:00000000       _ExitFARW@0                10001000 f   ConEmuTh.obj
 0001:00000025       _ProcessSynchroEventW@8    10001025 f   ConEmuTh.obj
 0001:00000039       ?ExitFARW3@@YGXPAX@Z       10001039 f   ConEmuTh.obj
 0001:00000067       ??$swprintf_c@$0CAA@@@YAHAAY0CAA@_WPB_WZZ 10001067 f i ConEmuTh.obj
 0001:00000080       ??0?$MFileMapping@UPanelViewSetMapping@@@@QAE@XZ 10001080 f i ConEmuTh.obj
 0001:000000dd       ??0?$MFileMapping@Utag_DetectedDialog@@@@QAE@XZ 100010dd f i ConEmuTh.obj
 0001:0000013a       ??1?$MFileMapping@UPanelViewSetMapping@@@@QAE@XZ 1000113a f i ConEmuTh.obj
 0001:00000144       ??_G?$MFileMapping@Utag_DetectedDialog@@@@QAEPAXI@Z 10001144 f i ConEmuTh.obj
 0001:000002a0       ?CheckConEmu@@YAHH@Z       100012a0 f   ConEmuTh.obj
 0001:0000037b       ?CheckPanelSettings@@YAHH@Z 1000137b f   ConEmuTh.obj
 0001:000003ba       ?CheckVarsInitialized@@YAXXZ 100013ba f   ConEmuTh.obj
 0001:000004f3       ?CheckWindows@@YA_NXZ      100014f3 f   ConEmuTh.obj
 0001:00000595       ?CloseMap@?$MFileMapping@UPanelViewSetMapping@@@@QAEXXZ 10001595 f i ConEmuTh.obj
 0001:00000595       ?CloseMap@?$MFileMapping@Utag_DetectedDialog@@@@QAEXXZ 10001595 f i ConEmuTh.obj
 0001:000005e6       ?ClosePtr@?$MFileMapping@UPanelViewSetMapping@@@@QAEXXZ 100015e6 f i ConEmuTh.obj
 0001:000005e6       ?ClosePtr@?$MFileMapping@Utag_DetectedDialog@@@@QAEXXZ 100015e6 f i ConEmuTh.obj
 0001:000005fe       ?EntryPoint@@YAXHH_N@Z     100015fe f   ConEmuTh.obj
 0001:0000077b       ?ExecuteInMainThread@@YAXPAUConEmuThSynchroArg@@@Z 1000177b f   ConEmuTh.obj
 0001:000007ef       ?ExitPlugin@@YAXXZ         100017ef f   ConEmuTh.obj
 0001:000008f5       ?FreeItem@CePluginPanelItem@@QAEXXZ 100018f5 f   ConEmuTh.obj
 0001:0000090a       ?FreeUserData@CePluginPanelItem@@QAEXXZ 1000190a f   ConEmuTh.obj
 0001:00000952       ?GetActivePanel@@YAPAUCeFullPanelInfo@@XZ 10001952 f   ConEmuTh.obj
 0001:00000997       ?GetFarRect@@YAHPAU_SMALL_RECT@@@Z 10001997 f   ConEmuTh.obj
 0001:000009fa       ?GetFocusedThumbnails@@YAPAUCeFullPanelInfo@@XZ 100019fa f   ConEmuTh.obj
 0001:00000a4a       ?GetMainThreadId@@YAKXZ    10001a4a f   ConEmuTh.obj
 0001:00000ad5       ?GetMsgW@@YAPB_WH@Z        10001ad5 f   ConEmuTh.obj
 0001:00000b15       ?GetPalette@@YAABV?$array@K$0BA@@std@@XZ 10001b15 f   ConEmuTh.obj
 0001:00000b1b       ?GetPluginInfoWcmn@@YGXPAX@Z 10001b1b f   ConEmuTh.obj
 0001:00000b4c       ?GetTo@?$MFileMapping@UPanelViewSetMapping@@@@QAE_NPAUPanelViewSetMapping@@H@Z 10001b4c f i ConEmuTh.obj
 0001:00000c1b       ?InitName@?$MFileMapping@Utag_DetectedDialog@@@@QAEPB_WPB_WKK@Z 10001c1b f i ConEmuTh.obj
 0001:00000c1b       ?InitName@?$MFileMapping@UPanelViewSetMapping@@@@QAEPB_WPB_WKK@Z 10001c1b f i ConEmuTh.obj
 0001:00000c4c       ?InternalOpenCreate@?$MFileMapping@UPanelViewSetMapping@@@@IAEPAUPanelViewSetMapping@@_N0H@Z 10001c4c f i ConEmuTh.obj
 0001:00000c4c       ?InternalOpenCreate@?$MFileMapping@Utag_DetectedDialog@@@@IAEPAUtag_DetectedDialog@@_N0H@Z 10001c4c f i ConEmuTh.obj
 0001:00000e2e       ?IsThumbnailsActive@@YAPAUCeFullPanelInfo@@H@Z 10001e2e f   ConEmuTh.obj
 0001:00000ffe       ?LoadFarVersion@@YAHXZ     10001ffe f   ConEmuTh.obj
 0001:0000133a       ?LoadPanelItemInfo@@YAXPAUCeFullPanelInfo@@H@Z 1000233a f   ConEmuTh.obj
 0001:00001379       ?LoadThSet@@YAHK@Z         10002379 f   ConEmuTh.obj
 0001:0000150a       ?OnPostPeekConsole@@YGHPAXPAU_INPUT_RECORD@@KPAKPAH@Z 1000250a f   ConEmuTh.obj
 0001:00001554       ?OnPostReadConsole@@YGHPAXPAU_INPUT_RECORD@@KPAKPAH@Z 10002554 f   ConEmuTh.obj
 0001:00001596       ?OnPrePeekConsole@@YGHPAXPAU_INPUT_RECORD@@KPAKPAH@Z 10002596 f   ConEmuTh.obj
 0001:00001641       ?OnPreReadConsole@@YGHPAXPAU_INPUT_RECORD@@KPAKPAH@Z 10002641 f   ConEmuTh.obj
 0001:00001661       ?OnPreWriteConsoleOutput@@YGHPAXPBU_CHAR_INFO@@U_COORD@@2PAU_SMALL_RECT@@@Z 10002661 f   ConEmuTh.obj
 0001:00001783       ?OnReadyForPanelsReload@@YAXXZ 10002783 f   ConEmuTh.obj
 0001:000018d1       ?OpenPluginWcmn@@YAPAXHH_N@Z 100028d1 f   ConEmuTh.obj
 0001:00001911       ?OpenW@@YGPAXPBUOpenInfo@@@Z 10002911 f   ConEmuTh.obj
 0001:00001943       ?PostMacro@@YAXPA_W@Z      10002943 f   ConEmuTh.obj
 0001:00001a81       ?ProcessConsoleInput@@YAHHPAU_INPUT_RECORD@@KPAK@Z 10002a81 f   ConEmuTh.obj
 0001:00001d69       ?ProcessSynchroEventCommon@@YAHHPAX@Z 10002d69 f   ConEmuTh.obj
 0001:00001ef4       ?RefreshPalette@@YAABV?$array@K$0BA@@std@@_N@Z 10002ef4 f   ConEmuTh.obj
 0001:00001f25       ?ReloadPanelsInfo@@YAXXZ   10002f25 f   ConEmuTh.obj
 0001:0000209e       ?ReloadResourcesW@@YAXXZ   1000309e f   ConEmuTh.obj
 0001:00002101       ?ResetUngetBuffer@@YAXXZ   10003101 f   ConEmuTh.obj
 0001:00002110       ?SavePanelViewState@@YAXHK@Z 10003110 f   ConEmuTh.obj
 0001:00002144       ?SetFrom@?$MFileMapping@Utag_DetectedDialog@@@@QAE_NPBUtag_DetectedDialog@@H@Z 10003144 f i ConEmuTh.obj
 0001:0000226f       ?SettingsLoad@@YAHPB_WPAK@Z 1000326f f   ConEmuTh.obj
 0001:000022ae       ?SettingsLoadOther@@YAXPB_W@Z 100032ae f   ConEmuTh.obj
 0001:000023a6       ?SettingsLoadReg@@YAHPB_W0PAK@Z 100033a6 f   ConEmuTh.obj
 0001:00002406       ?SettingsSave@@YAXPB_WPAK@Z 10003406 f   ConEmuTh.obj
 0001:00002445       ?SettingsSaveReg@@YAXPB_W0PAK@Z 10003445 f   ConEmuTh.obj
 0001:0000248f       ?ShowLastError@@YAHXZ      1000348f f   ConEmuTh.obj
 0001:0000251c       ?ShowMessage@@YAHHH@Z      1000351c f   ConEmuTh.obj
 0001:0000255b       ?ShowPluginMenu@@YAHXZ     1000355b f   ConEmuTh.obj
 0001:00002590       ?StartPlugin@@YAXH@Z       10003590 f   ConEmuTh.obj
 0001:000026b7       ?StringCchCatW@@YGJPA_WIPB_W@Z 100036b7 f i ConEmuTh.obj
 0001:000026f5       ?StringCchCopyW@@YGJPA_WIPB_W@Z 100036f5 f i ConEmuTh.obj
 0001:00002729       ?StringCchVPrintfW@@YGJPA_WIPB_WPAD@Z 10003729 f i ConEmuTh.obj
 0001:00002862       ?UpdateEnvVar@@YAXH@Z      10003862 f   ConEmuTh.obj
 0001:00002883       ?isPreloadByDefault@@YA_NXZ 10003883 f   ConEmuTh.obj
 0001:000028ad       _DllMain@12                100038ad f   ConEmuTh.obj
 0001:0000296d       _GetMinFarVersionW@0       1000396d f   ConEmuTh.obj
 0001:00002973       _SetStartupInfoW@4         10003973 f   ConEmuTh.obj
 0001:000029cc       ___local_stdio_printf_options 100039cc f i ConEmuTh.obj
 0001:000029d2       __vsnwprintf_l             100039d2 f i ConEmuTh.obj
 0001:00002a50       ?CheckFarPanelsW1900@@YA_NXZ 10003a50 f   ConEmuTh1900.obj
 0001:00002a8f       ?CheckPanelSettingsW1900@@YAHH@Z 10003a8f f   ConEmuTh1900.obj
 0001:00002b22       ?Color2BgIndex@Far3Color@@SAXKHAAGPBK@Z 10003b22 f i ConEmuTh1900.obj
 0001:00002bf4       ?Color2FgIndex@Far3Color@@SAXKAAGPBK@Z 10003bf4 f i ConEmuTh1900.obj
 0001:00002cac       ?ExecuteInMainThreadW1900@@YAXPAUConEmuThSynchroArg@@@Z 10003cac f   ConEmuTh1900.obj
 0001:00002cc9       ?ExitFARW1900@@YAXXZ       10003cc9 f   ConEmuTh1900.obj
 0001:00002cf8       ?FarColor_3_2@@YAEABUFarColor@@_N@Z 10003cf8 f i ConEmuTh1900.obj
 0001:00002da3       ?GetFarRectW1900@@YAXPAU_SMALL_RECT@@@Z 10003da3 f   ConEmuTh1900.obj
 0001:00002e13       ?GetMsgW1900@@YAPB_WH@Z    10003e13 f   ConEmuTh1900.obj
 0001:00002e39       ?GetPluginInfoW1900@@YAXPAX@Z 10003e39 f   ConEmuTh1900.obj
 0001:00002e9d       ?GetStdIndex@Far3Color@@SAHKPBK@Z 10003e9d f i ConEmuTh1900.obj
 0001:00002fce       ?LoadPanelInfoW1900@@YAHH@Z 10003fce f   ConEmuTh1900.obj
 0001:00003420       ?LoadPanelItemInfoW1900@@YAXPAUCeFullPanelInfo@@H@Z 10004420 f   ConEmuTh1900.obj
 0001:000035a0       ?OpenW1900@@YAPAXPBX@Z     100045a0 f   ConEmuTh1900.obj
 0001:00003602       ?PostMacroW1900@@YAXPA_W@Z 10004602 f   ConEmuTh1900.obj
 0001:0000367a       ?ReloadPanelsInfoW1900@@YAXXZ 1000467a f   ConEmuTh1900.obj
 0001:00003694       ?SetCurrentPanelItemW1900@@YAXHHH@Z 10004694 f   ConEmuTh1900.obj
 0001:00003794       ?SetStartupInfoW1900@@YAXPAX@Z 10004794 f   ConEmuTh1900.obj
 0001:00003889       @_guard_check_icall_nop@4  10004889 f   LIBCMT:guard_support.obj
 0001:00003889       ?_Doraise@exception@stdext@@MBEXXZ 10004889 f   common-kernel32:MProcess.obj
 0001:00003889       ?SettingsLoadOtherW2800@@YAXXZ 10004889 f   ConEmuTh2800.obj
 0001:00003889       ?OnThreadStopped@?$CQueueProcessor@PAUIMAGE_CACHE_INFO@@@@MAEXXZ 10004889 f   ImgCache.obj
 0001:00003889       ?LoadPanelItemInfoA@@YAXPAUCeFullPanelInfo@@H@Z 10004889 f   ConEmuThA.obj
 0001:00003889       ?SettingsLoadOtherW1900@@YAXXZ 10004889 f   ConEmuTh1900.obj
 0001:0000388a       ?SettingsLoadW1900@@YAHPB_WPAK@Z 1000488a f   ConEmuTh1900.obj
 0001:00003934       ?SettingsSaveW1900@@YAXPB_WPAK@Z 10004934 f   ConEmuTh1900.obj
 0001:000039da       ?ShowMessageW1900@@YAHHH@Z 100049da f   ConEmuTh1900.obj
 0001:00003a0f       ?ShowMessageW1900@@YAHPB_WH@Z 10004a0f f   ConEmuTh1900.obj
 0001:00003a79       ?ShowPluginMenuW1900@@YAHXZ 10004a79 f   ConEmuTh1900.obj
 0001:00003c3f       ??$swprintf_c@$0MI@@@YAHAAY0MI@_WPB_WZZ 10004c3f f i ConEmuTh2800.obj
 0001:00003c58       ?CheckFarPanelsW2800@@YA_NXZ 10004c58 f   ConEmuTh2800.obj
 0001:00003cb1       ?CheckPanelSettingsW2800@@YAHH@Z 10004cb1 f   ConEmuTh2800.obj
 0001:00003d44       ?ExecuteInMainThreadW2800@@YAXPAUConEmuThSynchroArg@@@Z 10004d44 f   ConEmuTh2800.obj
 0001:00003d61       ?ExitFARW2800@@YAXXZ       10004d61 f   ConEmuTh2800.obj
 0001:00003d90       ?FreePanelItemUserData2800@@YAXPAXKP6GHXZ@Z 10004d90 f   ConEmuTh2800.obj
 0001:00003dbe       ?GetFarRectW2800@@YAXPAU_SMALL_RECT@@@Z 10004dbe f   ConEmuTh2800.obj
 0001:00003e31       ?GetMsgW2800@@YAPB_WH@Z    10004e31 f   ConEmuTh2800.obj
 0001:00003e57       ?GetPluginInfoW2800@@YAXPAX@Z 10004e57 f   ConEmuTh2800.obj
 0001:00003ebb       ?IsFarLua@FarVersion@@QBE_NXZ 10004ebb f i ConEmuTh2800.obj
 0001:00003fdb       ?LoadPanelInfoW2800@@YAHH@Z 10004fdb f   ConEmuTh2800.obj
 0001:0000442d       ?LoadPanelItemInfoW2800@@YAXPAUCeFullPanelInfo@@H@Z 1000542d f   ConEmuTh2800.obj
 0001:00004608       ?OpenW2800@@YAPAXPBX@Z     10005608 f   ConEmuTh2800.obj
 0001:000046ac       ?PostMacroW2800@@YAXPA_W@Z 100056ac f   ConEmuTh2800.obj
 0001:00004726       ?ProcessSynchroEventW3@@YGHPAX@Z 10005726 f   ConEmuTh2800.obj
 0001:0000473d       ?ReloadPanelsInfoW2800@@YAXXZ 1000573d f   ConEmuTh2800.obj
 0001:00004757       ?SetCurrentPanelItemW2800@@YAXHHH@Z 10005757 f   ConEmuTh2800.obj
 0001:00004850       ?SetCurrentPanelItemW2800Int@@YAXHHH@Z 10005850 f   ConEmuTh2800.obj
 0001:00004943       ?SetStartupInfoW2800@@YAXPAX@Z 10005943 f   ConEmuTh2800.obj
 0001:00004a38       ?SettingsLoadW2800@@YAHPB_WPAK@Z 10005a38 f   ConEmuTh2800.obj
 0001:00004adb       ?SettingsSaveW2800@@YAXPB_WPAK@Z 10005adb f   ConEmuTh2800.obj
 0001:00004b7f       ?ShowMessageW2800@@YAHHH@Z 10005b7f f   ConEmuTh2800.obj
 0001:00004bb4       ?ShowMessageW2800@@YAHPB_WH@Z 10005bb4 f   ConEmuTh2800.obj
 0001:00004c1e       ?ShowPluginMenuW2800@@YAHXZ 10005c1e f   ConEmuTh2800.obj
 0001:00004de4       _GetGlobalInfoW@4          10005de4 f   ConEmuTh2800.obj
 0001:00004e77       ?CheckFarPanelsW995@@YA_NXZ 10005e77 f   ConEmuTh995.obj
 0001:00004ece       ?CheckPanelSettingsW995@@YAHH@Z 10005ece f   ConEmuTh995.obj
 0001:00004f2a       ?ExecuteInMainThreadW995@@YAXPAUConEmuThSynchroArg@@@Z 10005f2a f   ConEmuTh995.obj
 0001:00004f43       ?ExitFARW995@@YAXXZ        10005f43 f   ConEmuTh995.obj
 0001:00004f89       ?GetFarRectW995@@YAXPAU_SMALL_RECT@@@Z 10005f89 f   ConEmuTh995.obj
 0001:00004fae       ?GetMsgW995@@YAPB_WH@Z     10005fae f   ConEmuTh995.obj
 0001:00004fd2       ?GetPluginInfoW995@@YAXPAX@Z 10005fd2 f   ConEmuTh995.obj
 0001:00005065       ?LoadPanelInfo995@@YAHH@Z  10006065 f   ConEmuTh995.obj
 0001:0000539d       ?LoadPanelItemInfoW995@@YAXPAUCeFullPanelInfo@@H@Z 1000639d f   ConEmuTh995.obj
 0001:000054b2       ?PostMacroW995@@YAXPA_W@Z  100064b2 f   ConEmuTh995.obj
 0001:0000551a       ?ReloadPanelsInfoW995@@YAXXZ 1000651a f   ConEmuTh995.obj
 0001:00005534       ?SetCurrentPanelItemW995@@YAXHHH@Z 10006534 f   ConEmuTh995.obj
 0001:00005608       ?SetStartupInfoW995@@YAXPAX@Z 10006608 f   ConEmuTh995.obj
 0001:00005745       ?SettingsLoadOtherW995@@YAXXZ 10006745 f   ConEmuTh995.obj
 0001:00005752       ?SettingsLoadW995@@YAHPB_WPAK@Z 10006752 f   ConEmuTh995.obj
 0001:0000576b       ?SettingsSaveW995@@YAXPB_WPAK@Z 1000676b f   ConEmuTh995.obj
 0001:00005784       ?ShowMessageW995@@YAHHH@Z  10006784 f   ConEmuTh995.obj
 0001:000057b7       ?ShowMessageW995@@YAHPB_WH@Z 100067b7 f   ConEmuTh995.obj
 0001:000057e5       ?ShowPluginMenuW995@@YAHXZ 100067e5 f   ConEmuTh995.obj
 0001:00005914       _OpenPluginW@8             10006914 f   ConEmuTh995.obj
 0001:00005943       ?CheckFarPanelsA@@YA_NXZ   10006943 f   ConEmuThA.obj
 0001:000059ba       ?CheckPanelSettingsA@@YAHH@Z 100069ba f   ConEmuThA.obj
 0001:00005a22       ?GetMsgA@@YAPB_WHPA_W@Z    10006a22 f   ConEmuThA.obj
 0001:00005ad2       ?LoadPanelInfoA@@YAHH@Z    10006ad2 f   ConEmuThA.obj
 0001:00005e4b       ?PostMacroA@@YAXPAD@Z      10006e4b f   ConEmuThA.obj
 0001:00005eb7       ?ReloadPanelsInfoA@@YAXXZ  10006eb7 f   ConEmuThA.obj
 0001:00005ed1       ?ReloadResourcesA@@YAXXZ   10006ed1 f   ConEmuThA.obj
 0001:00005f7a       ?SetCurrentPanelItemA@@YAXHHH@Z 10006f7a f   ConEmuThA.obj
 0001:0000607b       ?SettingsLoadA@@YAHPB_WPAK@Z 1000707b f   ConEmuThA.obj
 0001:00006094       ?SettingsLoadOtherA@@YAXXZ 10007094 f   ConEmuThA.obj
 0001:000060a1       ?SettingsSaveA@@YAXPB_WPAK@Z 100070a1 f   ConEmuThA.obj
 0001:000060ba       ?ShowMessageA@@YAHHH@Z     100070ba f   ConEmuThA.obj
 0001:000060f6       ?ShowMessageA@@YAHPBDH@Z   100070f6 f   ConEmuThA.obj
 0001:0000612a       ?ShowPluginMenuA@@YAHXZ    1000712a f   ConEmuThA.obj
 0001:000062b8       _ExitFAR@0                 100072b8 f   ConEmuThA.obj
 0001:00006303       _GetMinFarVersion@0        10007303 f   ConEmuThA.obj
 0001:00006328       _GetPluginInfo@4           10007328 f   ConEmuThA.obj
 0001:0000638c       _OpenPlugin@8              1000738c f   ConEmuThA.obj
 0001:000063b4       _SetStartupInfo@4          100073b4 f   ConEmuThA.obj
 0001:0000651c       ??$swprintf_c@$0IA@@@YAHAAY0IA@_WPB_WZZ 1000751c f i Display.obj
 0001:00006535       ?BisItem2CeItem@CeFullPanelInfo@@QAEHHH_KKKHH@Z 10007535 f   Display.obj
 0001:000065ba       ?CalcTopPanelItem@CeFullPanelInfo@@QAEHHH@Z 100075ba f   Display.obj
 0001:0000668e       ?Close@CeFullPanelInfo@@QAEXXZ 1000768e f   Display.obj
 0001:000066c7       ?CreateView@CeFullPanelInfo@@QAEPAUHWND__@@XZ 100076c7 f   Display.obj
 0001:000069e9       ?DisplayReloadPanel@CeFullPanelInfo@@QAEXXZ 100079e9 f   Display.obj
 0001:00006a0c       ?DisplayThread@CeFullPanelInfo@@SGKPAX@Z 10007a0c f   Display.obj
 0001:00006b1e       ?DisplayWndProc@CeFullPanelInfo@@SGJPAUHWND__@@IIJ@Z 10007b1e f   Display.obj
 0001:00006fd2       ?DrawItemText@CeFullPanelInfo@@QAEHPAUHDC__@@PAUtagRECT@@1PAUCePluginPanelItem@@PB_WPAUHBRUSH__@@H@Z 10007fd2 f   Display.obj
 0001:00007620       ?FarItem2CeItem@CeFullPanelInfo@@QAEHHPB_W0KU_FILETIME@@_KHPAXKP6GHXZ2K@Z 10008620 f   Display.obj
 0001:000078c7       ?FinalRelease@CeFullPanelInfo@@QAEXXZ 100088c7 f   Display.obj
 0001:000079a0       ?GetConCoordFromIndex@CeFullPanelInfo@@QAEHHAAU_COORD@@@Z 100089a0 f   Display.obj
 0001:00007a58       ?GetIndexFromWndCoord@CeFullPanelInfo@@QAEHHHAAH@Z 10008a58 f   Display.obj
 0001:00007acf       ?GetItemColors@CeFullPanelInfo@@QAEPAUHBRUSH__@@HPAUCePluginPanelItem@@PAUCePluginPanelItemColor@@HAAK2@Z 10008acf f   Display.obj
 0001:00007b26       ?Invalidate@CeFullPanelInfo@@QAEXXZ 10008b26 f   Display.obj
 0001:00007b6a       ?InvalidateAll@CeFullPanelInfo@@SAXXZ 10008b6a f   Display.obj
 0001:00007ba7       ?LoadItemColors@CeFullPanelInfo@@QAEXHPAUCePluginPanelItem@@PAUCePluginPanelItemColor@@HH@Z 10008ba7 f   Display.obj
 0001:00007de2       ?OnSettingsChanged@CeFullPanelInfo@@QAEHH@Z 10008de2 f   Display.obj
 0001:00007e76       ?Paint@CeFullPanelInfo@@QAEXPAUHWND__@@AAUtagPAINTSTRUCT@@AAUtagRECT@@@Z 10008e76 f   Display.obj
 0001:0000862f       ?PaintItem@CeFullPanelInfo@@QAEHPAUHDC__@@HHHPAUCePluginPanelItem@@PAUCePluginPanelItemColor@@HHPAUHBRUSH__@@3K@Z 1000962f f   Display.obj
 0001:00008aa5       ?ReallocItems@CeFullPanelInfo@@QAEHH@Z 10009aa5 f   Display.obj
 0001:00008bd8       ?RegisterPanelView@CeFullPanelInfo@@QAEHXZ 10009bd8 f   Display.obj
 0001:00008ea4       ?RequestSetPos@CeFullPanelInfo@@QAEXHHH@Z 10009ea4 f   Display.obj
 0001:00008f5c       ?StringCchCopyNW@@YGJPA_WIPB_WI@Z 10009f5c f i Display.obj
 0001:00008fde       ?UnregisterPanelView@CeFullPanelInfo@@QAEH_N@Z 10009fde f   Display.obj
 0001:00009100       ??$SafeDelete@UMSectionSimple@@@@YAXAAPAUMSectionSimple@@@Z 1000a100 f i ImgCache.obj
 0001:00009131       ??0?$CQueueProcessor@PAUIMAGE_CACHE_INFO@@@@QAE@XZ 1000a131 f i ImgCache.obj
 0001:00009195       ??0CImgCache@@QAE@PAUHINSTANCE__@@@Z 1000a195 f   ImgCache.obj
 0001:000092df       ??1?$CQueueProcessor@PAUIMAGE_CACHE_INFO@@@@UAE@XZ 1000a2df f i ImgCache.obj
 0001:00009368       ??1CImgCache@@QAE@XZ       1000a368 f   ImgCache.obj
 0001:00009435       ??_E?$CQueueProcessor@PAUIMAGE_CACHE_INFO@@@@UAEPAXI@Z 1000a435 f i ImgCache.obj
 0001:00009435       ??_G?$CQueueProcessor@PAUIMAGE_CACHE_INFO@@@@UAEPAXI@Z 1000a435 f i ImgCache.obj
 0001:00009457       ??_GCImgLoader@@UAEPAXI@Z  1000a457 f i ImgCache.obj
 0001:00009457       ??_ECImgLoader@@UAEPAXI@Z  1000a457 f i ImgCache.obj
 0001:00009479       ?ApplyChanges@?$CQueueProcessor@PAUIMAGE_CACHE_INFO@@@@MAEXAAPAUIMAGE_CACHE_INFO@@ABQAU2@@Z 1000a479 f i ImgCache.obj
 0001:00009479       ?OnItemReady@?$CQueueProcessor@PAUIMAGE_CACHE_INFO@@@@MAEXAAPAUIMAGE_CACHE_INFO@@J@Z 1000a479 f i ImgCache.obj
 0001:00009479       ?OnItemFailed@?$CQueueProcessor@PAUIMAGE_CACHE_INFO@@@@MAEXAAPAUIMAGE_CACHE_INFO@@J@Z 1000a479 f i ImgCache.obj
 0001:0000947c       ?CheckDrawDibCreated@CImgCache@@IAEHXZ 1000a47c f   ImgCache.obj
 0001:00009597       ?Filter@?$MToolHelp@UtagPROCESSENTRY32W@@$1?Process32FirstW@@YGHPAXPAU1@@Z$1?Process32NextW@@YGH01@Z@@MAE_NABUtagPROCESSENTRY32W@@@Z 1000a597 f i common-kernel32:MProcess.obj
 0001:00009597       ?CheckHighPriority@CImgLoader@@UAE_NABQAUIMAGE_CACHE_INFO@@@Z 1000a597 f i ImgCache.obj
 0001:00009597       ?CheckHighPriority@?$CQueueProcessor@PAUIMAGE_CACHE_INFO@@@@MAE_NABQAUIMAGE_CACHE_INFO@@@Z 1000a597 f i ImgCache.obj
 0001:0000959c       ?CheckLoadDibCreated@CImgCache@@IAEHXZ 1000a59c f   ImgCache.obj
 0001:000096b7       ?CheckThread@?$CQueueProcessor@PAUIMAGE_CACHE_INFO@@@@IAEJXZ 1000a6b7 f i ImgCache.obj
 0001:00009748       ?CheckWaitingCount@?$CQueueProcessor@PAUIMAGE_CACHE_INFO@@@@AAEXXZ 1000a748 f i ImgCache.obj
 0001:0000978a       ?ClearQueue@?$CQueueProcessor@PAUIMAGE_CACHE_INFO@@@@AAEXXZ 1000a78a f i ImgCache.obj
 0001:000097e5       ?CopyBits@CImgCache@@IAEXU_COORD@@PAEK01@Z 1000a7e5 f   ImgCache.obj
 0001:00009840       ?CopyItem@?$CQueueProcessor@PAUIMAGE_CACHE_INFO@@@@MAEXPBQAUIMAGE_CACHE_INFO@@PAPAU2@@Z 1000a840 f i ImgCache.obj
 0001:0000985d       ?FindInCache@CImgCache@@IAEHPAUCePluginPanelItem@@PAHI@Z 1000a85d f   ImgCache.obj
 0001:00009a48       ?FindOrCreate@?$CQueueProcessor@PAUIMAGE_CACHE_INFO@@@@AAEPAUProcessingItem@1@ABQAUIMAGE_CACHE_INFO@@J_NW4ProcessingPriority@@@Z 1000aa48 f i ImgCache.obj
 0001:00009bb5       ?FreeItem@?$CQueueProcessor@PAUIMAGE_CACHE_INFO@@@@MAEXABQAUIMAGE_CACHE_INFO@@@Z 1000abb5 f i ImgCache.obj
 0001:00009bb8       ?FreeModules@CImgCache@@IAEXXZ 1000abb8 f   ImgCache.obj
 0001:00009c09       ?Init@CImgCache@@QAEXK@Z   1000ac09 f   ImgCache.obj
 0001:00009c52       ?InitializeQueue@?$CQueueProcessor@PAUIMAGE_CACHE_INFO@@@@AAEXH@Z 1000ac52 f i ImgCache.obj
 0001:00009cd3       ?IsEqual@?$CQueueProcessor@PAUIMAGE_CACHE_INFO@@@@MAE_NABQAUIMAGE_CACHE_INFO@@J0J@Z 1000acd3 f i ImgCache.obj
 0001:00009d00       ?IsEqual@CImgLoader@@UAE_NABQAUIMAGE_CACHE_INFO@@J0J@Z 1000ad00 f i ImgCache.obj
 0001:00009d21       ?IsStopRequested@?$CQueueProcessor@PAUIMAGE_CACHE_INFO@@@@UAE_NABQAUIMAGE_CACHE_INFO@@@Z 1000ad21 f i ImgCache.obj
 0001:00009d32       ?IsTerminationRequested@?$CQueueProcessor@PAUIMAGE_CACHE_INFO@@@@MAE_NXZ 1000ad32 f i ImgCache.obj
 0001:00009d32       ?IsTerminationRequested@CImgLoader@@UAE_NXZ 1000ad32 f i ImgCache.obj
 0001:00009d36       ?LoadModules@CImgCache@@IAEXXZ 1000ad36 f   ImgCache.obj
 0001:00009f52       ?LoadShellIcon@CImgCache@@QAEHPAUIMAGE_CACHE_INFO@@H@Z 1000af52 f   ImgCache.obj
 0001:0000a241       ?LoadThumbnail@CImgCache@@QAEHPAUIMAGE_CACHE_INFO@@@Z 1000b241 f   ImgCache.obj
 0001:0000a670       ?OnThreadStarted@?$CQueueProcessor@PAUIMAGE_CACHE_INFO@@@@MAEJXZ 1000b670 f i ImgCache.obj
 0001:0000a673       ?OnThreadStarted@CImgLoader@@UAEJXZ 1000b673 f i ImgCache.obj
 0001:0000a692       ?OnThreadStopped@CImgLoader@@UAEXXZ 1000b692 f i ImgCache.obj
 0001:0000a6a3       ?PaintItem@CImgCache@@QAEHPAUHDC__@@HHHPAUCePluginPanelItem@@PAPB_WPAH@Z 1000b6a3 f   ImgCache.obj
 0001:0000ab2e       ?ProcessItem@?$CQueueProcessor@PAUIMAGE_CACHE_INFO@@@@IAEJPAUProcessingItem@1@@Z 1000bb2e f i ImgCache.obj
 0001:0000ab77       ?ProcessItem@?$CQueueProcessor@PAUIMAGE_CACHE_INFO@@@@MAEJAAPAUIMAGE_CACHE_INFO@@J@Z 1000bb77 f i ImgCache.obj
 0001:0000ab7f       ?ProcessItem@CImgLoader@@UAEJAAPAUIMAGE_CACHE_INFO@@J@Z 1000bb7f f i ImgCache.obj
 0001:0000abc4       ?ProcessingStep@?$CQueueProcessor@PAUIMAGE_CACHE_INFO@@@@IAE_NXZ 1000bbc4 f i ImgCache.obj
 0001:0000ad50       ?ProcessingThread@?$CQueueProcessor@PAUIMAGE_CACHE_INFO@@@@KGKPAX@Z 1000bd50 f i ImgCache.obj
 0001:0000ad76       ?RequestItem@?$CQueueProcessor@PAUIMAGE_CACHE_INFO@@@@QAEJ_NW4ProcessingPriority@@QAUIMAGE_CACHE_INFO@@J@Z 1000bd76 f i ImgCache.obj
 0001:0000ae14       ?RequestItem@CImgCache@@QAEHPAUCePluginPanelItem@@I@Z 1000be14 f   ImgCache.obj
 0001:0000aec7       ?Reset@CImgCache@@QAEXXZ   1000bec7 f   ImgCache.obj
 0001:0000b014       ?SetCacheLocation@CImgCache@@QAEXPB_W@Z 1000c014 f   ImgCache.obj
 0001:0000b071       ?Terminate@?$CQueueProcessor@PAUIMAGE_CACHE_INFO@@@@QAEXK@Z 1000c071 f i ImgCache.obj
 0001:0000b0c1       _GetFileVersionInfoSizeW@8 1000c0c1 f   version:VERSION.dll
 0001:0000b0c7       _GetFileVersionInfoW@16    1000c0c7 f   version:VERSION.dll
 0001:0000b0cd       _VerQueryValueW@16         1000c0cd f   version:VERSION.dll
 0001:0000b0d3       _CreateToolhelp32Snapshot@8 1000c0d3 f   kernel32:KERNEL32.dll
 0001:0000b0d9       _Thread32First@8           1000c0d9 f   kernel32:KERNEL32.dll
 0001:0000b0df       _Thread32Next@8            1000c0df f   kernel32:KERNEL32.dll
 0001:0000b0e5       ??2@YAPAXI@Z               1000c0e5 f   common-kernel32:Memory.obj
 0001:0000b106       ??3@YAXPAX@Z               1000c106 f   common-kernel32:Memory.obj
 0001:0000b106       ??_V@YAXPAX@Z              1000c106 f   common-kernel32:Memory.obj
 0001:0000b10b       ??_U@YAPAXI@Z              1000c10b f   common-kernel32:Memory.obj
 0001:0000b114       ?HeapDeinitialize@@YAXXZ   1000c114 f   common-kernel32:Memory.obj
 0001:0000b16a       ?HeapInitialize@@YA_NXZ    1000c16a f   common-kernel32:Memory.obj
 0001:0000b198       ?xf_calloc@@YAPAXII@Z      1000c198 f   common-kernel32:Memory.obj
 0001:0000b1c3       ?xf_free@@YAXPAX@Z         1000c1c3 f   common-kernel32:Memory.obj
 0001:0000b203       ?xf_malloc@@YAPAXI@Z       1000c203 f   common-kernel32:Memory.obj
 0001:0000b229       ?xf_realloc@@YAPAXPAXI@Z   1000c229 f   common-kernel32:Memory.obj
 0001:0000b250       ?StringCchVPrintfA@@YGJPADIPBD0@Z 1000c250 f i common-kernel32:MStrSafe.obj
 0001:0000b2a5       ?msprintf@@YAPB_WPA_WIPB_WZZ 1000c2a5 f   common-kernel32:MStrSafe.obj
 0001:0000b6bc       ?sprintf_c@@YAHPADHPBDZZ   1000c6bc f   common-kernel32:MStrSafe.obj
 0001:0000b6df       ?swprintf_c@@YAHPA_WHPB_WZZ 1000c6df f   common-kernel32:MStrSafe.obj
 0001:0000b702       __vsnprintf_l              1000c702 f i common-kernel32:MStrSafe.obj
 0001:0000b734       ?CommonShutdown@@YAXXZ     1000c734 f   common-kernel32:Common.obj
 0001:0000b743       ??0MNullDesc@@QAE@XZ       1000c743 f i common-kernel32:MSecurity.obj
 0001:0000b765       ??1MNullDesc@@QAE@XZ       1000c765 f i common-kernel32:MSecurity.obj
 0001:0000b79d       ?LoadAdvApi@MNullDesc@@IAEHXZ 1000c79d f i common-kernel32:MSecurity.obj
 0001:0000b875       ?LocalSecurity@@YAPAU_SECURITY_ATTRIBUTES@@XZ 1000c875 f   common-kernel32:MSecurity.obj
 0001:0000b8a1       ?LocalSecurity@MNullDesc@@QAEPAU_SECURITY_ATTRIBUTES@@XZ 1000c8a1 f i common-kernel32:MSecurity.obj
 0001:0000b9be       ?ShutdownSecurity@@YAXXZ   1000c9be f   common-kernel32:MSecurity.obj
 0001:0000b9e3       ?UnloadAdvApi@MNullDesc@@IAEXXZ 1000c9e3 f i common-kernel32:MSecurity.obj
 0001:0000b9fb       ?ExecuteCmd@@YAPAUCESERVER_REQ@@PB_WPAU1@KPAUHWND__@@HKH@Z 1000c9fb f   common-kernel32:ConEmuCheck.obj
 0001:0000bbd0       ?ExecuteFreeResult@@YAXAAPAUCESERVER_REQ@@@Z 1000cbd0 f   common-kernel32:ConEmuCheck.obj
 0001:0000bbe8       ?ExecuteGuiCmd@@YAPAUCESERVER_REQ@@PAUHWND__@@PAU1@0H@Z 1000cbe8 f   common-kernel32:ConEmuCheck.obj
 0001:0000bc69       ?ExecuteNewCmd@@YAPAUCESERVER_REQ@@KI@Z 1000cc69 f   common-kernel32:ConEmuCheck.obj
 0001:0000bca7       ?ExecuteOpenPipe@@YAPAXPB_WAAY0CAI@_W0KKHPAXH@Z 1000cca7 f   common-kernel32:ConEmuCheck.obj
 0001:0000bde1       ?ExecutePrepareCmd@@YAXPAUCESERVER_REQ@@KI@Z 1000cde1 f   common-kernel32:ConEmuCheck.obj
 0001:0000be18       ?ExecutePrepareCmd@@YAXPAUCESERVER_REQ_HDR@@KI@Z 1000ce18 f   common-kernel32:ConEmuCheck.obj
 0001:0000be80       ?ModuleName@@YAPB_WPB_W@Z  1000ce80 f   common-kernel32:ConEmuCheck.obj
 0001:0000bf16       ??$_Emplace_reallocate@ABUtagPROCESSENTRY32W@@@?$vector@UtagPROCESSENTRY32W@@V?$MArrayAllocator@UtagPROCESSENTRY32W@@@@@std@@QAEPAUtagPROCESSENTRY32W@@QAU2@ABU2@@Z 1000cf16 f i common-kernel32:MProcess.obj
 0001:0000bfd9       ??$emplace_back@ABUtagPROCESSENTRY32W@@@?$vector@UtagPROCESSENTRY32W@@V?$MArrayAllocator@UtagPROCESSENTRY32W@@@@@std@@QAEXABUtagPROCESSENTRY32W@@@Z 1000cfd9 f i common-kernel32:MProcess.obj
 0001:0000c00c       ??0?$MToolHelp@UtagPROCESSENTRY32W@@$1?Process32FirstW@@YGHPAXPAU1@@Z$1?Process32NextW@@YGH01@Z@@QAE@KK@Z 1000d00c f i common-kernel32:MProcess.obj
 0001:0000c07a       ??0bad_alloc@stdext@@QAE@ABV01@@Z 1000d07a f i common-kernel32:MProcess.obj
 0001:0000c098       ??0bad_alloc@stdext@@QAE@XZ 1000d098 f i common-kernel32:MProcess.obj
 0001:0000c0a8       ??0exception@stdext@@QAE@ABV01@@Z 1000d0a8 f i common-kernel32:MProcess.obj
 0001:0000c0c0       ??1?$MToolHelp@UtagPROCESSENTRY32W@@$1?Process32FirstW@@YGHPAXPAU1@@Z$1?Process32NextW@@YGH01@Z@@UAE@XZ 1000d0c0 f i common-kernel32:MProcess.obj
 0001:0000c0da       ??1bad_alloc@stdext@@UAE@XZ 1000d0da f i common-kernel32:MProcess.obj
 0001:0000c0e1       ??_E?$MToolHelp@UtagPROCESSENTRY32W@@$1?Process32FirstW@@YGHPAXPAU1@@Z$1?Process32NextW@@YGH01@Z@@UAEPAXI@Z 1000d0e1 f i common-kernel32:MProcess.obj
 0001:0000c0e1       ??_G?$MToolHelp@UtagPROCESSENTRY32W@@$1?Process32FirstW@@YGHPAXPAU1@@Z$1?Process32NextW@@YGH01@Z@@UAEPAXI@Z 1000d0e1 f i common-kernel32:MProcess.obj
 0001:0000c0e1       ??_GMToolHelpProcess@@UAEPAXI@Z 1000d0e1 f i common-kernel32:MProcess.obj
 0001:0000c0e1       ??_EMToolHelpProcess@@UAEPAXI@Z 1000d0e1 f i common-kernel32:MProcess.obj
 0001:0000c106       ??_Gbad_alloc@stdext@@UAEPAXI@Z 1000d106 f i common-kernel32:MProcess.obj
 0001:0000c106       ??_Ebad_alloc@stdext@@UAEPAXI@Z 1000d106 f i common-kernel32:MProcess.obj
 0001:0000c106       ??_Gexception@stdext@@UAEPAXI@Z 1000d106 f i common-kernel32:MProcess.obj
 0001:0000c106       ??_Eexception@stdext@@UAEPAXI@Z 1000d106 f i common-kernel32:MProcess.obj
 0001:0000c129       ?Close@?$MToolHelp@UtagPROCESSENTRY32W@@$1?Process32FirstW@@YGHPAXPAU1@@Z$1?Process32NextW@@YGH01@Z@@QAEXXZ 1000d129 f i common-kernel32:MProcess.obj
 0001:0000c196       ?Find@?$MToolHelp@UtagPROCESSENTRY32W@@$1?Process32FirstW@@YGHPAXPAU1@@Z$1?Process32NextW@@YGH01@Z@@QAE_NABV?$function@$$A6A_NABUtagPROCESSENTRY32W@@@Z@std@@AAUtagPROCESSENTRY32W@@@Z 1000d196 f i common-kernel32:MProcess.obj
 0001:0000c230       ?Find@MToolHelpProcess@@QAE_NKAAUtagPROCESSENTRY32W@@@Z 1000d230 f i common-kernel32:MProcess.obj
 0001:0000c279       ?Next@?$MToolHelp@UtagPROCESSENTRY32W@@$1?Process32FirstW@@YGHPAXPAU1@@Z$1?Process32NextW@@YGH01@Z@@QAE_NAAUtagPROCESSENTRY32W@@@Z 1000d279 f i common-kernel32:MProcess.obj
 0001:0000c2d1       ?Open@?$MToolHelp@UtagPROCESSENTRY32W@@$1?Process32FirstW@@YGHPAXPAU1@@Z$1?Process32NextW@@YGH01@Z@@QAE_NXZ 1000d2d1 f i common-kernel32:MProcess.obj
 0001:0000c2ff       ?_Calculate_growth@?$vector@UtagPROCESSENTRY32W@@V?$MArrayAllocator@UtagPROCESSENTRY32W@@@@@std@@ABEII@Z 1000d2ff f i common-kernel32:MProcess.obj
 0001:0000c32c       ?_Change_array@?$vector@UtagPROCESSENTRY32W@@V?$MArrayAllocator@UtagPROCESSENTRY32W@@@@@std@@AAEXQAUtagPROCESSENTRY32W@@II@Z 1000d32c f i common-kernel32:MProcess.obj
 0001:0000c361       ?_Copy@?$_Func_impl_no_alloc@V<lambda_9e7323793ed24b1a5fadb4d27ba29021>@@_NABUtagPROCESSENTRY32W@@@std@@EBEPAV?$_Func_base@_NABUtagPROCESSENTRY32W@@@2@PAX@Z 1000d361 f i common-kernel32:MProcess.obj
 0001:0000c361       ?_Move@?$_Func_impl_no_alloc@V<lambda_9e7323793ed24b1a5fadb4d27ba29021>@@_NABUtagPROCESSENTRY32W@@@std@@EAEPAV?$_Func_base@_NABUtagPROCESSENTRY32W@@@2@PAX@Z 1000d361 f i common-kernel32:MProcess.obj
 0001:0000c377       ?_Delete_this@?$_Func_impl_no_alloc@V<lambda_9e7323793ed24b1a5fadb4d27ba29021>@@_NABUtagPROCESSENTRY32W@@@std@@EAEX_N@Z 1000d377 f i common-kernel32:MProcess.obj
 0001:0000c377       ?_Delete_this@?$_Func_impl_no_alloc@P6GHPAX@ZXPAX@std@@EAEX_N@Z 1000d377 f i common-kernel32:WObjects.obj
 0001:0000c38e       ?_Do_call@?$_Func_impl_no_alloc@V<lambda_9e7323793ed24b1a5fadb4d27ba29021>@@_NABUtagPROCESSENTRY32W@@@std@@EAE_NABUtagPROCESSENTRY32W@@@Z 1000d38e f i common-kernel32:MProcess.obj
 0001:0000c3a1       ?_Doraise@bad_alloc@stdext@@MBEXXZ 1000d3a1 f i common-kernel32:MProcess.obj
 0001:0000c3ae       ?_Get@?$_Func_impl_no_alloc@V<lambda_9e7323793ed24b1a5fadb4d27ba29021>@@_NABUtagPROCESSENTRY32W@@@std@@EBEPBXXZ 1000d3ae f i common-kernel32:MProcess.obj
 0001:0000c3ae       ?_Get@?$_Func_impl_no_alloc@P6GHPAX@ZXPAX@std@@EBEPBXXZ 1000d3ae f i common-kernel32:WObjects.obj
 0001:0000c3b2       ?_Target_type@?$_Func_impl_no_alloc@V<lambda_9e7323793ed24b1a5fadb4d27ba29021>@@_NABUtagPROCESSENTRY32W@@@std@@EBEABVtype_info@@XZ 1000d3b2 f i common-kernel32:MProcess.obj
 0001:0000c3b8       ?_Tidy@?$_Func_class@_NABUtagPROCESSENTRY32W@@@std@@IAEXXZ 1000d3b8 f i common-kernel32:MProcess.obj
 0001:0000c3b8       ?_Tidy@?$_Func_class@XPAX@std@@IAEXXZ 1000d3b8 f i common-kernel32:WObjects.obj
 0001:0000c3d6       ?_Tidy@?$vector@UtagPROCESSENTRY32W@@V?$MArrayAllocator@UtagPROCESSENTRY32W@@@@@std@@AAEXXZ 1000d3d6 f i common-kernel32:MProcess.obj
 0001:0000c3f2       ?_Xlength@?$vector@UtagPROCESSENTRY32W@@V?$MArrayAllocator@UtagPROCESSENTRY32W@@@@@std@@CAXXZ 1000d3f2 f i common-kernel32:MProcess.obj
 0001:0000c3fd       ?allocate@?$MArrayAllocator@UtagPROCESSENTRY32W@@@@QAEPAUtagPROCESSENTRY32W@@I@Z 1000d3fd f i common-kernel32:MProcess.obj
 0001:0000c42f       ?getNext@?$MToolHelp@UtagPROCESSENTRY32W@@$1?Process32FirstW@@YGHPAXPAU1@@Z$1?Process32NextW@@YGH01@Z@@IAE_NXZ 1000d42f f i common-kernel32:MProcess.obj
 0001:0000c4b0       ?isTerminalMode@@YA_NXZ    1000d4b0 f   common-kernel32:MProcess.obj
 0001:0000c5a3       ?push_back@?$MArray@UtagPROCESSENTRY32W@@@@QAEHABUtagPROCESSENTRY32W@@@Z 1000d5a3 f i common-kernel32:MProcess.obj
 0001:0000c5c5       ?swap@?$vector@UtagPROCESSENTRY32W@@V?$MArrayAllocator@UtagPROCESSENTRY32W@@@@@std@@QAEXAAV12@@Z 1000d5c5 f i common-kernel32:MProcess.obj
 0001:0000c5f9       ?what@exception@stdext@@UBEPBDXZ 1000d5f9 f i common-kernel32:MProcess.obj
 0001:0000c607       ?Init@HkFunc@@QAE_NPB_WPAUHINSTANCE__@@@Z 1000d607 f   common-kernel32:HkFunc.obj
 0001:0000c665       ??0MSection@@QAE@XZ        1000d665 f   common-kernel32:MSection.obj
 0001:0000c6c4       ??0MSectionLock@@QAE@XZ    1000d6c4 f   common-kernel32:MSection.obj
 0001:0000c6d1       ??1MSection@@QAE@XZ        1000d6d1 f   common-kernel32:MSection.obj
 0001:0000c72b       ??1MSectionLock@@QAE@XZ    1000d72b f   common-kernel32:MSection.obj
 0001:0000c744       ?AddRef@MSection@@IAEXK@Z  1000d744 f   common-kernel32:MSection.obj
 0001:0000c7ad       ?Lock@MSection@@IAEHHK@Z   1000d7ad f   common-kernel32:MSection.obj
 0001:0000c873       ?Lock@MSectionLock@@QAEHPAVMSection@@HK@Z 1000d873 f   common-kernel32:MSection.obj
 0001:0000c8be       ?MyEnterCriticalSection@MSection@@IAE_NK@Z 1000d8be f   common-kernel32:MSection.obj
 0001:0000c9a6       ?ReleaseRef@MSection@@IAEHK@Z 1000d9a6 f   common-kernel32:MSection.obj
 0001:0000ca13       ?Unlock@MSection@@IAEXH@Z  1000da13 f   common-kernel32:MSection.obj
 0001:0000ca51       ?Unlock@MSectionLock@@QAEXXZ 1000da51 f   common-kernel32:MSection.obj
 0001:0000ca6e       ?WaitUnlocked@MSection@@IAEXKK@Z 1000da6e f   common-kernel32:MSection.obj
 0001:0000cac9       ??$sprintf_c@$0CI@@@YAHAAY0CI@DPBDZZ 1000dac9 f i common-kernel32:WThreads.obj
 0001:0000cadf       ?SetThreadName@@YAXKPAD@Z  1000dadf f   common-kernel32:WThreads.obj
 0001:0000cb38       ?apiCreateThread@@YAPAXP6GKPAX@Z0PAKPBDH@Z 1000db38 f   common-kernel32:WThreads.obj
 0001:0000cc30       ?apiTerminateThreadEx@@YAHPAXKPBDH@Z 1000dc30 f   common-kernel32:WThreads.obj
 0001:0000cd04       ?apiThreadHelper@@YGKPAX@Z 1000dd04 f   common-kernel32:WThreads.obj
 0001:0000ce90       ??$?0P6GHPAX@ZX@?$function@$$A6AXPAX@Z@std@@QAE@P6GHPAX@Z@Z 1000de90 f i common-kernel32:WObjects.obj
 0001:0000ceb0       ??$GetProcAddress@$$A6GHPAU_OSVERSIONINFOEXW@@K_K@Z@MModule@@QBE_NQBDAAP6GHPAU_OSVERSIONINFOEXW@@K_K@Z@Z 1000deb0 f i common-kernel32:WObjects.obj
 0001:0000ceed       ??0MHandle@@QAE@PAXV?$function@$$A6AXPAX@Z@std@@@Z 1000deed f i common-kernel32:WObjects.obj
 0001:0000cf17       ??0MWow64Disable@@QAE@XZ   1000df17 f i common-kernel32:WObjects.obj
 0001:0000cf5c       ??R?$_Func_class@XPAX@std@@QBEXPAX@Z 1000df5c f i common-kernel32:WObjects.obj
 0001:0000cf79       ?Close@MHandle@@QAEXXZ     1000df79 f i common-kernel32:WObjects.obj
 0001:0000cfa6       ?Disable@MWow64Disable@@QAEXXZ 1000dfa6 f i common-kernel32:WObjects.obj
 0001:0000cfc0       ?FileExists@@YA_NPB_WPA_K@Z 1000dfc0 f   common-kernel32:WObjects.obj
 0001:0000d1a8       ?IsWin7@@YA_NXZ            1000e1a8 f   common-kernel32:WObjects.obj
 0001:0000d1d6       ?IsWinVerOrHigher@@YA_NG@Z 1000e1d6 f   common-kernel32:WObjects.obj
 0001:0000d253       ?IsWindows64@@YA_NXZ       1000e253 f   common-kernel32:WObjects.obj
 0001:0000d2c3       ?MakeOsVersionEx@@YA?AU_OSVERSIONINFOEXW@@KK@Z 1000e2c3 f   common-kernel32:WObjects.obj
 0001:0000d2f4       ?Restore@MWow64Disable@@QAEXXZ 1000e2f4 f i common-kernel32:WObjects.obj
 0001:0000d30b       ?SetHandle@MHandle@@QAE_NPAXV?$function@$$A6AXPAX@Z@std@@@Z 1000e30b f i common-kernel32:WObjects.obj
 0001:0000d35f       ?_Copy@?$_Func_impl_no_alloc@P6GHPAX@ZXPAX@std@@EBEPAV?$_Func_base@XPAX@2@PAX@Z 1000e35f f i common-kernel32:WObjects.obj
 0001:0000d35f       ?_Move@?$_Func_impl_no_alloc@P6GHPAX@ZXPAX@std@@EAEPAV?$_Func_base@XPAX@2@PAX@Z 1000e35f f i common-kernel32:WObjects.obj
 0001:0000d375       ?_Do_call@?$_Func_impl_no_alloc@P6GHPAX@ZXPAX@std@@EAEX$$QAPAX@Z 1000e375 f i common-kernel32:WObjects.obj
 0001:0000d384       ?_Reset_move@?$_Func_class@XPAX@std@@IAEX$$QAV12@@Z 1000e384 f i common-kernel32:WObjects.obj
 0001:0000d3b8       ?_Target_type@?$_Func_impl_no_alloc@P6GHPAX@ZXPAX@std@@EBEABVtype_info@@XZ 1000e3b8 f i common-kernel32:WObjects.obj
 0001:0000d3be       ?_VerifyVersionInfo@@YA_NPAU_OSVERSIONINFOEXW@@K_K@Z 1000e3be f   common-kernel32:WObjects.obj
 0001:0000d438       ?PointToExt@@YAPB_WPB_W@Z  1000e438 f   common-kernel32:CmdLine.obj
 0001:0000d456       ?PointToName@@YAPB_WPB_W@Z 1000e456 f   common-kernel32:CmdLine.obj
 0001:0000d498       ?Unquote@@YAPB_WPA_W_N@Z   1000e498 f   common-kernel32:CmdLine.obj
 0001:0000d4e3       ?lstrdup@@YAPA_WPB_WI@Z    1000e4e3 f   common-kernel32:MStrDup.obj
 0001:0000d52f       ?lstrmerge@@YAPA_WPB_W00000000@Z 1000e52f f   common-kernel32:MStrDup.obj
 0001:0000d629       ??0MSectionLockSimple@@QAE@XZ 1000e629 f   common-kernel32:MSectionSimple.obj
 0001:0000d633       ??0MSectionSimple@@QAE@_N@Z 1000e633 f   common-kernel32:MSectionSimple.obj
 0001:0000d65d       ??1MSectionLockSimple@@QAE@XZ 1000e65d f   common-kernel32:MSectionSimple.obj
 0001:0000d668       ??1MSectionSimple@@QAE@XZ  1000e668 f   common-kernel32:MSectionSimple.obj
 0001:0000d66d       ?Close@MSectionSimple@@QAEXXZ 1000e66d f   common-kernel32:MSectionSimple.obj
 0001:0000d683       ?Enter@MSectionSimple@@QAEXXZ 1000e683 f   common-kernel32:MSectionSimple.obj
 0001:0000d68b       ?Init@MSectionSimple@@QAEXXZ 1000e68b f   common-kernel32:MSectionSimple.obj
 0001:0000d6a1       ?Leave@MSectionSimple@@QAEXXZ 1000e6a1 f   common-kernel32:MSectionSimple.obj
 0001:0000d6a9       ?Lock@MSectionLockSimple@@QAEHPAUMSectionSimple@@K@Z 1000e6a9 f   common-kernel32:MSectionSimple.obj
 0001:0000d70f       ?RecreateAndLock@MSectionSimple@@QAE_NXZ 1000e70f f   common-kernel32:MSectionSimple.obj
 0001:0000d756       ?TryEnter@MSectionSimple@@QAE_NXZ 1000e756 f   common-kernel32:MSectionSimple.obj
 0001:0000d775       ?Unlock@MSectionLockSimple@@QAEXXZ 1000e775 f   common-kernel32:MSectionSimple.obj
 0001:0000d791       ??0CEStr@@QAE@PB_W00000000@Z 1000e791 f   common-kernel32:CEStr.obj
 0001:0000d7d6       ??1CEStr@@QAE@XZ           1000e7d6 f   common-kernel32:CEStr.obj
 0001:0000d7db       ??4CEStr@@QAEAAU0@PB_W@Z   1000e7db f   common-kernel32:CEStr.obj
 0001:0000d7f7       ??BCEStr@@QBEPB_WXZ        1000e7f7 f   common-kernel32:CEStr.obj
 0001:0000d7fa       ?AttachInt@CEStr@@AAEPB_WAAPA_W@Z 1000e7fa f   common-kernel32:CEStr.obj
 0001:0000d861       ?GetBuffer@CEStr@@QAEPA_WH@Z 1000e861 f   common-kernel32:CEStr.obj
 0001:0000d8e0       ?GetLen@CEStr@@QBEHXZ      1000e8e0 f   common-kernel32:CEStr.obj
 0001:0000d90a       ?GetMaxCount@CEStr@@QAEHXZ 1000e90a f   common-kernel32:CEStr.obj
 0001:0000d926       ?Release@CEStr@@QAEXXZ     1000e926 f   common-kernel32:CEStr.obj
 0001:0000d93b       ?Set@CEStr@@QAEPB_WPB_WH@Z 1000e93b f   common-kernel32:CEStr.obj
 0001:0000da05       ?Clear@CEnvRestorer@@QAEXXZ 1000ea05 f   common-kernel32:EnvVar.obj
 0001:0000da1c       ?ExpandEnvStr@@YAPA_WPB_W@Z 1000ea1c f   common-kernel32:EnvVar.obj
 0001:0000da94       ?GetEnvVar@@YAPA_WPB_W@Z   1000ea94 f   common-kernel32:EnvVar.obj
 0001:0000db07       ?SavePathVar@CEnvRestorer@@QAEXPB_W@Z 1000eb07 f   common-kernel32:EnvVar.obj
 0001:0000db33       ??0MModule@@QAE@PAUHINSTANCE__@@@Z 1000eb33 f   common-kernel32:MModule.obj
 0001:0000db49       ??1MModule@@QAE@XZ         1000eb49 f   common-kernel32:MModule.obj
 0001:0000db4e       ?Free@MModule@@QAEXXZ      1000eb4e f   common-kernel32:MModule.obj
 0001:0000db79       ??0CRgnDetect@@QAE@XZ      1000eb79 f   common-user32:RgnDetect.obj
 0001:0000dc3a       ??1CRgnDetect@@QAE@XZ      1000ec3a f   common-user32:RgnDetect.obj
 0001:0000dcb5       ?DetectDialog@CRgnDetect@@IAE_NPA_WPAUtag_CharAttr@@HHHHPAH2@Z 1000ecb5 f   common-user32:RgnDetect.obj
 0001:0000df18       ?ExpandDialogFrame@CRgnDetect@@IAE_NPA_WPAUtag_CharAttr@@HHAAH2HH22@Z 1000ef18 f   common-user32:RgnDetect.obj
 0001:0000e21a       ?FindByBackground@CRgnDetect@@IAE_NPA_WPAUtag_CharAttr@@HHAAH222AA_N@Z 1000f21a f   common-user32:RgnDetect.obj
 0001:0000e31f       ?FindDialog_Any@CRgnDetect@@IAE_NPA_WPAUtag_CharAttr@@HHAAH222AA_N@Z 1000f31f f   common-user32:RgnDetect.obj
 0001:0000e52a       ?FindDialog_Inner@CRgnDetect@@IAE_NPA_WPAUtag_CharAttr@@HHAAH2@Z 1000f52a f   common-user32:RgnDetect.obj
 0001:0000e668       ?FindDialog_Left@CRgnDetect@@IAE_NPA_WPAUtag_CharAttr@@HHAAH222AA_N@Z 1000f668 f   common-user32:RgnDetect.obj
 0001:0000e7cc       ?FindDialog_Right@CRgnDetect@@IAE_NPA_WPAUtag_CharAttr@@HHAAH222AA_N@Z 1000f7cc f   common-user32:RgnDetect.obj
 0001:0000e890       ?FindDialog_TopLeft@CRgnDetect@@IAE_NPA_WPAUtag_CharAttr@@HHAAH222AA_N@Z 1000f890 f   common-user32:RgnDetect.obj
 0001:0000e917       ?FindDialog_TopRight@CRgnDetect@@IAE_NPA_WPAUtag_CharAttr@@HHAAH222AA_N@Z 1000f917 f   common-user32:RgnDetect.obj
 0001:0000e9aa       ?FindFrameBottom_ByLeft@CRgnDetect@@IAE_NPA_WPAUtag_CharAttr@@HHAAH22@Z 1000f9aa f   common-user32:RgnDetect.obj
 0001:0000ea4a       ?FindFrameBottom_ByRight@CRgnDetect@@IAE_NPA_WPAUtag_CharAttr@@HHABH2AAH@Z 1000fa4a f   common-user32:RgnDetect.obj
 0001:0000eb2a       ?FindFrameLeft_ByBottom@CRgnDetect@@IAE_NPA_WPAUtag_CharAttr@@HHAAH22@Z 1000fb2a f   common-user32:RgnDetect.obj
 0001:0000ebe1       ?FindFrameLeft_ByTop@CRgnDetect@@IAE_NPA_WPAUtag_CharAttr@@HHAAH22@Z 1000fbe1 f   common-user32:RgnDetect.obj
 0001:0000ed33       ?FindFrameRight_ByBottom@CRgnDetect@@IAE_NPA_WPAUtag_CharAttr@@HHAAH22@Z 1000fd33 f   common-user32:RgnDetect.obj
 0001:0000eded       ?FindFrameRight_ByTop@CRgnDetect@@IAE_NPA_WPAUtag_CharAttr@@HHAAH22@Z 1000fded f   common-user32:RgnDetect.obj
 0001:0000ef2a       ?FindFrameTop_ByLeft@CRgnDetect@@IAE_NPA_WPAUtag_CharAttr@@HHAAH22@Z 1000ff2a f   common-user32:RgnDetect.obj
 0001:0000efab       ?FindFrameTop_ByRight@CRgnDetect@@IAE_NPA_WPAUtag_CharAttr@@HHAAH22@Z 1000ffab f   common-user32:RgnDetect.obj
 0001:0000f059       ?FindFrame_TopLeft@CRgnDetect@@IAE_NPA_WPAUtag_CharAttr@@HHAAH222@Z 10010059 f   common-user32:RgnDetect.obj
 0001:0000f118       ?GetCharAttr@CRgnDetect@@QAEHHHAA_WAAUtag_CharAttr@@@Z 10010118 f   common-user32:RgnDetect.obj
 0001:0000f18a       ?GetDetectedDialogsPtr@CRgnDetect@@QBEPBUtag_DetectedDialog@@XZ 1001018a f   common-user32:RgnDetect.obj
 0001:0000f18e       ?GetFlags@CRgnDetect@@QBEKXZ 1001018e f   common-user32:RgnDetect.obj
 0001:0000f195       ?InitializeSBI@CRgnDetect@@QAEHABV?$array@K$0BA@@std@@@Z 10010195 f   common-user32:RgnDetect.obj
 0001:0000f50f       ?MarkDialog@CRgnDetect@@IAEHPA_WPAUtag_CharAttr@@HHHHHHI_NK@Z 1001050f f   common-user32:RgnDetect.obj
 0001:0000fcdb       ?OnWindowSizeChanged@CRgnDetect@@QAEXXZ 10010cdb f   common-user32:RgnDetect.obj
 0001:0000fce3       ?OnWriteConsoleOutput@CRgnDetect@@QAEXPBU_CHAR_INFO@@U_COORD@@1PAU_SMALL_RECT@@ABV?$array@K$0BA@@std@@@Z 10010ce3 f   common-user32:RgnDetect.obj
 0001:0000ff60       ?PrepareTransparent@CRgnDetect@@QAEXPBUCEFAR_INFO_MAPPING@@ABV?$array@K$0BA@@std@@PBU_CONSOLE_SCREEN_BUFFER_INFO@@PA_WPAUtag_CharAttr@@HH_N@Z 10010f60 f   common-user32:RgnDetect.obj
 0001:00010614       ?PrepareTransparent@CRgnDetect@@QAEXPBUCEFAR_INFO_MAPPING@@ABV?$array@K$0BA@@std@@_N@Z 10011614 f   common-user32:RgnDetect.obj
 0001:000106c0       ?SetFarRect@CRgnDetect@@QAEXPAU_SMALL_RECT@@@Z 100116c0 f   common-user32:RgnDetect.obj
 0001:0001074e       ?TextHeight@CRgnDetect@@QAEHXZ 1001174e f   common-user32:RgnDetect.obj
 0001:00010776       ?TextWidth@CRgnDetect@@QAEHXZ 10011776 f   common-user32:RgnDetect.obj
 0001:0001079e       _wmemcmp                   1001179e f i common-user32:RgnDetect.obj
 0001:000107d4       ?SearchAppPaths@@YA_NPB_WAAUCEStr@@_NPAVCEnvRestorer@@@Z 100117d4 f   common-user32:WFiles.obj
 0001:00010b32       ?apiShowWindow@@YA_NPAUHWND__@@H@Z 10011b32 f   common-user32:WUser.obj
 0001:00010b48       ??0bad_function_call@std@@QAE@ABV01@@Z 10011b48 f i libcpmt:xthrow.obj
 0001:00010b63       ??0bad_function_call@std@@QAE@XZ 10011b63 f i libcpmt:xthrow.obj
 0001:00010b74       ??0exception@std@@QAE@ABV01@@Z 10011b74 f i libcpmt:xthrow.obj
 0001:00010ba0       ??0exception@std@@QAE@QBD@Z 10011ba0 f i libcpmt:xthrow.obj
 0001:00010bd5       ??0length_error@std@@QAE@ABV01@@Z 10011bd5 f i libcpmt:xthrow.obj
 0001:00010bf0       ??0length_error@std@@QAE@PBD@Z 10011bf0 f i libcpmt:xthrow.obj
 0001:00010c0f       ??0logic_error@std@@QAE@ABV01@@Z 10011c0f f i libcpmt:xthrow.obj
 0001:00010c2a       ??1bad_exception@std@@UAE@XZ 10011c2a f i libvcruntime:frame.obj
 0001:00010c2a       ??1length_error@std@@UAE@XZ 10011c2a f i libcpmt:xthrow.obj
 0001:00010c2a       ??1bad_function_call@std@@UAE@XZ 10011c2a f i libcpmt:xthrow.obj
 0001:00010c3b       ??_Glength_error@std@@UAEPAXI@Z 10011c3b f i libcpmt:xthrow.obj
 0001:00010c3b       ??_Elogic_error@std@@UAEPAXI@Z 10011c3b f i libcpmt:xthrow.obj
 0001:00010c3b       ??_Ebad_exception@std@@UAEPAXI@Z 10011c3b f i libvcruntime:frame.obj
 0001:00010c3b       ??_Ebad_function_call@std@@UAEPAXI@Z 10011c3b f i libcpmt:xthrow.obj
 0001:00010c3b       ??_Glogic_error@std@@UAEPAXI@Z 10011c3b f i libcpmt:xthrow.obj
 0001:00010c3b       ??_Eexception@std@@UAEPAXI@Z 10011c3b f i libcpmt:xthrow.obj
 0001:00010c3b       ??_Gexception@std@@UAEPAXI@Z 10011c3b f i libcpmt:xthrow.obj
 0001:00010c3b       ??_Elength_error@std@@UAEPAXI@Z 10011c3b f i libcpmt:xthrow.obj
 0001:00010c3b       ??_Gbad_function_call@std@@UAEPAXI@Z 10011c3b f i libcpmt:xthrow.obj
 0001:00010c3b       ??_Gbad_exception@std@@UAEPAXI@Z 10011c3b f i libvcruntime:frame.obj
 0001:00010c68       ?_Xbad_function_call@std@@YAXXZ 10011c68 f   libcpmt:xthrow.obj
 0001:00010c85       ?_Xlength_error@std@@YAXPBD@Z 10011c85 f   libcpmt:xthrow.obj
 0001:00010ca5       ?what@bad_function_call@std@@UBEPBDXZ 10011ca5 f i libcpmt:xthrow.obj
 0001:00010cab       ?what@exception@std@@UBEPBDXZ 10011cab f i libcpmt:xthrow.obj
 0001:00010cb8       ??3@YAXPAXI@Z              10011cb8 f   LIBCMT:delete_scalar_size.obj
 0001:00010cc6       @__security_check_cookie@4 10011cc6 f   LIBCMT:secchk.obj
 0001:00010cd7       __EH_epilog3               10011cd7 f   LIBCMT:ehprolg3.obj
 0001:00010cec       __EH_epilog3_GS            10011cec f   LIBCMT:ehprolg3.obj
 0001:00010cfd       __EH_prolog3               10011cfd f   LIBCMT:ehprolg3.obj
 0001:00010d31       __EH_prolog3_GS            10011d31 f   LIBCMT:ehprolg3.obj
 0001:00010d68       __EH_prolog3_catch         10011d68 f   LIBCMT:ehprolg3.obj
 0001:00010da0       __SEH_prolog4              10011da0 f   LIBCMT:sehprolg4.obj
 0001:00010de6       __SEH_epilog4              10011de6 f   LIBCMT:sehprolg4.obj
 0001:00010e00       __alldiv                   10011e00 f   LIBCMT:lldiv.obj
 0001:00010eaa       ??_Gtype_info@@UAEPAXI@Z   10011eaa f i LIBCMT:std_type_info_static.obj
 0001:00010eaa       ??_Etype_info@@UAEPAXI@Z   10011eaa f i LIBCMT:std_type_info_static.obj
 0001:000111ef       __DllMainCRTStartup@12     100121ef f   LIBCMT:dll_dllmain.obj
 0001:00011212       ___raise_securityfailure   10012212 f   LIBCMT:gs_report.obj
 0001:0001123a       ___report_gsfailure        1001223a f   LIBCMT:gs_report.obj
 0001:00011380       ___security_init_cookie    10012380 f   LIBCMT:gs_support.obj
 0001:000113cb       ?__scrt_initialize_type_info@@YAXXZ 100123cb f   LIBCMT:tncleanup.obj
 0001:000113d7       ?__scrt_uninitialize_type_info@@YAXXZ 100123d7 f   LIBCMT:tncleanup.obj
 0001:000113e3       ___local_stdio_scanf_options 100123e3 f i LIBCMT:default_local_stdio_options.obj
 0001:000113e9       ___scrt_initialize_default_local_stdio_options 100123e9 f   LIBCMT:default_local_stdio_options.obj
 0001:0001144a       ___scrt_acquire_startup_lock 1001244a f   LIBCMT:utility.obj
 0001:0001147c       ___scrt_dllmain_after_initialize_c 1001247c f   LIBCMT:utility.obj
 0001:000114a7       ___scrt_dllmain_before_initialize_c 100124a7 f   LIBCMT:utility.obj
 0001:000114b5       ___scrt_dllmain_crt_thread_attach 100124b5 f   LIBCMT:utility.obj
 0001:000114d4       ___scrt_dllmain_crt_thread_detach 100124d4 f   LIBCMT:utility.obj
 0001:000114e1       ___scrt_dllmain_exception_filter 100124e1 f   LIBCMT:utility.obj
 0001:00011515       ___scrt_dllmain_uninitialize_c 10012515 f   LIBCMT:utility.obj
 0001:00011538       ___scrt_dllmain_uninitialize_critical 10012538 f   LIBCMT:utility.obj
 0001:00011545       ___scrt_initialize_crt     10012545 f   LIBCMT:utility.obj
 0001:0001157e       ___scrt_initialize_onexit_tables 1001257e f   LIBCMT:utility.obj
 0001:00011623       ___scrt_is_nonwritable_in_current_image 10012623 f   LIBCMT:utility.obj
 0001:000116b7       ___scrt_release_startup_lock 100126b7 f   LIBCMT:utility.obj
 0001:000116d4       ___scrt_uninitialize_crt   100126d4 f   LIBCMT:utility.obj
 0001:000116fc       ___scrt_get_dyn_tls_init_callback 100126fc f   LIBCMT:dyn_tls_init.obj
 0001:00011702       ___scrt_fastfail           10012702 f   LIBCMT:utility_desktop.obj
 0001:0001181c       __crt_debugger_hook        1001281c f   LIBCMT:utility_desktop.obj
 0001:00011824       __RTC_Initialize           10012824 f   LIBCMT:initsect.obj
 0001:00011850       __RTC_Terminate            10012850 f   LIBCMT:initsect.obj
 0001:0001187c       ___isa_available_init      1001287c f   LIBCMT:cpu_disp.obj
 0001:00011a13       __get_startup_argv_mode    10012a13 f   LIBCMT:argv_mode.obj
 0001:00011a17       ___scrt_is_ucrt_dll_in_use 10012a17 f   LIBCMT:ucrt_detection.obj
 0001:00011a23       _wcsrchr                   10012a23 f   libvcruntime:wcsrchr.obj
 0001:00011ac5       ?GetRangeOfTrysToCheck@__FrameHandler3@@SA?AU?$pair@Viterator@TryBlockMap@__FrameHandler3@@V123@@std@@AAVTryBlockMap@1@HH@Z 10012ac5 f   libvcruntime:trnsctrl.obj
 0001:00011b47       ?_CallCatchBlock2@@YAPAXPAUEHRegistrationNode@@PBU_s_FuncInfo@@PAXHK@Z 10012b47 f   libvcruntime:trnsctrl.obj
 0001:00011ba5       ?_CallSETranslator@@YAHPAUEHExceptionRecord@@PAUEHRegistrationNode@@PAX2PBU_s_FuncInfo@@H1@Z 10012ba5 f   libvcruntime:trnsctrl.obj
 0001:00011c80       ?_JumpToContinuation@@YGXPAXPAUEHRegistrationNode@@@Z 10012c80 f   libvcruntime:trnsctrl.obj
 0001:00011cb0       ?_UnwindNestedFrames@@YGXPAUEHRegistrationNode@@PAUEHExceptionRecord@@@Z 10012cb0 f   libvcruntime:trnsctrl.obj
 0001:00011d03       __CatchGuardHandler        10012d03 f   libvcruntime:trnsctrl.obj
 0001:00011d34       __CreateFrameInfo          10012d34 f   libvcruntime:trnsctrl.obj
 0001:00011d58       __FindAndUnlinkFrame       10012d58 f   libvcruntime:trnsctrl.obj
 0001:00011d9d       __TranslatorGuardHandler   10012d9d f   libvcruntime:trnsctrl.obj
 0001:00011e3a       ___CxxFrameHandler3        10012e3a f   libvcruntime:trnsctrl.obj
 0001:00011eb0       __except_handler4          10012eb0 f   libvcruntime:chandler4.obj
 0001:00012007       _memcmp                    10013007 f   libvcruntime:memcmp.obj
 0001:00012fb0       _memmove                   10013fb0 f   libvcruntime:memmove.obj
 0001:00013530       _memset                    10014530 f   libvcruntime:memset.obj
 0001:0001368a       _wcschr                    1001468a f   libvcruntime:wcschr.obj
 0001:00013751       __CxxThrowException@8      10014751 f   libvcruntime:throw.obj
 0001:000137c0       _strchr                    100147c0 f   libvcruntime:strchr.obj
 0001:0001382e       ___from_strstr_to_strchr   1001482e     libvcruntime:strchr.obj
 0001:000138f0       _strrchr                   100148f0 f   libvcruntime:strrchr.obj
 0001:00013a30       _memchr                    10014a30 f   libvcruntime:memchr.obj
 0001:00013add       ___std_exception_copy      10014add f   libvcruntime:std_exception.obj
 0001:00013b40       ___std_exception_destroy   10014b40 f   libvcruntime:std_exception.obj
 0001:00013b5f       ___std_type_info_compare   10014b5f f   libvcruntime:std_type_info.obj
 0001:00013b9b       ___std_type_info_destroy_list 10014b9b f   libvcruntime:std_type_info.obj
 0001:00013bbe       ___vcrt_initialize         10014bbe f   libvcruntime:initialization.obj
 0001:00013be7       ___vcrt_thread_attach      10014be7 f   libvcruntime:initialization.obj
 0001:00013bf2       ___vcrt_thread_detach      10014bf2 f   libvcruntime:initialization.obj
 0001:00013bfd       ___vcrt_uninitialize       10014bfd f   libvcruntime:initialization.obj
 0001:00013c1c       ___vcrt_uninitialize_critical 10014c1c f   libvcruntime:initialization.obj
 0001:00013c24       ___vcrt_freefls@4          10014c24 f   libvcruntime:per_thread_data.obj
 0001:00013c40       ___vcrt_freeptd            10014c40 f   libvcruntime:per_thread_data.obj
 0001:00013c76       ___vcrt_getptd             10014c76 f   libvcruntime:per_thread_data.obj
 0001:00013c84       ___vcrt_getptd_noexit      10014c84 f   libvcruntime:per_thread_data.obj
 0001:00013d16       ___vcrt_initialize_ptd     10014d16 f   libvcruntime:per_thread_data.obj
 0001:00013d49       ___vcrt_uninitialize_ptd   10014d49 f   libvcruntime:per_thread_data.obj
 0001:0001445b       ??$TypeMatchHelper@$$CBU_s_HandlerType@@@@YAHPBU_s_HandlerType@@PBU_s_CatchableType@@PBU_s_ThrowInfo@@@Z 1001545b f i libvcruntime:frame.obj
 0001:000144e9       ??$__InternalCxxFrameHandler@V__FrameHandler3@@@@YA?AW4_EXCEPTION_DISPOSITION@@PAUEHExceptionRecord@@PAUEHRegistrationNode@@PAU_CONTEXT@@PAXPBU_s_FuncInfo@@H1E@Z 100154e9 f i libvcruntime:frame.obj
 0001:000145eb       ??0bad_exception@std@@QAE@ABV01@@Z 100155eb f i libvcruntime:frame.obj
 0001:00014606       ??0bad_exception@std@@QAE@XZ 10015606 f i libvcruntime:frame.obj
 0001:0001461e       ??8type_info@@QBE_NABV0@@Z 1001561e f i libvcruntime:frame.obj
 0001:00014885       ?FrameUnwindToEmptyState@__FrameHandler3@@SAXPAUEHRegistrationNode@@PAXPBU_s_FuncInfo@@@Z 10015885 f   libvcruntime:frame.obj
 0001:0001489d       ?FrameUnwindToState@__FrameHandler3@@SAXPAUEHRegistrationNode@@PAXPBU_s_FuncInfo@@H@Z 1001589d f   libvcruntime:frame.obj
 0001:00014a1f       ?_CallMemberFunction1@@YGXQAX00@Z 10015a1f f i libvcruntime:frame.obj
 0001:00014a2f       ?_CallMemberFunction2@@YGXQAX00H@Z 10015a2f f i libvcruntime:frame.obj
 0001:00014a42       ?getESTypes@__FrameHandler3@@SAPBU_s_ESTypeList@@PBU_s_FuncInfo@@@Z 10015a42 f i libvcruntime:frame.obj
 0001:00014a50       __CallSettingFrame@12      10015a50 f   libvcruntime:lowhelpr.obj
 0001:00014a77       __NLG_Return               10015a77     libvcruntime:lowhelpr.obj
 0001:00014a9c       ___except_validate_context_record 10015a9c f   libvcruntime:jbcxrval.obj
 0001:00014acc       ___except_validate_jump_buffer 10015acc f   libvcruntime:jbcxrval.obj
 0001:00014b00       __local_unwind4            10015b00 f   libvcruntime:exsup4.obj
 0001:00014bd8       __seh_longjmp_unwind4@4    10015bd8 f   libvcruntime:exsup4.obj
 0001:00014c00       @_EH4_CallFilterFunc@8     10015c00 f   libvcruntime:exsup4.obj
 0001:00014c18       @_EH4_TransferToHandler@8  10015c18 f   libvcruntime:exsup4.obj
 0001:00014c34       @_EH4_GlobalUnwind2@8      10015c34 f   libvcruntime:exsup4.obj
 0001:00014c50       @_EH4_LocalUnwind@16       10015c50 f   libvcruntime:exsup4.obj
 0001:00014c67       ___vcrt_initialize_locks   10015c67 f   libvcruntime:locks.obj
 0001:00014ca3       ___vcrt_uninitialize_locks 10015ca3 f   libvcruntime:locks.obj
 0001:00014cd2       ??$__crt_fast_encode_pointer@PAX@@YAPAXQAX@Z 10015cd2 f i libvcruntime:winapi_downlevel.obj
 0001:00014e22       ___vcrt_FlsAlloc           10015e22 f   libvcruntime:winapi_downlevel.obj
 0001:00014e5d       ___vcrt_FlsFree            10015e5d f   libvcruntime:winapi_downlevel.obj
 0001:00014e98       ___vcrt_FlsGetValue        10015e98 f   libvcruntime:winapi_downlevel.obj
 0001:00014ed3       ___vcrt_FlsSetValue        10015ed3 f   libvcruntime:winapi_downlevel.obj
 0001:00014f11       ___vcrt_InitializeCriticalSectionEx 10015f11 f   libvcruntime:winapi_downlevel.obj
 0001:00014f58       ___vcrt_initialize_winapi_thunks 10015f58 f   libvcruntime:winapi_downlevel.obj
 0001:00014f81       ___vcrt_uninitialize_winapi_thunks 10015f81 f   libvcruntime:winapi_downlevel.obj
 0001:00014fb3       ___vcrt_initialize_pure_virtual_call_handler 10015fb3 f   libvcruntime:purevirt_data.obj
 0001:00014fbe       _unexpected                10015fbe f   libvcruntime:unexpected.obj
 0001:00014fdb       ?GetCurrentState@__FrameHandler3@@SAHPAUEHRegistrationNode@@PAXPBU_s_FuncInfo@@@Z 10015fdb f   libvcruntime:ehstate.obj
 0001:00014ff8       ?SetState@__FrameHandler3@@SAXPAUEHRegistrationNode@@PBU_s_FuncInfo@@H@Z 10015ff8 f   libvcruntime:ehstate.obj
 0001:00015006       ___DestructExceptionObject 10016006 f   libvcruntime:ehhelpers.obj
 0001:000150a6       ?_CallMemberFunction0@@YGXQAX0@Z 100160a6 f i libvcruntime:ehhelpers.obj
 0001:000150b3       __IsExceptionObjectToBeDestroyed 100160b3 f   libvcruntime:ehhelpers.obj
 0001:000150d9       ___AdjustPointer           100160d9 f   libvcruntime:ehhelpers.obj
 0001:000150fe       ___FrameUnwindFilter       100160fe f   libvcruntime:ehhelpers.obj
 0001:00015150       __global_unwind2           10016150 f   libvcruntime:exsup.obj
 0001:000151b6       __local_unwind2            100161b6 f   libvcruntime:exsup.obj
 0001:0001523a       __abnormal_termination     1001623a f   libvcruntime:exsup.obj
 0001:00015260       __NLG_Notify1              10016260 f   libvcruntime:exsup.obj
 0001:0001526c       __NLG_Notify               1001626c f   libvcruntime:exsup.obj
 0001:00015283       __NLG_Dispatch             10016283     libvcruntime:exsup.obj
 0001:00015283       __NLG_Dispatch2            10016283     libvcruntime:exsup.obj
 0001:0001528b       __NLG_Call                 1001628b f   libvcruntime:exsup.obj
 0001:0001528d       __NLG_Return2              1001628d     libvcruntime:exsup.obj
 0001:00015290       _memcpy                    10016290 f   libvcruntime:memcpy.obj
 0001:00015804       ?initialize@?$dual_state_global@PAPAD@__crt_state_management@@QAEXQAPAD@Z 10016804 f i libucrt:environment_initialization.obj
 0001:00015804       ?initialize@?$dual_state_global@P6AXH@Z@__crt_state_management@@QAEXQ6AXH@Z@Z 10016804 f i libucrt:signal.obj
 0001:00015804       ?initialize@?$dual_state_global@PAU__crt_locale_data@@@__crt_state_management@@QAEXQAU__crt_locale_data@@@Z 10016804 f i libucrt:initialization.obj
 0001:00015804       ?initialize@?$dual_state_global@P6AXPB_W00II@Z@__crt_state_management@@QAEXQ6AXPB_W00II@Z@Z 10016804 f i libucrt:invalid_parameter.obj
 0001:00015804       ?initialize@?$dual_state_global@P6AHI@Z@__crt_state_management@@QAEXQ6AHI@Z@Z 10016804 f i libucrt:new_handler.obj
 0001:00015804       ?initialize@?$dual_state_global@P6AHPAU_exception@@@Z@__crt_state_management@@QAEXQ6AHPAU_exception@@@Z@Z 10016804 f i libucrt:matherr.obj
 0001:00015835       ___acrt_call_reportfault   10016835 f   libucrt:invalid_parameter.obj
 0001:00015970       ___acrt_initialize_invalid_parameter_handler 10016970 f   libucrt:invalid_parameter.obj
 0001:00015984       __invalid_parameter        10016984 f   libucrt:invalid_parameter.obj
 0001:000159ff       __invalid_parameter_noinfo 100169ff f   libucrt:invalid_parameter.obj
 0001:00015a0f       __invoke_watson            10016a0f f   libucrt:invalid_parameter.obj
 0001:00015a42       ___acrt_errno_from_os_error 10016a42 f   libucrt:errno.obj
 0001:00015a85       ___acrt_errno_map_os_error 10016a85 f   libucrt:errno.obj
 0001:00015aa8       ___doserrno                10016aa8 f   libucrt:errno.obj
 0001:00015abb       __errno                    10016abb f   libucrt:errno.obj
 0001:00015dcf       ??$count@D@formatting_buffer@__crt_stdio_output@@QBEIXZ 10016dcf f i libucrt:output.obj
 0001:00015de7       ??$ensure_buffer_is_big_enough@D@formatting_buffer@__crt_stdio_output@@QAE_NI@Z 10016de7 f i libucrt:output.obj
 0001:00015e6d       ??$is_wide_character_specifier@D@__crt_stdio_output@@YA_N_KDW4length_modifier@0@@Z 10016e6d f i libucrt:output.obj
 0001:00015ead       ??$is_wide_character_specifier@_W@__crt_stdio_output@@YA_N_K_WW4length_modifier@0@@Z 10016ead f i libucrt:output.obj
 0001:00015efc       ??$scratch_data@D@formatting_buffer@__crt_stdio_output@@QAEPADXZ 10016efc f i libucrt:output.obj
 0001:00015f1a       ??$type_case_integer_parse_into_buffer@I@?$output_processor@_WV?$string_output_adapter@_W@__crt_stdio_output@@V?$standard_base@_WV?$string_output_adapter@_W@__crt_stdio_output@@@2@@__crt_stdio_output@@AAEXII_N@Z 10016f1a f i libucrt:output.obj
 0001:00015f1a       ??$type_case_integer_parse_into_buffer@I@?$output_processor@DV?$string_output_adapter@D@__crt_stdio_output@@V?$standard_base@DV?$string_output_adapter@D@__crt_stdio_output@@@2@@__crt_stdio_output@@AAEXII_N@Z 10016f1a f i libucrt:output.obj
 0001:00015f8f       ??$type_case_integer_parse_into_buffer@_K@?$output_processor@DV?$string_output_adapter@D@__crt_stdio_output@@V?$standard_base@DV?$string_output_adapter@D@__crt_stdio_output@@@2@@__crt_stdio_output@@AAEX_KI_N@Z 10016f8f f i libucrt:output.obj
 0001:00015f8f       ??$type_case_integer_parse_into_buffer@_K@?$output_processor@_WV?$string_output_adapter@_W@__crt_stdio_output@@V?$standard_base@_WV?$string_output_adapter@_W@__crt_stdio_output@@@2@@__crt_stdio_output@@AAEX_KI_N@Z 10016f8f f i libucrt:output.obj
 0001:00016017       ??$write_multiple_characters@V?$string_output_adapter@D@__crt_stdio_output@@D@__crt_stdio_output@@YAXABV?$string_output_adapter@D@0@DHQAH@Z 10017017 f i libucrt:output.obj
 0001:00016043       ??$write_multiple_characters@V?$string_output_adapter@_W@__crt_stdio_output@@D@__crt_stdio_output@@YAXABV?$string_output_adapter@_W@0@DHQAH@Z 10017043 f i libucrt:output.obj
 0001:00016074       ??0?$common_data@D@__crt_stdio_output@@IAE@XZ 10017074 f i libucrt:output.obj
 0001:000160bb       ??0?$common_data@_W@__crt_stdio_output@@IAE@XZ 100170bb f i libucrt:output.obj
 0001:00016107       ??0?$output_adapter_data@DV?$string_output_adapter@D@__crt_stdio_output@@@__crt_stdio_output@@IAE@ABV?$string_output_adapter@D@1@_KQBDQAU__crt_locale_pointers@@QAD@Z 10017107 f i libucrt:output.obj
 0001:00016143       ??0?$output_adapter_data@_WV?$string_output_adapter@_W@__crt_stdio_output@@@__crt_stdio_output@@IAE@ABV?$string_output_adapter@_W@1@_KQB_WQAU__crt_locale_pointers@@QAD@Z 10017143 f i libucrt:output.obj
 0001:0001617f       ??0?$output_processor@DV?$string_output_adapter@D@__crt_stdio_output@@V?$standard_base@DV?$string_output_adapter@D@__crt_stdio_output@@@2@@__crt_stdio_output@@QAE@ABV?$string_output_adapter@D@1@_KQBDQAU__crt_locale_pointers@@QAD@Z 1001717f f i libucrt:output.obj
 0001:000161b4       ??0?$output_processor@_WV?$string_output_adapter@_W@__crt_stdio_output@@V?$standard_base@_WV?$string_output_adapter@_W@__crt_stdio_output@@@2@@__crt_stdio_output@@QAE@ABV?$string_output_adapter@_W@1@_KQB_WQAU__crt_locale_pointers@@QAD@Z 100171b4 f i libucrt:output.obj
 0001:000161e9       ??0_LocaleUpdate@@QAE@QAU__crt_locale_pointers@@@Z 100171e9 f i libucrt:output.obj
 0001:0001626c       ??1formatting_buffer@__crt_stdio_output@@QAE@XZ 1001726c f i libucrt:output.obj
 0001:00016286       ??4?$__crt_unique_heap_ptr@DU__crt_internal_free_policy@@@@QAEAAV0@$$QAV0@@Z 10017286 f i libucrt:output.obj
 0001:000162aa       ?crop_zeroes@__crt_stdio_output@@YAXPADQAU__crt_locale_pointers@@@Z 100172aa f i libucrt:output.obj
 0001:00016301       ?find_next_state@?$output_processor@DV?$string_output_adapter@D@__crt_stdio_output@@V?$standard_base@DV?$string_output_adapter@D@__crt_stdio_output@@@2@@__crt_stdio_output@@ABE?AW4state@2@DW432@@Z 10017301 f i libucrt:output.obj
 0001:00016333       ?find_next_state@?$output_processor@_WV?$string_output_adapter@_W@__crt_stdio_output@@V?$standard_base@_WV?$string_output_adapter@_W@__crt_stdio_output@@@2@@__crt_stdio_output@@ABE?AW4state@2@_WW432@@Z 10017333 f i libucrt:output.obj
 0001:00016367       ?force_decimal_point@__crt_stdio_output@@YAXPADQAU__crt_locale_pointers@@@Z 10017367 f i libucrt:output.obj
 0001:000163c3       ?parse_int_from_format_string@?$output_processor@DV?$string_output_adapter@D@__crt_stdio_output@@V?$standard_base@DV?$string_output_adapter@D@__crt_stdio_output@@@2@@__crt_stdio_output@@AAE_NQAH@Z 100173c3 f i libucrt:output.obj
 0001:0001641f       ?parse_int_from_format_string@?$output_processor@_WV?$string_output_adapter@_W@__crt_stdio_output@@V?$standard_base@_WV?$string_output_adapter@_W@__crt_stdio_output@@@2@@__crt_stdio_output@@AAE_NQAH@Z 1001741f f i libucrt:output.obj
 0001:0001647d       ?process@?$output_processor@DV?$string_output_adapter@D@__crt_stdio_output@@V?$standard_base@DV?$string_output_adapter@D@__crt_stdio_output@@@2@@__crt_stdio_output@@QAEHXZ 1001747d f i libucrt:output.obj
 0001:00016599       ?process@?$output_processor@_WV?$string_output_adapter@_W@__crt_stdio_output@@V?$standard_base@_WV?$string_output_adapter@_W@__crt_stdio_output@@@2@@__crt_stdio_output@@QAEHXZ 10017599 f i libucrt:output.obj
 0001:000166b9       ?state_case_flag@?$output_processor@DV?$string_output_adapter@D@__crt_stdio_output@@V?$standard_base@DV?$string_output_adapter@D@__crt_stdio_output@@@2@@__crt_stdio_output@@AAE_NXZ 100176b9 f i libucrt:output.obj
 0001:000166f6       ?state_case_flag@?$output_processor@_WV?$string_output_adapter@_W@__crt_stdio_output@@V?$standard_base@_WV?$string_output_adapter@_W@__crt_stdio_output@@@2@@__crt_stdio_output@@AAE_NXZ 100176f6 f i libucrt:output.obj
 0001:00016733       ?state_case_normal@?$output_processor@DV?$string_output_adapter@D@__crt_stdio_output@@V?$standard_base@DV?$string_output_adapter@D@__crt_stdio_output@@@2@@__crt_stdio_output@@AAE_NXZ 10017733 f i libucrt:output.obj
 0001:00016752       ?state_case_normal@?$output_processor@_WV?$string_output_adapter@_W@__crt_stdio_output@@V?$standard_base@_WV?$string_output_adapter@_W@__crt_stdio_output@@@2@@__crt_stdio_output@@AAE_NXZ 10017752 f i libucrt:output.obj
 0001:00016771       ?state_case_normal_common@?$output_processor@DV?$string_output_adapter@D@__crt_stdio_output@@V?$standard_base@DV?$string_output_adapter@D@__crt_stdio_output@@@2@@__crt_stdio_output@@AAE_NXZ 10017771 f i libucrt:output.obj
 0001:0001679b       ?state_case_normal_common@?$output_processor@_WV?$string_output_adapter@_W@__crt_stdio_output@@V?$standard_base@_WV?$string_output_adapter@_W@__crt_stdio_output@@@2@@__crt_stdio_output@@AAE_NXZ 1001779b f i libucrt:output.obj
 0001:000167b6       ?state_case_normal_tchar@?$output_processor@DV?$string_output_adapter@D@__crt_stdio_output@@V?$standard_base@DV?$string_output_adapter@D@__crt_stdio_output@@@2@@__crt_stdio_output@@AAE_ND@Z 100177b6 f i libucrt:output.obj
 0001:00016817       ?state_case_precision@?$output_processor@DV?$string_output_adapter@D@__crt_stdio_output@@V?$standard_base@DV?$string_output_adapter@D@__crt_stdio_output@@@2@@__crt_stdio_output@@AAE_NXZ 10017817 f i libucrt:output.obj
 0001:0001683f       ?state_case_precision@?$output_processor@_WV?$string_output_adapter@_W@__crt_stdio_output@@V?$standard_base@_WV?$string_output_adapter@_W@__crt_stdio_output@@@2@@__crt_stdio_output@@AAE_NXZ 1001783f f i libucrt:output.obj
 0001:00016868       ?state_case_size@?$output_processor@DV?$string_output_adapter@D@__crt_stdio_output@@V?$standard_base@DV?$string_output_adapter@D@__crt_stdio_output@@@2@@__crt_stdio_output@@AAE_NXZ 10017868 f i libucrt:output.obj
 0001:000169d1       ?state_case_size@?$output_processor@_WV?$string_output_adapter@_W@__crt_stdio_output@@V?$standard_base@_WV?$string_output_adapter@_W@__crt_stdio_output@@@2@@__crt_stdio_output@@AAE_NXZ 100179d1 f i libucrt:output.obj
 0001:00016b4d       ?state_case_type@?$output_processor@DV?$string_output_adapter@D@__crt_stdio_output@@V?$standard_base@DV?$string_output_adapter@D@__crt_stdio_output@@@2@@__crt_stdio_output@@AAE_NXZ 10017b4d f i libucrt:output.obj
 0001:00016d7c       ?state_case_type@?$output_processor@_WV?$string_output_adapter@_W@__crt_stdio_output@@V?$standard_base@_WV?$string_output_adapter@_W@__crt_stdio_output@@@2@@__crt_stdio_output@@AAE_NXZ 10017d7c f i libucrt:output.obj
 0001:00016fd9       ?state_case_width@?$output_processor@DV?$string_output_adapter@D@__crt_stdio_output@@V?$standard_base@DV?$string_output_adapter@D@__crt_stdio_output@@@2@@__crt_stdio_output@@AAE_NXZ 10017fd9 f i libucrt:output.obj
 0001:00017004       ?state_case_width@?$output_processor@_WV?$string_output_adapter@_W@__crt_stdio_output@@V?$standard_base@_WV?$string_output_adapter@_W@__crt_stdio_output@@@2@@__crt_stdio_output@@AAE_NXZ 10018004 f i libucrt:output.obj
 0001:00017030       ?to_integer_size@__crt_stdio_output@@YAIW4length_modifier@1@@Z 10018030 f i libucrt:output.obj
 0001:0001708c       ?type_case_Z@?$output_processor@DV?$string_output_adapter@D@__crt_stdio_output@@V?$standard_base@DV?$string_output_adapter@D@__crt_stdio_output@@@2@@__crt_stdio_output@@AAE_NXZ 1001808c f i libucrt:output.obj
 0001:000170ef       ?type_case_Z@?$output_processor@_WV?$string_output_adapter@_W@__crt_stdio_output@@V?$standard_base@_WV?$string_output_adapter@_W@__crt_stdio_output@@@2@@__crt_stdio_output@@AAE_NXZ 100180ef f i libucrt:output.obj
 0001:00017152       ?type_case_a@?$output_processor@DV?$string_output_adapter@D@__crt_stdio_output@@V?$standard_base@DV?$string_output_adapter@D@__crt_stdio_output@@@2@@__crt_stdio_output@@AAE_NXZ 10018152 f i libucrt:output.obj
 0001:000172ac       ?type_case_a@?$output_processor@_WV?$string_output_adapter@_W@__crt_stdio_output@@V?$standard_base@_WV?$string_output_adapter@_W@__crt_stdio_output@@@2@@__crt_stdio_output@@AAE_NXZ 100182ac f i libucrt:output.obj
 0001:0001741e       ?type_case_c_tchar@?$output_processor@DV?$string_output_adapter@D@__crt_stdio_output@@V?$standard_base@DV?$string_output_adapter@D@__crt_stdio_output@@@2@@__crt_stdio_output@@AAE_ND@Z 1001841e f i libucrt:output.obj
 0001:000174ae       ?type_case_c_tchar@?$output_processor@_WV?$string_output_adapter@_W@__crt_stdio_output@@V?$standard_base@_WV?$string_output_adapter@_W@__crt_stdio_output@@@2@@__crt_stdio_output@@AAE_N_W@Z 100184ae f i libucrt:output.obj
 0001:00017546       ?type_case_integer@?$output_processor@_WV?$string_output_adapter@_W@__crt_stdio_output@@V?$standard_base@_WV?$string_output_adapter@_W@__crt_stdio_output@@@2@@__crt_stdio_output@@AAE_NI_N@Z 10018546 f i libucrt:output.obj
 0001:00017546       ?type_case_integer@?$output_processor@DV?$string_output_adapter@D@__crt_stdio_output@@V?$standard_base@DV?$string_output_adapter@D@__crt_stdio_output@@@2@@__crt_stdio_output@@AAE_NI_N@Z 10018546 f i libucrt:output.obj
 0001:00017690       ?type_case_n@?$output_processor@DV?$string_output_adapter@D@__crt_stdio_output@@V?$standard_base@DV?$string_output_adapter@D@__crt_stdio_output@@@2@@__crt_stdio_output@@AAE_NXZ 10018690 f i libucrt:output.obj
 0001:00017690       ?type_case_n@?$output_processor@_WV?$string_output_adapter@_W@__crt_stdio_output@@V?$standard_base@_WV?$string_output_adapter@_W@__crt_stdio_output@@@2@@__crt_stdio_output@@AAE_NXZ 10018690 f i libucrt:output.obj
 0001:00017704       ?type_case_o@?$output_processor@DV?$string_output_adapter@D@__crt_stdio_output@@V?$standard_base@DV?$string_output_adapter@D@__crt_stdio_output@@@2@@__crt_stdio_output@@AAE_NXZ 10018704 f i libucrt:output.obj
 0001:00017704       ?type_case_o@?$output_processor@_WV?$string_output_adapter@_W@__crt_stdio_output@@V?$standard_base@_WV?$string_output_adapter@_W@__crt_stdio_output@@@2@@__crt_stdio_output@@AAE_NXZ 10018704 f i libucrt:output.obj
 0001:00017723       ?type_case_p@?$output_processor@_WV?$string_output_adapter@_W@__crt_stdio_output@@V?$standard_base@_WV?$string_output_adapter@_W@__crt_stdio_output@@@2@@__crt_stdio_output@@AAE_NXZ 10018723 f i libucrt:output.obj
 0001:00017723       ?type_case_p@?$output_processor@DV?$string_output_adapter@D@__crt_stdio_output@@V?$standard_base@DV?$string_output_adapter@D@__crt_stdio_output@@@2@@__crt_stdio_output@@AAE_NXZ 10018723 f i libucrt:output.obj
 0001:0001773b       ?type_case_s@?$output_processor@DV?$string_output_adapter@D@__crt_stdio_output@@V?$standard_base@DV?$string_output_adapter@D@__crt_stdio_output@@@2@@__crt_stdio_output@@AAE_NXZ 1001873b f i libucrt:output.obj
 0001:000177ae       ?type_case_s@?$output_processor@_WV?$string_output_adapter@_W@__crt_stdio_output@@V?$standard_base@_WV?$string_output_adapter@_W@__crt_stdio_output@@@2@@__crt_stdio_output@@AAE_NXZ 100187ae f i libucrt:output.obj
 0001:00017822       ?type_case_s_compute_narrow_string_length@?$output_processor@_WV?$string_output_adapter@_W@__crt_stdio_output@@V?$standard_base@_WV?$string_output_adapter@_W@__crt_stdio_output@@@2@@__crt_stdio_output@@ABEHH_W@Z 10018822 f i libucrt:output.obj
 0001:00017862       ?validate@?$string_output_adapter@_W@__crt_stdio_output@@QBE_NXZ 10018862 f i libucrt:output.obj
 0001:00017862       ?validate@?$c_string_character_source@D@__crt_strtox@@QBE_NXZ 10018862 f i libucrt:strtox.obj
 0001:00017862       ?validate@?$c_string_character_source@_W@__crt_strtox@@QBE_NXZ 10018862 f i libucrt:strtox.obj
 0001:00017862       ?validate@?$string_output_adapter@D@__crt_stdio_output@@QBE_NXZ 10018862 f i libucrt:output.obj
 0001:0001787d       ?write_character@?$string_output_adapter@D@__crt_stdio_output@@QBE_NDQAH@Z 1001887d f i libucrt:output.obj
 0001:000178bf       ?write_character@?$string_output_adapter@_W@__crt_stdio_output@@QBE_N_WQAH@Z 100188bf f i libucrt:output.obj
 0001:00017904       ?write_stored_string_tchar@?$output_processor@DV?$string_output_adapter@D@__crt_stdio_output@@V?$standard_base@DV?$string_output_adapter@D@__crt_stdio_output@@@2@@__crt_stdio_output@@AAE_ND@Z 10018904 f i libucrt:output.obj
 0001:000179ab       ?write_stored_string_tchar@?$output_processor@_WV?$string_output_adapter@_W@__crt_stdio_output@@V?$standard_base@_WV?$string_output_adapter@_W@__crt_stdio_output@@@2@@__crt_stdio_output@@AAE_N_W@Z 100189ab f i libucrt:output.obj
 0001:00017a36       ?write_string@?$string_output_adapter@D@__crt_stdio_output@@QBEXQBDHQAH1@Z 10018a36 f i libucrt:output.obj
 0001:00017ac9       ?write_string@?$string_output_adapter@_W@__crt_stdio_output@@QBEXQB_WHQAH1@Z 10018ac9 f i libucrt:output.obj
 0001:00017b63       ___stdio_common_vsprintf   10018b63 f   libucrt:output.obj
 0001:00017b87       ___stdio_common_vswprintf  10018b87 f   libucrt:output.obj
 0001:00017bab       _wcsncmp                   10018bab f   libucrt:wcsncmp.obj
 0001:00017be5       ??$is_overflow_condition@K@__crt_strtox@@YA_NIK@Z 10018be5 f i libucrt:strtox.obj
 0001:00017c18       ??$make_c_string_character_source@_WPAPA_W@__crt_strtox@@YA?AV?$c_string_character_source@_W@0@QB_WQAPA_W@Z 10018c18 f i libucrt:strtox.obj
 0001:00017c18       ??$make_c_string_character_source@DPAPAD@__crt_strtox@@YA?AV?$c_string_character_source@D@0@QBDQAPAD@Z 10018c18 f i libucrt:strtox.obj
 0001:00017c33       ??$parse_integer@KV?$c_string_character_source@D@__crt_strtox@@@__crt_strtox@@YAKQAU__crt_locale_pointers@@V?$c_string_character_source@D@0@H_N@Z 10018c33 f i libucrt:strtox.obj
 0001:00017e5b       ??$parse_integer@KV?$c_string_character_source@_W@__crt_strtox@@@__crt_strtox@@YAKQAU__crt_locale_pointers@@V?$c_string_character_source@_W@0@H_N@Z 10018e5b f i libucrt:strtox.obj
 0001:00018540       ?unget@?$c_string_character_source@D@__crt_strtox@@QAEXD@Z 10019540 f i libucrt:strtox.obj
 0001:00018568       ?unget@?$c_string_character_source@_W@__crt_strtox@@QAEX_W@Z 10019568 f i libucrt:strtox.obj
 0001:00018594       __chvalidchk_l             10019594 f i libucrt:strtox.obj
 0001:000185be       __ischartype_l             100195be f i libucrt:strtox.obj
 0001:000185f1       _strtol                    100195f1 f   libucrt:strtox.obj
 0001:0001861d       _wcstol                    1001961d f   libucrt:strtox.obj
 0001:00018649       _wcspbrk                   10019649 f   libucrt:wcspbrk.obj
 0001:0001868e       __initterm                 1001968e f   libucrt:initterm.obj
 0001:000186ea       __initterm_e               100196ea f   libucrt:initterm.obj
 0001:0001872f       __seh_filter_dll           1001972f f   libucrt:exception_filter.obj
 0001:0001874f       __seh_filter_exe           1001974f f   libucrt:exception_filter.obj
 0001:00018add       ___acrt_initialize_thread_local_exit_callback 10019add f   libucrt:exit.obj
 0001:00018aec       __cexit                    10019aec f   libucrt:exit.obj
 0001:00018afb       __exit                     10019afb f   libucrt:exit.obj
 0001:00018b11       __is_c_termination_complete 10019b11 f   libucrt:exit.obj
 0001:00018db0       ___acrt_allocate_buffer_for_argv 10019db0 f   libucrt:argv_parsing.obj
 0001:00018e05       __configure_narrow_argv    10019e05 f   libucrt:argv_parsing.obj
 0001:00018f69       ??$uninitialize@A6AXAAPAPA_W@Z@?$dual_state_global@PAPA_W@__crt_state_management@@QAEXA6AXAAPAPA_W@Z@Z 10019f69 f i libucrt:environment_initialization.obj
 0001:00018f69       ??$uninitialize@A6AXAAPAPAD@Z@?$dual_state_global@PAPAD@__crt_state_management@@QAEXA6AXAAPAPAD@Z@Z 10019f69 f i libucrt:environment_initialization.obj
 0001:00018fe0       ___dcrt_uninitialize_environments_nolock 10019fe0 f   libucrt:environment_initialization.obj
 0001:00019017       __initialize_narrow_environment 1001a017 f   libucrt:environment_initialization.obj
[...]
 0002:00006260       place_L                    1002b260     libucrt:log10_pentium4.obj
 0002:00006280       One                        1002b280     libucrt:log10_pentium4.obj
 0002:00006290       Zero                       1002b290     libucrt:log10_pentium4.obj
 0002:000062a0       Two52                      1002b2a0     libucrt:log10_pentium4.obj
 0002:000062b0       Infs                       1002b2b0     libucrt:log10_pentium4.obj
 0002:000062c0       NaN                        1002b2c0     libucrt:log10_pentium4.obj
 0002:000062d0       coeff                      1002b2d0     libucrt:log10_pentium4.obj
 0002:0000632e       _log2max                   1002b32e     libucrt:87tran.obj
 0002:00006338       _smallarg                  1002b338     libucrt:87tran.obj
 0002:00006342       _half                      1002b342     libucrt:87tran.obj
 0002:0000638e       One                        1002b38e     libucrt:87disp.obj
 0002:00006396       Three                      1002b396     libucrt:87disp.obj
 0002:0000639e       XAMtoTagTab                1002b39e     libucrt:87disp.obj
 0002:000063b0       One                        1002b3b0     libucrt:common.obj
 0002:000063c4       DblMax                     1002b3c4     libucrt:common.obj
 0002:000063cc       DblMin                     1002b3cc     libucrt:common.obj
 0002:000063d4       IeeeAdjO                   1002b3d4     libucrt:common.obj
 0002:000063dc       IeeeAdjU                   1002b3dc     libucrt:common.obj
 0002:000063e4       _infinity                  1002b3e4     libucrt:common.obj
 0002:000063ec       _zero                      1002b3ec     libucrt:common.obj
 0002:00006428       _over                      1002b428     libucrt:fpctrl.obj
 0002:00006434       _under                     1002b434     libucrt:fpctrl.obj
 0002:00006cf8       ?_names@?1??_get_fname@@9@9 1002bcf8     libucrt:fpexcept.obj
 0002:00007720       __unwindtable$?LoadThSet@@YAHK@Z 1002c720     ConEmuTh.obj
 0002:00007728       __ehfuncinfo$?LoadThSet@@YAHK@Z 1002c728     ConEmuTh.obj
 0002:0000774c       __unwindtable$?StartPlugin@@YAXH@Z 1002c74c     ConEmuTh.obj
 0002:00007754       __ehfuncinfo$?StartPlugin@@YAXH@Z 1002c754     ConEmuTh.obj
 0002:00007778       __unwindtable$?CheckVarsInitialized@@YAXXZ 1002c778     ConEmuTh.obj
 0002:00007790       __ehfuncinfo$?CheckVarsInitialized@@YAXXZ 1002c790     ConEmuTh.obj
 0002:000077b8       __sehtable$?SetFrom@?$MFileMapping@Utag_DetectedDialog@@@@QAE_NPBUtag_DetectedDialog@@H@Z 1002c7b8     ConEmuTh.obj
 0002:000077d8       __sehtable$?GetTo@?$MFileMapping@UPanelViewSetMapping@@@@QAE_NPAUPanelViewSetMapping@@H@Z 1002c7d8     ConEmuTh.obj
 0002:000077f4       __unwindtable$?ReallocItems@CeFullPanelInfo@@QAEHH@Z 1002c7f4     Display.obj
 0002:000077fc       __ehfuncinfo$?ReallocItems@CeFullPanelInfo@@QAEHH@Z 1002c7fc     Display.obj
 0002:00007820       __unwindtable$?Paint@CeFullPanelInfo@@QAEXPAUHWND__@@AAUtagPAINTSTRUCT@@AAUtagRECT@@@Z 1002c820     Display.obj
 0002:00007828       __ehfuncinfo$?Paint@CeFullPanelInfo@@QAEXPAUHWND__@@AAUtagPAINTSTRUCT@@AAUtagRECT@@@Z 1002c828     Display.obj
 0002:0000784c       __ehfuncinfo$??1CImgCache@@QAE@XZ 1002c84c     ImgCache.obj
 0002:0000784c       __ehfuncinfo$??1?$CQueueProcessor@PAUIMAGE_CACHE_INFO@@@@UAE@XZ 1002c84c     ImgCache.obj
 0002:0000784c       __ehfuncinfo$??1CRgnDetect@@QAE@XZ 1002c84c     common-user32:RgnDetect.obj
 0002:00007870       __unwindtable$?RequestItem@CImgCache@@QAEHPAUCePluginPanelItem@@I@Z 1002c870     ImgCache.obj
 0002:00007878       __ehfuncinfo$?RequestItem@CImgCache@@QAEHPAUCePluginPanelItem@@I@Z 1002c878     ImgCache.obj
 0002:0000789c       __unwindtable$?FindOrCreate@?$CQueueProcessor@PAUIMAGE_CACHE_INFO@@@@AAEPAUProcessingItem@1@ABQAUIMAGE_CACHE_INFO@@J_NW4ProcessingPriority@@@Z 1002c89c     ImgCache.obj
 0002:000078a4       __ehfuncinfo$?FindOrCreate@?$CQueueProcessor@PAUIMAGE_CACHE_INFO@@@@AAEPAUProcessingItem@1@ABQAUIMAGE_CACHE_INFO@@J_NW4ProcessingPriority@@@Z 1002c8a4     ImgCache.obj
 0002:000078c8       __unwindtable$??0?$CQueueProcessor@PAUIMAGE_CACHE_INFO@@@@QAE@XZ 1002c8c8     ImgCache.obj
 0002:000078d0       __ehfuncinfo$??0?$CQueueProcessor@PAUIMAGE_CACHE_INFO@@@@QAE@XZ 1002c8d0     ImgCache.obj
 0002:000078f8       __sehtable$?ProcessItem@?$CQueueProcessor@PAUIMAGE_CACHE_INFO@@@@IAEJPAUProcessingItem@1@@Z 1002c8f8     ImgCache.obj
 0002:00007914       __unwindtable$?ProcessingStep@?$CQueueProcessor@PAUIMAGE_CACHE_INFO@@@@IAE_NXZ 1002c914     ImgCache.obj
 0002:0000791c       __ehfuncinfo$?ProcessingStep@?$CQueueProcessor@PAUIMAGE_CACHE_INFO@@@@IAE_NXZ 1002c91c     ImgCache.obj
 0002:00007998       __sehtable$?SetThreadName@@YAXKPAD@Z 1002c998     common-kernel32:WThreads.obj
 0002:000079b4       __unwindtable$?SearchAppPaths@@YA_NPB_WAAUCEStr@@_NPAVCEnvRestorer@@@Z 1002c9b4     common-user32:WFiles.obj
 0002:000079bc       __ehfuncinfo$?SearchAppPaths@@YA_NPB_WAAUCEStr@@_NPAVCEnvRestorer@@@Z 1002c9bc     common-user32:WFiles.obj
 0002:00007a90       __sehtable$?dllmain_crt_process_attach@@YAHQAUHINSTANCE__@@QAX@Z 1002ca90     LIBCMT:dll_dllmain.obj
 0002:00007ab0       __sehtable$?dllmain_crt_process_detach@@YAH_N@Z 1002cab0     LIBCMT:dll_dllmain.obj
 0002:00007ad0       __sehtable$?dllmain_dispatch@@YAHQAUHINSTANCE__@@KQAX@Z 1002cad0     LIBCMT:dll_dllmain.obj
 0002:00007af0       __sehtable$___scrt_is_nonwritable_in_current_image 1002caf0     LIBCMT:utility.obj
 0002:00007b10       __sehtable$?FrameUnwindToState@__FrameHandler3@@SAXPAUEHRegistrationNode@@PAXPBU_s_FuncInfo@@H@Z 1002cb10     libvcruntime:frame.obj
 0002:00007b38       __sehtable$?CallCatchBlock@@YAPAXPAUEHExceptionRecord@@PAUEHRegistrationNode@@PAU_CONTEXT@@PBU_s_FuncInfo@@PAXHK@Z 1002cb38     libvcruntime:frame.obj
 0002:00007b60       __catchsym$?CallUnexpected@@YAXPBU_s_ESTypeList@@@Z$2 1002cb60     libvcruntime:frame.obj
 0002:00007b70       __unwindtable$?CallUnexpected@@YAXPBU_s_ESTypeList@@@Z 1002cb70     libvcruntime:frame.obj
 0002:00007b80       __tryblocktable$?CallUnexpected@@YAXPBU_s_ESTypeList@@@Z 1002cb80     libvcruntime:frame.obj
 0002:00007b94       __ehfuncinfo$?CallUnexpected@@YAXPBU_s_ESTypeList@@@Z 1002cb94     libvcruntime:frame.obj
 0002:00007bb8       __sehtable$??$BuildCatchObjectHelperInternal@$$CBU_s_HandlerType@@@@YAHPAUEHExceptionRecord@@PAXPBU_s_HandlerType@@PBU_s_CatchableType@@@Z 1002cbb8     libvcruntime:frame.obj
 0002:00007bd8       __sehtable$??$BuildCatchObjectInternal@$$CBU_s_HandlerType@@@@YAXPAUEHExceptionRecord@@PAXPBU_s_HandlerType@@PBU_s_CatchableType@@@Z 1002cbd8     libvcruntime:frame.obj
 0002:00007c30       __sehtable$___DestructExceptionObject 1002cc30     libvcruntime:ehhelpers.obj
 0002:00007c50       __sehtable$?common_exit@@YAXHW4_crt_exit_cleanup_mode@@W4_crt_exit_return_mode@@@Z 1002cc50     libucrt:exit.obj
 0002:00007c78       __sehtable$??$?RV<lambda_995298e7d72eb4c2aab26c0585b3abe5>@@AAV<lambda_275893d493268fdec8709772e3fcec0e>@@V<lambda_293819299cbf9a7022e18b56a874bb5c>@@@?$__crt_seh_guarded_call@H@@QAEH$$QAV<lambda_995298e7d72eb4c2aab26c0585b3abe5>@@AAV<lambda_275893d493268fdec8709772e3fcec0e>@@$$QAV<lambda_293819299cbf9a7022e18b56a874bb5c>@@@Z 1002cc78     libucrt:onexit.obj
 0002:00007c98       __sehtable$_terminate      1002cc98     libucrt:terminate.obj
 0002:00007cb8       __sehtable$??$?RV<lambda_9df27f884b057bc3edfc946cb5b7cf47>@@AAV<lambda_e69574bed617af4e071282c136b37893>@@V<lambda_cc0d902bcbbeb830f749456577db4721>@@@?$__crt_seh_guarded_call@X@@QAEX$$QAV<lambda_9df27f884b057bc3edfc946cb5b7cf47>@@AAV<lambda_e69574bed617af4e071282c136b37893>@@$$QAV<lambda_cc0d902bcbbeb830f749456577db4721>@@@Z 1002ccb8     libucrt:per_thread_data.obj
 0002:00007cd8       __sehtable$??$?RV<lambda_3518db117f0e7cdb002338c5d3c47b6c>@@AAV<lambda_b2ea41f6bbb362cd97d94c6828d90b61>@@V<lambda_abdedf541bb04549bc734292b4a045d4>@@@?$__crt_seh_guarded_call@X@@QAEX$$QAV<lambda_3518db117f0e7cdb002338c5d3c47b6c>@@AAV<lambda_b2ea41f6bbb362cd97d94c6828d90b61>@@$$QAV<lambda_abdedf541bb04549bc734292b4a045d4>@@@Z 1002ccd8     libucrt:per_thread_data.obj
 0002:00007cf8       __sehtable$??$?RV<lambda_51b6e8b1eb166f2a3faf91f424b38130>@@AAV<lambda_6250bd4b2a391816dd638c3bf72b0bcb>@@V<lambda_0b5a4a3e68152e1d9b943535f5f47bed>@@@?$__crt_seh_guarded_call@X@@QAEX$$QAV<lambda_51b6e8b1eb166f2a3faf91f424b38130>@@AAV<lambda_6250bd4b2a391816dd638c3bf72b0bcb>@@$$QAV<lambda_0b5a4a3e68152e1d9b943535f5f47bed>@@@Z 1002ccf8     libucrt:per_thread_data.obj
 0002:00007d18       __sehtable$??$?RV<lambda_5b71d36f03204c0beab531769a5b5694>@@AAV<lambda_be2b3da3f62db62e9dad5dc70221a656>@@V<lambda_8f9ce462984622f9bf76b59e2aaaf805>@@@?$__crt_seh_guarded_call@X@@QAEX$$QAV<lambda_5b71d36f03204c0beab531769a5b5694>@@AAV<lambda_be2b3da3f62db62e9dad5dc70221a656>@@$$QAV<lambda_8f9ce462984622f9bf76b59e2aaaf805>@@@Z 1002cd18     libucrt:per_thread_data.obj
 0002:00007d38       __sehtable$___acrt_uninitialize_locale 1002cd38     libucrt:wsetlocale.obj
 0002:00007d58       __sehtable$___acrt_initialize_lowio 1002cd58     libucrt:ioinit.obj
 0002:00007d78       __sehtable$___acrt_update_thread_multibyte_data 1002cd78     libucrt:mbctype.obj
 0002:00007d98       __sehtable$??$?RV<lambda_978dc153c237d78434369da87b74ff60>@@AAV<lambda_ad1ced32f4ac17aa236e5ef05d6b3b7c>@@V<lambda_4a8533e2866a575feecb8298ce776b0d>@@@?$__crt_seh_guarded_call@X@@QAEX$$QAV<lambda_978dc153c237d78434369da87b74ff60>@@AAV<lambda_ad1ced32f4ac17aa236e5ef05d6b3b7c>@@$$QAV<lambda_4a8533e2866a575feecb8298ce776b0d>@@@Z 1002cd98     libucrt:mbctype.obj
 0002:00007db8       __sehtable$__query_new_handler 1002cdb8     libucrt:new_handler.obj
 0002:00007dd8       __sehtable$_raise          1002cdd8     libucrt:signal.obj
 0002:00007df8       __sehtable$??$?RV<lambda_a048d3beccc847880fc8490e18b82769>@@AAV<lambda_ec61778202f4f5fc7e7711acc23c3bca>@@V<lambda_f7496a158712204296dd6628a163878e>@@@?$__crt_seh_guarded_call@P6AXH@Z@@QAEP6AXH@Z$$QAV<lambda_a048d3beccc847880fc8490e18b82769>@@AAV<lambda_ec61778202f4f5fc7e7711acc23c3bca>@@$$QAV<lambda_f7496a158712204296dd6628a163878e>@@@Z 1002cdf8     libucrt:signal.obj
 0002:00007e18       __sehtable$___acrt_update_thread_locale_data 1002ce18     libucrt:locale_refcounting.obj
 0002:00007e38       __sehtable$__fcloseall     1002ce38     libucrt:closeall.obj
 0002:00007e58       __sehtable$_common_flush_all 1002ce58     libucrt:fflush.obj
 0002:00007e80       __sehtable$___acrt_lowio_ensure_fh_exists 1002ce80     libucrt:osfinfo.obj
 0002:00007ea0       __sehtable$__write         1002cea0     libucrt:write.obj
 0002:00007ec0       __sehtable$_fclose         1002cec0     libucrt:fclose.obj
 0002:00007ee0       __sehtable$??$?RV<lambda_61cee617f5178ae960314fd4d05640a0>@@AAV<lambda_6978c1fb23f02e42e1d9e99668cc68aa>@@V<lambda_9cd88cf8ad10232537feb2133f08c833>@@@?$__crt_seh_guarded_call@H@@QAEH$$QAV<lambda_61cee617f5178ae960314fd4d05640a0>@@AAV<lambda_6978c1fb23f02e42e1d9e99668cc68aa>@@$$QAV<lambda_9cd88cf8ad10232537feb2133f08c833>@@@Z 1002cee0     libucrt:commit.obj
 0002:00007f00       __sehtable$??$?RV<lambda_123407a5e2ac06da108355a851863b7a>@@AAV<lambda_2fe9b910cf3cbf4a0ab98a02ba45b3ec>@@V<lambda_ae55bdf541ad94d75914d381c370e64d>@@@?$__crt_seh_guarded_call@H@@QAEH$$QAV<lambda_123407a5e2ac06da108355a851863b7a>@@AAV<lambda_2fe9b910cf3cbf4a0ab98a02ba45b3ec>@@$$QAV<lambda_ae55bdf541ad94d75914d381c370e64d>@@@Z 1002cf00     libucrt:close.obj
 0002:00007f20       __sehtable$__IsNonwritableInCurrentImage 1002cf20     LIBCMT:pesect.obj
 0002:00007f40       .edata                     1002cf40     ConEmuTh.exp
 0002:00007f68       rgpv                       1002cf68     ConEmuTh.exp
 0002:00007f9c       rgszName                   1002cf9c     ConEmuTh.exp
 0002:00007fd0       rgwOrd                     1002cfd0     ConEmuTh.exp
 0002:00007fea       szName                     1002cfea     ConEmuTh.exp
 0002:00007ff7       $N00001                    1002cff7     ConEmuTh.exp
 0002:00008006       $N00002                    1002d006     ConEmuTh.exp
 0002:0000800c       $N00003                    1002d00c     ConEmuTh.exp
 0002:00008014       $N00004                    1002d014     ConEmuTh.exp
 0002:0000801d       $N00005                    1002d01d     ConEmuTh.exp
 0002:0000802c       $N00006                    1002d02c     ConEmuTh.exp
 0002:0000803d       $N00007                    1002d03d     ConEmuTh.exp
 0002:0000804f       $N00008                    1002d04f     ConEmuTh.exp
 0002:0000805d       $N00009                    1002d05d     ConEmuTh.exp
 0002:00008068       $N00010                    1002d068     ConEmuTh.exp
 0002:00008074       $N00011                    1002d074     ConEmuTh.exp
 0002:00008089       $N00012                    1002d089     ConEmuTh.exp
 0002:00008098       $N00013                    1002d098     ConEmuTh.exp
 0002:000084b2       .idata$6                   1002d4b2     version:VERSION.dll
 0002:00008800       .idata$6                   1002d800     kernel32:KERNEL32.dll
 0002:00008a7e       .idata$6                   1002da7e     user32:USER32.dll
 0002:00008bd0       .idata$6                   1002dbd0     gdi32:GDI32.dll
 0002:00008c30       .idata$6                   1002dc30     advapi32:ADVAPI32.dll
 0002:00008c50       .idata$6                   1002dc50     shell32:SHELL32.dll
 0002:00008c80       .idata$6                   1002dc80     ole32:ole32.dll
 0003:000000b0       ?__vcrt_flsindex@@3KA      1002f0b0     libvcruntime:per_thread_data.obj
 0003:000000d0       _errno_no_memory           1002f0d0     libucrt:errno.obj
 0003:000000d4       _doserrno_no_memory        1002f0d4     libucrt:errno.obj
 0003:000000e0       ___acrt_flsindex           1002f0e0     libucrt:per_thread_data.obj
 0003:00000258       ___rgctypeflag             1002f258     libucrt:mbctype.obj
 0003:00000260       ___rgcode_page_info        1002f260     libucrt:mbctype.obj
 0003:00021990       ?sbInClearing@?1??ProcessConsoleInput@@YAHHPAU_INPUT_RECORD@@KPAK@Z@4_NA 10050990     ConEmuTh.obj
 0003:000219ac       ?szMenu@?1??GetPluginInfoW1900@@YAXPAX@Z@4PAPA_WA 100509ac     ConEmuTh1900.obj
 0003:000219b0       ?szMenu1@?1??GetPluginInfoW1900@@YAXPAX@Z@4PA_WA 100509b0     ConEmuTh1900.obj
 0003:00021bb8       ?szMenu@?1??GetPluginInfoW2800@@YAXPAX@Z@4PAPA_WA 10050bb8     ConEmuTh2800.obj
 0003:00021bc0       ?szMenu1@?1??GetPluginInfoW2800@@YAXPAX@Z@4PA_WA 10050bc0     ConEmuTh2800.obj
 0003:00021dc8       ?gszRootKeyW995@@3PA_WA    10050dc8     ConEmuTh995.obj
 0003:00021dcc       ?szMenu@?1??GetPluginInfoW995@@YAXPAX@Z@4PAPA_WA 10050dcc     ConEmuTh995.obj
 0003:00021dd0       ?szMenu1@?1??GetPluginInfoW995@@YAXPAX@Z@4PA_WA 10050dd0     ConEmuTh995.obj
 0003:00021fd8       ?gszRootKeyA@@3PA_WA       10050fd8     ConEmuThA.obj
 0003:00021fdc       ?szMenu@?1??GetPluginInfo@@9@4@4PAPADA 10050fdc     ConEmuThA.obj
 0003:00021fe0       ?szMenu1@?1??GetPluginInfo@@9@4@4PADA 10050fe0     ConEmuThA.obj
 0003:000220fc       ?hClass@@3GA               100510fc     Display.obj
 0003:0002210c       ?gHeapInit@?A0x333b15f0@@3U?$atomic@H@std@@A 1005110c     common-kernel32:Memory.obj
 0003:00022110       ?gHeapCounter@?A0x333b15f0@@3U?$atomic@H@std@@A 10051110     common-kernel32:Memory.obj
 0003:00022130       ?szFile@?1??ModuleName@@YAPB_WPB_W@Z@4PA_WA 10051130     common-kernel32:ConEmuCheck.obj
 0003:00022170       ?terminalMode@?1??isTerminalMode@@YA_NXZ@4_NA 10051170     common-kernel32:MProcess.obj
 0003:00022171       ?terminalChecked@?1??isTerminalMode@@YA_NXZ@4_NA 10051171     common-kernel32:MProcess.obj
 0003:0002217c       ?gh_UnknownTerminatedThread@@3PAXA 1005117c     common-kernel32:WThreads.obj
 0003:00022180       ?g_Threads@@3PAUConEmuThreadInfo@@A 10051180     common-kernel32:WThreads.obj
 0003:00029984       ?rtlVerifyVersionInfo@?1??_VerifyVersionInfo@@YA_NPAU_OSVERSIONINFOEXW@@K_K@Z@4P6GH0K1@ZA 10058984     common-kernel32:WObjects.obj
 0003:00029988       ?hasRtl@?1??_VerifyVersionInfo@@YA_NPAU_OSVERSIONINFOEXW@@K_K@Z@4HA 10058988     common-kernel32:WObjects.obj
 0003:0002998c       ?ibIsWin7@?1??IsWin7@@YA_NXZ@4HA 1005898c     common-kernel32:WObjects.obj
 0003:00029990       ?is64bitOs@?1??IsWindows64@@YA_NXZ@4_NA 10058990     common-kernel32:WObjects.obj
 0003:00029991       ?isOsChecked@?1??IsWindows64@@YA_NXZ@4_NA 10058991     common-kernel32:WObjects.obj
 0003:00029992       ?gbInTransparentAssert@@3_NA 10058992     common-user32:RgnDetect.obj
 0003:00029994       ?__proc_attached@@3HA      10058994     LIBCMT:dll_dllmain.obj
 0003:00029998       _GS_ExceptionRecord        10058998     LIBCMT:gs_report.obj
 0003:000299e8       _GS_ContextRecord          100589e8     LIBCMT:gs_report.obj
 0003:00029cd0       ?is_initialized_as_dll@@3_NA 10058cd0     LIBCMT:utility.obj
 0003:00029cd1       ?module_local_atexit_table_initialized@@3_NA 10058cd1     LIBCMT:utility.obj
 0003:00029cd4       ?module_local_atexit_table@@3U_onexit_table_t@@A 10058cd4     LIBCMT:utility.obj
 0003:00029ce0       ?module_local_at_quick_exit_table@@3U_onexit_table_t@@A 10058ce0     LIBCMT:utility.obj
 0003:00029cf8       ?__vcrt_startup_thread_ptd@@3U__vcrt_ptd@@A 10058cf8     libvcruntime:per_thread_data.obj
 0003:00029d48       ?heap@@3V_HeapManager@@A   10058d48     libvcruntime:undname.obj
 0003:00029d5c       ___vcrt_lock_table         10058d5c     libvcruntime:locks.obj
 0003:00029d74       ___vcrt_locks_initialized  10058d74     libvcruntime:locks.obj
 0003:00029d78       ?module_handles@@3PAPAUHINSTANCE__@@A 10058d78     libvcruntime:winapi_downlevel.obj
 0003:00029d84       ?encoded_function_pointers@@3PAPAXA 10058d84     libvcruntime:winapi_downlevel.obj
 0003:00029da0       ___acrt_invalid_parameter_handler 10058da0     libucrt:invalid_parameter.obj
 0003:00029da4       _c_termination_complete    10058da4     libucrt:exit.obj
 0003:00029da8       _thread_local_exit_callback_func 10058da8     libucrt:exit.obj
 0003:00029dac       ?c_exit_complete@?5??common_exit@@YAXHW4_crt_exit_cleanup_mode@@W4_crt_exit_return_mode@@@Z@4_NA 10058dac     libucrt:exit.obj
 0003:00029db0       ?program_name@?5???$common_configure_argv@D@@YAHW4_crt_argv_mode@@@Z@4PADA 10058db0     libucrt:argv_parsing.obj
 0003:00029ee8       _enable_percent_n          10058ee8     libucrt:printf_count_output.obj
 0003:0002a108       ___acrt_lock_table         10059108     libucrt:locks.obj
 0003:0002a240       ___acrt_locks_initialized  10059240     libucrt:locks.obj
 0003:0002a248       _module_handles            10059248     libucrt:winapi_thunks.obj
 0003:0002a298       _encoded_function_pointers 10059298     libucrt:winapi_thunks.obj
 0003:0002a318       ?state_cache@?1??__acrt_is_packaged_app@@9@4JA 10059318     libucrt:winapi_thunks.obj
 0003:0002a334       _fSystemSet                10059334     libucrt:mbctype.obj
 0003:0002a338       ?initialized@?1??__acrt_initialize_multibyte@@9@4_NA 10059338     libucrt:mbctype.obj
 0003:0002a358       ___acrt_new_handler        10059358     libucrt:new_handler.obj
 0003:0002a35c       _ctrlc_action              1005935c     libucrt:signal.obj
 0003:0002a360       _ctrlbreak_action          10059360     libucrt:signal.obj
 0003:0002a364       _abort_action              10059364     libucrt:signal.obj
 0003:0002a368       _term_action               10059368     libucrt:signal.obj
 0003:0002a36c       _user_matherr              1005936c     libucrt:matherr.obj
 0003:0002a370       ___acrt_global_new_mode    10059370     libucrt:new_mode.obj
 0003:0002a37c       ___acrt_app_type           1005937c     libucrt:report_runtime_error.obj
 0003:0002a384       __pmatherr_set             10059384     libucrt:libm_error.obj
 0004:00000130       $R000000                   1005a130     ConEmuTh.res
 0004:00000448       $R000318                   1005a448     ConEmuTh.res
 0004:000014f0       $R0013C0                   1005b4f0     ConEmuTh.res
 0004:00001508       $R0013D8                   1005b508     ConEmuTh.res
